=== 21:19:54 tree=/workspace/src sha=ff52e47 cmd: /workspace/venv312/bin/python -m backends.direct.ligero.run --relation fp8-ada-v3x4 bench-vu --zk --mode interactive --reps 3 --device cuda --instances-cache /workspace/instances-cache --total-vus 4096 --batch 16384 --pipeline 2 --out /workspace/results/ab0_fu_v3x4_p2_16k.json --dump-dir /workspace/dumps/ab0_fu_v3x4_p2_16k --dump-reps 1
fp8-ada-v3x4 census: {"rows_per_unit": 7090, "bit_rows": 583, "selector_rows": 120, "hint_rows": 5949, "pin_rows": 86, "product_rows": 77, "inverse_rows": 275, "linear_constraints": 510, "quadratic_constraints": 10036, "chain": true}
4096 synthetic VUs (recorded accumulators) in 0.4s
config Config(l=16384, n=65536, D=6, t=194, target_log2=-128.0, zk=True, t_pad=256, mode='interactive'); layout Layout(l=16384, n_vus=1365, steps=12); zk True, mode interactive; system {'rows': 7090, 'by_kind': {'hint': 5949, 'bit': 583, 'inv': 275, 'prod': 77, 'pin': 86, 'sel': 120}, 'linear': 510, 'quadratic': 10036, 'pins': 86, 'hints': 5949}; 4096 VUs as 4 sub-batches of <= 1365
warm-up (one sub-batch, with the prover's self-check): {'statement': 0.001, 'hints_host': 649.5, 'witness': 0.066, 'self_check': 3.203, 'zk_masks': 0.049, 'encode': 0.009, 'transfer': 0.002, 'merkle': 0.009, 'tests_w': 1.387, 'tests_quad': 0.0, 'tests_chain': 0.0, 'openings': 0.015, 'tests': 1.387, 'total': 4.744}
rep 1: prover 0.606s (+hints 0.012s) over 4 proofs; verifier 0.230s; pass wall 1.117s (0.151 ms/VU)
rep 2: prover 0.160s (+hints 0.005s) over 4 proofs; verifier 0.253s; pass wall 0.419s (0.040 ms/VU)
rep 3: prover 0.159s (+hints 0.005s) over 4 proofs; verifier 0.258s; pass wall 0.422s (0.040 ms/VU)
dumped 4 proofs to /workspace/dumps/ab0_fu_v3x4_p2_16k
dumps: 4/4 accepted cold from bytes by the Python file verifier in 0.29s; batch verdict per rep: ['accept: all 4 sub-batches accepted; union bound 2^-128.67 <= 2^-128']
{
 "relation": "fp8-ada-v3x4",
 "seconds_per_vu": 4.0416183992419974e-05,
 "prover_total": 0.1655446896329522,
 "verifier": 0.25262738298624754,
 "bytes": {
  "root": 128,
  "w": 1597440,
  "h": 1621920,
  "cols": 3104,
  "opened_columns": 22119104,
  "merkle_paths": 397312,
  "q_chain": 3170208,
  "v_linear": 1597440,
  "coin_commitments_and_openings": 768,
  "auth_multiproofs": 0,
  "total": 30507424
 },
 "n_proofs": 4,
 "per_proof_vus": 1365,
 "t": 194,
 "zk": true,
 "k": 16640,
 "peak_device_bytes": 10062564864,
 "soundness_log2": -128.6726794982701,
 "per_proof_log2": -130.6726794982701,
 "rows": 7090,
 "medians": {
  "statement": 0.00016428030209317455,
  "hints_host": 0.005259274786405955,
  "witness": 0.0046197533262479565,
  "zk_masks": 2.5776371611014657e-05,
  "encode": 0.06387138066099585,
  "transfer": 4.839367611019201e-06,
  "merkle": 4.686610379664081e-06,
  "tests_w": 0.08810344759935934,
  "tests_quad": 4.843315759501075e-06,
  "tests_chain": 4.2729319975796155e-06,
  "openings": 0.003719111451613754,
  "tests": 0.08811253720247902,
  "total": 0.16028541484654626,
  "measured_statement": 0.00026659199967980383,
  "measured_hints_host": 0.008931519865989685,
  "measured_witness": 0.0077363201379776,
  "measured_zk_masks": 4.086400009691715e-05,
  "measured_encode": 0.1108331184387207,
  "measured_transfer": 7.744000060483813e-06,
  "measured_merkle": 7.455999962985515e-06,
  "measured_tests_w": 0.1592119026184082,
  "measured_tests_quad": 8.1279999576509e-06,
  "measured_tests_chain": 7.008000044152141e-06,
  "measured_openings": 0.006374527931213379,
  "measured_total": 0.290175896435976
 },
 "dumps": {
  "verifier": "python (backends.direct.ligero.serialize.verify_files; shares code with the prover: a self-check)",
  "independent": false,
  "statement_format": "ligero-statement/v4",
  "accepted": 4,
  "total": 4,
  "batch": {
   "1": {
    "n_subbatches": 4,
    "target_bits": 128.0,
    "batch_log2": -128.6726794982701,
    "per_proof_log2": [
     -130.6726794982701,
     -130.6726794982701,
     -130.6726794982701,
     -130.6726794982701
    ],
    "n_proofs_claimed": [
     4,
     4,
     4,
     4
    ],
    "accepted": true,
    "reason": "accept: all 4 sub-batches accepted; union bound 2^-128.67 <= 2^-128"
   }
  },
  "batch_accepted": true,
  "seconds": 0.2586442166939378,
  "wall": 0.2864696504548192,
  "coins": "the transcript's own coins replayed (file verifier)"
 },
 "validation": "passed"
}
=== 21:31:00 rc=0 wall=666s
