parity: build: the fresh store from the remote alone at 0s
parity: build: manifests (5611) at 5s
parity: build: manifests 3300/5611 (30s)
parity: build: manifests 5377/5611 (60s)
parity: build: attempts (1171) at 62s
parity: build: labels at 68s
parity: build: labels running (90s)
parity: build: labels running (120s)
parity: compare: artifacts, attempts, labels at 125s
parity: replicas: HEAD + ETag, nothing downloaded (5285) at 130s
parity: replicas: HEAD + ETag, nothing downloaded 520/5285 (150s)
parity: replicas: HEAD + ETag, nothing downloaded 973/5285 (180s)
parity: replicas: HEAD + ETag, nothing downloaded 1614/5285 (210s)
parity: replicas: HEAD + ETag, nothing downloaded 2251/5285 (240s)
parity: replicas: HEAD + ETag, nothing downloaded 2783/5285 (270s)
parity: replicas: HEAD + ETag, nothing downloaded 3313/5285 (300s)
parity: replicas: HEAD + ETag, nothing downloaded 3798/5285 (330s)
parity: replicas: HEAD + ETag, nothing downloaded 4161/5285 (360s)
parity: replicas: HEAD + ETag, nothing downloaded 4534/5285 (390s)
parity: replicas: HEAD + ETag, nothing downloaded 4879/5285 (420s)
parity: replicas: HEAD + ETag, nothing downloaded 5256/5285 (450s)
parity: replicas: HEAD + ETag, nothing downloaded 5272/5285 (480s)
parity: replicas: HEAD + ETag, nothing downloaded 5276/5285 (510s)
parity: replicas: HEAD + ETag, nothing downloaded 5279/5285 (540s)
parity: replicas: HEAD + ETag, nothing downloaded 5280/5285 (570s)
parity: replicas: HEAD + ETag, nothing downloaded 5281/5285 (600s)
parity: replicas: HEAD + ETag, nothing downloaded 5281/5285 (630s)
parity: replicas: HEAD + ETag, nothing downloaded 5281/5285 (660s)
parity: replicas: HEAD + ETag, nothing downloaded 5282/5285 (690s)
parity: replicas: HEAD + ETag, nothing downloaded 5284/5285 (720s)
parity: replicas: HEAD + ETag, nothing downloaded 5284/5285 (750s)
parity: replicas: HEAD + ETag, nothing downloaded 5284/5285 (780s)
parity: replicas: HEAD + ETag, nothing downloaded 5284/5285 (810s)
parity: replicas: HEAD + ETag, nothing downloaded 5284/5285 (840s)
parity: replicas: HEAD + ETag, nothing downloaded 5284/5285 (870s)
parity: replicas: HEAD + ETag, nothing downloaded 5284/5285 (900s)
parity: replicas: HEAD + ETag, nothing downloaded 5284/5285 (930s)
parity: replicas: HEAD + ETag, nothing downloaded 5284/5285 (960s)
parity: replicas: HEAD + ETag, nothing downloaded 5284/5285 (990s)
parity: replicas: HEAD + ETag, nothing downloaded 5284/5285 (1020s)
parity: replicas: HEAD + ETag, nothing downloaded 5284/5285 (1050s)
parity: replicas: HEAD + ETag, nothing downloaded 5284/5285 (1080s)
parity: replicas: HEAD + ETag, nothing downloaded 5284/5285 (1110s)
parity: replicas: HEAD + ETag, nothing downloaded 5284/5285 (1140s)
parity: replicas: HEAD + ETag, nothing downloaded 5284/5285 (1170s)
parity: replicas: HEAD + ETag, nothing downloaded 5284/5285 (1200s)
parity: replicas: HEAD + ETag, nothing downloaded 5284/5285 (1230s)
