=== 22:45:07 tree=/workspace/src sha=e57637f cmd: /workspace/venv312/bin/python -m backends.direct.ligero.run --relation fp8-ada-v2x4 bench-vu --zk --mode interactive --reps 3 --device cuda --instances-cache /workspace/instances-cache --total-vus 4096 --batch 16384 --pipeline 4 --out /workspace/results2/d_fu_v2x4_p4_16k.json --dump-dir /workspace/dumps2/d_fu_v2x4_p4_16k --dump-reps 1
fp8-ada-v2x4 census: {"rows_per_unit": 1255, "bit_rows": 498, "selector_rows": 0, "hint_rows": 541, "pin_rows": 128, "product_rows": 77, "inverse_rows": 11, "linear_constraints": 193, "quadratic_constraints": 1871, "chain": true}
4096 synthetic VUs (recorded accumulators) in 0.3s
config Config(l=16384, n=65536, D=6, t=194, target_log2=-128.0, zk=True, t_pad=256, mode='interactive'); layout Layout(l=16384, n_vus=1365, steps=12); zk True, mode interactive; system {'rows': 1255, 'by_kind': {'hint': 541, 'bit': 498, 'inv': 11, 'prod': 77, 'pin': 128}, 'linear': 193, 'quadratic': 1871, 'pins': 128, 'hints': 541}; 4096 VUs as 4 sub-batches of <= 1365
warm-up (one sub-batch, with the prover's self-check): {'statement': 0.001, 'hints_host': 0.035, 'witness': 0.016, 'self_check': 3.099, 'zk_masks': 0.012, 'encode': 0.002, 'transfer': 0.0, 'merkle': 0.005, 'tests_w': 1.2, 'tests_quad': 0.0, 'tests_chain': 0.0, 'openings': 0.006, 'tests': 1.2, 'total': 4.341}
rep 1: prover 0.092s (+hints 0.002s) over 4 proofs; verifier 0.215s; pass wall 0.370s (0.023 ms/VU)
rep 2: prover 0.067s (+hints 0.002s) over 4 proofs; verifier 0.195s; pass wall 0.265s (0.017 ms/VU)
rep 3: prover 0.068s (+hints 0.001s) over 4 proofs; verifier 0.199s; pass wall 0.271s (0.017 ms/VU)
dumped 4 proofs to /workspace/dumps2/d_fu_v2x4_p4_16k
dumps: 4/4 accepted cold from bytes by the Python file verifier in 0.24s; batch verdict per rep: ['accept: all 4 sub-batches accepted; union bound 2^-128.67 <= 2^-128']
{
 "relation": "fp8-ada-v2x4",
 "seconds_per_vu": 1.7106866927890998e-05,
 "prover_total": 0.07006972693664153,
 "verifier": 0.19946270994842052,
 "bytes": {
  "root": 128,
  "w": 1597440,
  "h": 1621920,
  "cols": 3104,
  "opened_columns": 4007264,
  "merkle_paths": 397312,
  "q_chain": 3170208,
  "v_linear": 1597440,
  "coin_commitments_and_openings": 768,
  "auth_multiproofs": 0,
  "total": 12395584
 },
 "n_proofs": 4,
 "per_proof_vus": 1365,
 "t": 194,
 "zk": true,
 "k": 16640,
 "peak_device_bytes": 2991549440,
 "soundness_log2": -128.6726794982701,
 "per_proof_log2": -130.6726794982701,
 "rows": 1255,
 "medians": {
  "statement": 9.502115844602217e-05,
  "hints_host": 0.0020513194537578024,
  "witness": 0.0015806863573054283,
  "zk_masks": 2.807272496842455e-05,
  "encode": 0.010449001058154559,
  "transfer": 3.7881999746747415e-06,
  "merkle": 3.921841220009295e-06,
  "tests_w": 0.054594260026168004,
  "tests_quad": 3.331208186377379e-06,
  "tests_chain": 2.9352066812112003e-06,
  "openings": 0.001955430050653031,
  "tests": 0.05460009453300698,
  "total": 0.06801840748288372,
  "measured_statement": 0.00023481599241495133,
  "measured_hints_host": 0.005452160090208054,
  "measured_witness": 0.00465817591547966,
  "measured_zk_masks": 7.46560012921691e-05,
  "measured_encode": 0.029227679967880248,
  "measured_transfer": 8.76800005789846e-06,
  "measured_merkle": 8.800000068731606e-06,
  "measured_tests_w": 0.15296067237854002,
  "measured_tests_quad": 8.191999979317189e-06,
  "measured_tests_chain": 7.23200011998415e-06,
  "measured_openings": 0.0053524160385131836,
  "measured_total": 0.19256125655025247
 },
 "dumps": {
  "verifier": "python (backends.direct.ligero.serialize.verify_files; shares code with the prover: a self-check)",
  "independent": false,
  "statement_format": "ligero-statement/v4",
  "accepted": 4,
  "total": 4,
  "batch": {
   "1": {
    "n_subbatches": 4,
    "target_bits": 128.0,
    "batch_log2": -128.6726794982701,
    "per_proof_log2": [
     -130.6726794982701,
     -130.6726794982701,
     -130.6726794982701,
     -130.6726794982701
    ],
    "n_proofs_claimed": [
     4,
     4,
     4,
     4
    ],
    "accepted": true,
    "reason": "accept: all 4 sub-batches accepted; union bound 2^-128.67 <= 2^-128"
   }
  },
  "batch_accepted": true,
  "seconds": 0.22009533178061247,
  "wall": 0.2436641864478588,
  "coins": "the transcript's own coins replayed (file verifier)"
 },
 "validation": "passed"
}
=== 22:45:21 rc=0 wall=14s
