fp8-ada census: {"rows_per_unit": 6210, "bit_rows": 2474, "selector_rows": 640, "hint_rows": 881, "pin_rows": 17, "product_rows": 2069, "inverse_rows": 129, "linear_constraints": 606, "quadratic_constraints": 6020, "chain": true}
fp8-ada hashed (included-hash, sharing none): {"rows_base": 3769, "rows_private_operands": 704, "rows_hash": 1720, "rows_digest_pins": 17, "rows_total": 6210, "rows_added": 2441, "linear_added": 17, "quadratic_added": 2488, "hints_added": 720, "permutations_per_unit": 2, "sbox_rows_per_permutation": 852, "linked_rows": 19, "word_bits": 8, "k": 32}
4096 synthetic VUs (model-recorded accumulators) in 0.5s
committed: x tree 4096 rows, W tree 4096 columns, y tree 4096 words (leaf/v2h Poseidon2 + SHA-256) in 5.3s (row sponges on cuda: 1.39s); roots a=c8c8746a6a85ecd9 b=886cef1f1c67e3ee
config Config(l=16384, n=65536, D=6, t=196, target_log2=-128.0, zk=True, t_pad=256, mode='interactive'); layout Layout(l=16384, n_vus=341, steps=48); zk True, mode interactive; system {'rows': 6210, 'by_kind': {'hint': 881, 'bit': 2474, 'prod': 2069, 'inv': 129, 'sel': 640, 'pin': 17}, 'linear': 606, 'quadratic': 6020, 'pins': 17, 'hints': 881}; 4096 VUs as 13 sub-batches of <= 341
warm-up (one sub-batch, with the prover's self-check): {'statement': 0.001, 'witness': 0.175, 'self_check': 3.48, 'zk_masks': 0.021, 'encode': 0.008, 'transfer': 0.0, 'merkle': 0.073, 'tests_w': 2.029, 'tests_quad': 0.0, 'tests_chain': 0.0, 'openings': 0.094, 'tests': 2.029, 'total': 5.884, 'auth_openings': 0.007, 'hints_host': 0.341}
rep 1: prover 4.562s (+hints 0.182s) over 13 proofs; verifier 0.813s; pass wall 7.055s (1.158 ms/VU)
rep 2: prover 0.597s (+hints 0.145s) over 13 proofs; verifier 0.813s; pass wall 3.193s (0.181 ms/VU)
rep 3: prover 0.599s (+hints 0.165s) over 13 proofs; verifier 0.817s; pass wall 3.285s (0.187 ms/VU)
dumped 13 proofs to /workspace/merge_dump_hash_v3
dumps: 13/13 accepted cold from bytes by the Python file verifier in 0.87s; batch verdict per rep: ['accept: all 13 sub-batches accepted; union bound 2^-128.32 <= 2^-128']
{
 "relation": "fp8-ada",
 "seconds_per_vu": 0.00018656443080544705,
 "prover_total": 0.7641679085791111,
 "verifier": 0.8130657663568854,
 "bytes": {
  "root": 416,
  "w": 5191680,
  "h": 5271240,
  "cols": 10192,
  "opened_columns": 63659232,
  "merkle_paths": 1304576,
  "q_chain": 10303176,
  "v_linear": 5191680,
  "coin_commitments_and_openings": 2496,
  "auth_multiproofs": 0,
  "total": 90934688
 },
 "n_proofs": 13,
 "per_proof_vus": 341,
 "t": 196,
 "zk": true,
 "k": 16640,
 "peak_device_bytes": 10913128448,
 "soundness_log2": -128.31938080587952,
 "per_proof_log2": -132.01982052402082,
 "rows": 6210,
 "medians": {
  "statement": 0.0009101119935512543,
  "witness": 0.014174271821975708,
  "zk_masks": 0.0008722879786510022,
  "encode": 0.1374449920654297,
  "transfer": 1.8816000258084384e-05,
  "merkle": 0.06835084724426269,
  "tests_w": 0.3561186542510987,
  "tests_quad": 0.00017897600110154598,
  "tests_chain": 0.00013651200011372566,
  "openings": 0.012913471996784212,
  "tests": 0.35644351825118065,
  "total": 0.5988948685117066,
  "auth_openings": 0.0037393667735159397,
  "hints_host": 0.1652730400674045
 },
 "dumps": {
  "verifier": "python (backends.direct.ligero.serialize.verify_files; shares code with the prover: a self-check)",
  "independent": false,
  "statement_format": "ligero-statement/v5",
  "accepted": 13,
  "total": 13,
  "batch": {
   "1": {
    "n_subbatches": 13,
    "target_bits": 128.0,
    "batch_log2": -128.31938080587972,
    "per_proof_log2": [
     -132.01982052402082,
     -132.01982052402082,
     -132.01982052402082,
     -132.01982052402082,
     -132.01982052402082,
     -132.01982052402082,
     -132.01982052402082,
     -132.01982052402082,
     -132.01982052402082,
     -132.01982052402082,
     -132.01982052402082,
     -132.01982052402082,
     -132.01982052402082
    ],
    "n_proofs_claimed": [
     13,
     13,
     13,
     13,
     13,
     13,
     13,
     13,
     13,
     13,
     13,
     13,
     13
    ],
    "accepted": true,
    "reason": "accept: all 13 sub-batches accepted; union bound 2^-128.32 <= 2^-128"
   }
  },
  "batch_accepted": true,
  "seconds": 0.7912358352914453,
  "wall": 0.8707918161526322,
  "coins": "the transcript's own coins replayed (file verifier)"
 },
 "validation": "passed"
}
