tree /workspace/l40s/fix @ 7d8a11e444c3b14eb1f83ed1d19fb95a4fa76163 vs shipped: 0 differing entries
NVIDIA L40S, 580.126.09, 8.9
Cuda compilation tools, release 12.4, V12.4.131
Build cuda_12.4.r12.4/compiler.34097967_0
probe main vs fix: 2 changed lines
nvcc fix rc=0
nvcc main rc=0
ex2 xz 7b3249116f9ca84455389f3a9b116da2be327646fb4b544369314ee168b79d88 u32 b2a42c4a626469c986e33e43f16f41bde9d84de94347cd9ceaa1bd68d36bcdf0
rcp xz 291d1c9cc1beed5152e3805c279aa0b34d9d15cbe7ece084c6237ca5d44e7ebc u32 c408381446132e07fa5581e930dc33fb790bea7ec4276ef3621e322df2492a55
verify fix rc=0 {"inputs": 4294967296, "frac_mode": 4, "ex2_mismatches": 0, "rcp_mismatches": 0, "nan_out_ex2": "7fffffff", "nan_out_rcp": "7fffffff",
 "ex2_mismatch_hist": {},
verify main rc=0 {"inputs": 4294967296, "frac_mode": 4, "ex2_mismatches": 0, "rcp_mismatches": 0, "nan_out_ex2": "7fffffff", "nan_out_rcp": "7fffffff",
 "ex2_mismatch_hist": {},
table rc=0
ex2 pinned b2a42c4a626469c986e33e43f16f41bde9d84de94347cd9ceaa1bd68d36bcdf0 l40s b2a42c4a626469c986e33e43f16f41bde9d84de94347cd9ceaa1bd68d36bcdf0 differing 0
rcp pinned c408381446132e07fa5581e930dc33fb790bea7ec4276ef3621e322df2492a55 l40s c408381446132e07fa5581e930dc33fb790bea7ec4276ef3621e322df2492a55 differing 0
probe fix rc=0
1c447350 (6.49999979e-22) hw=3f800000 model=3f800000 
1f800000 (5.42101086e-20) hw=3f800000 model=3f800000 
9f800000 (-5.42101086e-20) hw=3f800000 model=3f800000 
14000000 (6.46234854e-27) hw=3f800000 model=3f800000 
94000000 (-6.46234854e-27) hw=3f800000 model=3f800000 
1fffffff (1.08420211e-19) hw=3f800000 model=3f800000 
9fffffff (-1.08420211e-19) hw=3f800000 model=3f800000 
13ffffff (6.46234815e-27) hw=3f800000 model=3f800000 
20000000 (1.08420217e-19) hw=3f800000 model=3f800000 
33800000 (5.96046448e-08) hw=3f800000 model=3f800000 
b3800000 (-5.96046448e-08) hw=3f800000 model=3f800000 
34000000 (1.1920929e-07) hw=3f800001 model=3f800001 
b4000000 (-1.1920929e-07) hw=3f7ffffe model=3f7ffffe 
3f800000 (1) hw=40000000 model=40000000 
bf800000 (-1) hw=3f000000 model=3f000000 
probe main rc=0
1c447350 (6.49999979e-22) hw=3f800000 model=3f800000 
1f800000 (5.42101086e-20) hw=3f800000 model=3f800000 
9f800000 (-5.42101086e-20) hw=3f800000 model=3f800000 
14000000 (6.46234854e-27) hw=3f800000 model=3f800000 
94000000 (-6.46234854e-27) hw=3f800000 model=3f800000 
1fffffff (1.08420211e-19) hw=3f800000 model=3f800000 
9fffffff (-1.08420211e-19) hw=3f800000 model=3f800000 
13ffffff (6.46234815e-27) hw=3f800000 model=3f800000 
20000000 (1.08420217e-19) hw=3f800000 model=3f800000 
33800000 (5.96046448e-08) hw=3f800000 model=3f800000 
b3800000 (-5.96046448e-08) hw=3f800000 model=3f800000 
34000000 (1.1920929e-07) hw=3f800001 model=3f800001 
b4000000 (-1.1920929e-07) hw=3f7ffffe model=3f7ffffe 
3f800000 (1) hw=40000000 model=40000000 
bf800000 (-1) hw=3f000000 model=3f000000 
EX2-L40S-DONE 2026-09-27T09:18:36Z
