fp8-ada census: {"rows_per_unit": 6210, "bit_rows": 2474, "selector_rows": 640, "hint_rows": 881, "pin_rows": 17, "product_rows": 2069, "inverse_rows": 129, "linear_constraints": 606, "quadratic_constraints": 6020, "chain": true}
fp8-ada hashed (included-hash, sharing none): {"rows_base": 3769, "rows_private_operands": 704, "rows_hash": 1720, "rows_digest_pins": 17, "rows_total": 6210, "rows_added": 2441, "linear_added": 17, "quadratic_added": 2488, "hints_added": 720, "permutations_per_unit": 2, "sbox_rows_per_permutation": 852, "linked_rows": 19, "word_bits": 8, "k": 32}
4096 synthetic VUs (recorded accumulators) in 0.2s
committed: x tree 4096 rows, W tree 4096 columns, y tree 4096 words (leaf/v2h Poseidon2 + SHA-256) in 2.3s (row sponges on cuda: 0.41s); roots a=c8c8746a6a85ecd9 b=886cef1f1c67e3ee
config Config(l=16384, n=65536, D=6, t=196, target_log2=-128.0, zk=True, t_pad=256, mode='interactive'); layout Layout(l=16384, n_vus=341, steps=48); zk True, mode interactive; system {'rows': 6210, 'by_kind': {'hint': 881, 'bit': 2474, 'prod': 2069, 'inv': 129, 'sel': 640, 'pin': 17}, 'linear': 606, 'quadratic': 6020, 'pins': 17, 'hints': 881}; 4096 VUs as 13 sub-batches of <= 341
warm-up (one sub-batch, with the prover's self-check): {'statement': 0.0, 'witness': 0.034, 'self_check': 1.612, 'zk_masks': 0.006, 'encode': 0.007, 'transfer': 0.0, 'merkle': 0.006, 'tests_w': 0.667, 'tests_quad': 0.0, 'tests_chain': 0.0, 'openings': 0.008, 'tests': 0.667, 'total': 2.342, 'auth_openings': 0.004, 'hints_host': 0.162}
rep 1: prover 1.153s (+hints 0.070s) over 13 proofs; verifier 0.497s; pass wall 2.814s (0.299 ms/VU)
rep 2: prover 0.487s (+hints 0.062s) over 13 proofs; verifier 0.493s; pass wall 2.066s (0.134 ms/VU)
rep 3: prover 0.487s (+hints 0.062s) over 13 proofs; verifier 0.492s; pass wall 2.085s (0.134 ms/VU)
dumped 13 proofs to /workspace/t0b/hash_after/dump
dumps: 13/13 accepted cold from bytes by the Python file verifier in 0.53s; batch verdict per rep: ['accept: all 13 sub-batches accepted; union bound 2^-128.32 <= 2^-128']
{
 "relation": "fp8-ada",
 "seconds_per_vu": 0.00013414397568567438,
 "prover_total": 0.5494537244085222,
 "verifier": 0.4930473056156188,
 "bytes": {
  "root": 416,
  "w": 5191680,
  "h": 5271240,
  "cols": 10192,
  "opened_columns": 63659232,
  "merkle_paths": 1304576,
  "q_chain": 10303176,
  "v_linear": 5191680,
  "coin_commitments_and_openings": 2496,
  "auth_multiproofs": 0,
  "total": 90934688
 },
 "n_proofs": 13,
 "per_proof_vus": 341,
 "t": 196,
 "zk": true,
 "k": 16640,
 "peak_device_bytes": 10942751744,
 "soundness_log2": -128.31938080587952,
 "per_proof_log2": -132.01982052402082,
 "rows": 6210,
 "medians": {
  "statement": 0.0005320959985256195,
  "witness": 0.008312768071889878,
  "zk_masks": 0.001216608005110174,
  "encode": 0.18576742362976076,
  "transfer": 1.731199980713427e-05,
  "merkle": 1.743999985046685e-05,
  "tests_w": 0.2747335338592529,
  "tests_quad": 2.0863999729044733e-05,
  "tests_chain": 1.737599971238524e-05,
  "openings": 0.01028796797990799,
  "tests": 0.27477177385869433,
  "total": 0.486997181084007,
  "auth_openings": 0.0022055506706237793,
  "hints_host": 0.062456543324515224
 },
 "dumps": {
  "verifier": "python (backends.direct.ligero.serialize.verify_files; shares code with the prover: a self-check)",
  "independent": false,
  "statement_format": "ligero-statement/v6",
  "accepted": 13,
  "total": 13,
  "batch": {
   "1": {
    "n_subbatches": 13,
    "target_bits": 128.0,
    "batch_log2": -128.31938080587972,
    "per_proof_log2": [
     -132.01982052402082,
     -132.01982052402082,
     -132.01982052402082,
     -132.01982052402082,
     -132.01982052402082,
     -132.01982052402082,
     -132.01982052402082,
     -132.01982052402082,
     -132.01982052402082,
     -132.01982052402082,
     -132.01982052402082,
     -132.01982052402082,
     -132.01982052402082
    ],
    "n_proofs_claimed": [
     13,
     13,
     13,
     13,
     13,
     13,
     13,
     13,
     13,
     13,
     13,
     13,
     13
    ],
    "accepted": true,
    "reason": "accept: all 13 sub-batches accepted; union bound 2^-128.32 <= 2^-128"
   }
  },
  "batch_accepted": true,
  "seconds": 0.49366370402276516,
  "wall": 0.5296616519335657,
  "coins": "the transcript's own coins replayed (file verifier)"
 },
 "validation": "passed"
}
