
=== [07:45:35] tree
NVIDIA GeForce RTX 4090, 1 MiB

=== [07:45:36] hashed gate fp8-ada (cuda, 2048 honest VUs, l=16384)
fp8-ada hashed chain system: {'rows': 6210, 'by_kind': {'hint': 881, 'bit': 2474, 'prod': 2069, 'inv': 129, 'sel': 640, 'pin': 17}, 'linear': 606, 'quadratic': 6020, 'pins': 17, 'hints': 881} compiled in 2.65s; census {'rows_base': 3769, 'rows_private_operands': 704, 'rows_hash': 1720, 'rows_digest_pins': 17, 'rows_total': 6210, 'rows_added': 2441, 'linear_added': 17, 'quadratic_added': 2488, 'hints_added': 720, 'permutations_per_unit': 2, 'sbox_rows_per_permutation': 852, 'linked_rows': 19, 'word_bits': 8, 'k': 32}; device cuda
fp8-ada hashed vu-k1536 [0, 341): l=16384 prover 6.26s (+hints 0.61s) multiproofs 672 B -> True 
fp8-ada hashed vu-k1536 [341, 682): l=16384 prover 0.15s (+hints 0.02s) multiproofs 1056 B -> True 
fp8-ada hashed vu-k1536 [682, 1023): l=16384 prover 0.15s (+hints 0.02s) multiproofs 672 B -> True 
fp8-ada hashed vu-k1536 [1023, 1364): l=16384 prover 0.15s (+hints 0.02s) multiproofs 1440 B -> True 
fp8-ada hashed vu-k1536 [1364, 1705): l=16384 prover 0.15s (+hints 0.02s) multiproofs 1056 B -> True 
fp8-ada hashed vu-k1536 [1705, 2046): l=16384 prover 0.15s (+hints 0.02s) multiproofs 672 B -> True 
fp8-ada hashed vu-k1536 [2046, 2048): l=256 prover 0.11s (+hints 0.01s) multiproofs 960 B -> True 
  negative row hash.a[3].tinv (inv) +1 in column 58: ACCEPTED (BUG) 
  negative row hash.a[4].tinv (inv) +1 in column 74: ACCEPTED (BUG) 
fp8-ada hashed gate: 7 honest sub-batches, 86 negatives, 2 failures

=== [07:46:01] hashed gate bf16-hopper (cuda, 2048 honest VUs, l=16384)
bf16-hopper hashed vu-k1536 [340, 510): l=16384 prover 0.14s (+hints 0.01s) multiproofs 672 B -> True 
bf16-hopper hashed vu-k1536 [510, 680): l=16384 prover 0.14s (+hints 0.01s) multiproofs 1248 B -> True 
bf16-hopper hashed vu-k1536 [680, 850): l=16384 prover 0.13s (+hints 0.01s) multiproofs 960 B -> True 
bf16-hopper hashed vu-k1536 [850, 1020): l=16384 prover 0.14s (+hints 0.01s) multiproofs 672 B -> True 
bf16-hopper hashed vu-k1536 [1020, 1190): l=16384 prover 0.13s (+hints 0.01s) multiproofs 1344 B -> True 
bf16-hopper hashed vu-k1536 [1190, 1360): l=16384 prover 0.13s (+hints 0.01s) multiproofs 864 B -> True 
bf16-hopper hashed vu-k1536 [1360, 1530): l=16384 prover 0.13s (+hints 0.01s) multiproofs 672 B -> True 
bf16-hopper hashed vu-k1536 [1530, 1700): l=16384 prover 0.14s (+hints 0.01s) multiproofs 1248 B -> True 
bf16-hopper hashed vu-k1536 [1700, 1870): l=16384 prover 0.14s (+hints 0.01s) multiproofs 864 B -> True 
bf16-hopper hashed vu-k1536 [1870, 2040): l=16384 prover 0.14s (+hints 0.01s) multiproofs 768 B -> True 
bf16-hopper hashed vu-k1536 [2040, 2048): l=1024 prover 0.26s (+hints 0.70s) multiproofs 768 B -> True 
bf16-hopper hashed gate: 13 honest sub-batches, 86 negatives, 0 failures

=== [07:46:32] hashed gate fp8-hopper (cuda, 2048 honest VUs, l=16384)
fp8-hopper hashed chain system: {'rows': 5837, 'by_kind': {'hint': 868, 'bit': 2196, 'prod': 2050, 'inv': 129, 'sel': 577, 'pin': 17}, 'linear': 571, 'quadratic': 5652, 'pins': 17, 'hints': 868} compiled in 2.00s; census {'rows_base': 3396, 'rows_private_operands': 704, 'rows_hash': 1720, 'rows_digest_pins': 17, 'rows_total': 5837, 'rows_added': 2441, 'linear_added': 17, 'quadratic_added': 2488, 'hints_added': 720, 'permutations_per_unit': 2, 'sbox_rows_per_permutation': 852, 'linked_rows': 19, 'word_bits': 8, 'k': 32}; device cuda
fp8-hopper hashed vu-k1536 [0, 341): l=16384 prover 32.20s (+hints 0.20s) multiproofs 672 B -> True 
fp8-hopper hashed vu-k1536 [341, 682): l=16384 prover 0.15s (+hints 0.01s) multiproofs 1056 B -> True 
fp8-hopper hashed vu-k1536 [682, 1023): l=16384 prover 0.15s (+hints 0.02s) multiproofs 672 B -> True 
fp8-hopper hashed vu-k1536 [1023, 1364): l=16384 prover 0.15s (+hints 0.01s) multiproofs 1440 B -> True 
fp8-hopper hashed vu-k1536 [1364, 1705): l=16384 prover 0.15s (+hints 0.01s) multiproofs 1056 B -> True 
fp8-hopper hashed vu-k1536 [1705, 2046): l=16384 prover 0.15s (+hints 0.02s) multiproofs 672 B -> True 
fp8-hopper hashed vu-k1536 [2046, 2048): l=256 prover 0.06s (+hints 0.01s) multiproofs 960 B -> True 
  negative row hash.a[3].tinv (inv) +1 in column 58: ACCEPTED (BUG) 
  negative row hash.a[4].tinv (inv) +1 in column 74: ACCEPTED (BUG) 
fp8-hopper hashed gate: 7 honest sub-batches, 86 negatives, 2 failures

=== [07:47:20] hashed gate fp8-ada --zk interactive (cuda, 64 VUs)
fp8-ada hashed chain system: {'rows': 6210, 'by_kind': {'hint': 881, 'bit': 2474, 'prod': 2069, 'inv': 129, 'sel': 640, 'pin': 17}, 'linear': 606, 'quadratic': 6020, 'pins': 17, 'hints': 881} compiled in 1.54s; census {'rows_base': 3769, 'rows_private_operands': 704, 'rows_hash': 1720, 'rows_digest_pins': 17, 'rows_total': 6210, 'rows_added': 2441, 'linear_added': 17, 'quadratic_added': 2488, 'hints_added': 720, 'permutations_per_unit': 2, 'sbox_rows_per_permutation': 852, 'linked_rows': 19, 'word_bits': 8, 'k': 32}; device cuda
fp8-ada hashed vu-k1536 [0, 64): l=4096 prover 5.92s (+hints 0.42s) multiproofs 0 B -> True 
  negative row hash.a[3].tinv (inv) +1 in column 58: ACCEPTED (BUG) 
  negative row hash.a[4].tinv (inv) +1 in column 74: ACCEPTED (BUG) 
fp8-ada hashed gate: 1 honest sub-batches, 86 negatives, 2 failures

=== [07:47:40] hashed gate fp8-ada tile 64x64 (cuda)
fp8-ada hashed chain system: {'rows': 6210, 'by_kind': {'hint': 881, 'bit': 2474, 'prod': 2069, 'inv': 129, 'sel': 640, 'pin': 17}, 'linear': 606, 'quadratic': 6020, 'pins': 17, 'hints': 881} compiled in 1.50s; census {'rows_base': 3769, 'rows_private_operands': 704, 'rows_hash': 1720, 'rows_digest_pins': 17, 'rows_total': 6210, 'rows_added': 2441, 'linear_added': 17, 'quadratic_added': 2488, 'hints_added': 720, 'permutations_per_unit': 2, 'sbox_rows_per_permutation': 852, 'linked_rows': 19, 'word_bits': 8, 'k': 32}; device cuda
fp8-ada hashed vu-k1536 [0, 341): l=16384 prover 6.45s (+hints 0.34s) multiproofs 288 B -> True 
fp8-ada hashed vu-k1536 [341, 512): l=16384 prover 0.15s (+hints 0.02s) multiproofs 320 B -> True 
  negative VU 0 computed on VU 1's x row, claims its own: ACCEPTED (BUG) 
fp8-ada hashed gate: 2 honest sub-batches, 86 negatives, 1 failures

=== [07:48:01] bare gate fp8-ada (unchanged path, cuda, 64 VUs)
  negative row x.b[20].s (pin) +1 in column 29: REJECTED linear constraints failed
  negative row x.b[21].s (pin) +1 in column 74: REJECTED linear constraints failed
fp8-ada gate: 1 honest sub-batches, 92 negatives, 0 failures

=== [07:48:16] done
GATES_FAILED
