=== [07:27:47] build_fork (64014888, /workspace/tcdot-src-64014888)

=== [07:27:47] machine
backends/sp1/tcdot/build_fork.sh: line 33: nvidia-smi: command not found
16
               total        used        free      shared  buff/cache   available
Mem:             755          55         125           0         574         693
overlay          80G   21G   60G  27% /

=== [07:27:47] apt
go version go1.18.1 linux/amd64

=== [07:27:54] rustup + sp1up v6.4.0
cargo-prove sp1 (f66b4bf 2026-08-12T14:40:11.709680161Z)

=== [07:27:55] fork: upstream f66b4bff51d0ccff51d152e0f7f66b2ffedf3529 + 6 patches
fork HEAD d14b4c6277536abd4121271eecd33e75bec83ff5 tree 3b8e553b2e51b782daeb76ef68b33abb0dd14526 (expected d14b4c6277536abd4121271eecd33e75bec83ff5 / 3b8e553b2e51b782daeb76ef68b33abb0dd14526)
d14b4c6 Prover sharding for deferred-precompile workloads
fe35cc5 TC_DOT_BF16: regenerate rv64im cost/complexity artifacts (write_core_air_costs / write_core_air_complexity)
a34c128 Add TC_DOT_BF16: BF16 operands through the shared TC_DOT GroupSum back end
3510b39 Add TC_DOT AIR chip, RiscvAir registration, artifacts, and soundness tests
fb4a0a2 Add TC_DOT syscall: code, executor (minimal + tracing), event, guest stub
c31643e Add TC_DOT reference kernel with witness capture (tc_dot.rs) + unit probes

=== [07:28:00] done
fork_rc=0
=== [07:28:00] host
warning: verity-tcdot-host@0.1.0: rustc +succinct --version: "rustc 1.94.0-dev\n"
warning: verity-tcdot-host@0.1.0: verity-tcdot-guest built at 2026-09-24 07:30:23
warning: sp1-core-executor-runner@6.4.0: Built new runner binary.
    Finished `release` profile [optimized] target(s) in 7m 02s
warning: the following packages contain code that will be rejected by a future version of Rust: proc-macro-error2 v2.0.1
note: to see what the problems were, use the option `--future-incompat-report`, or run `cargo report future-incompatibilities --id 1`
build_rc=0
=== [07:35:03] info
{"backend":"sp1 tc-dot","elf_sha256":"0df8b7cdb91042b02123860ce16e62f2267f7a6b61045f731972824b1ab3d309","fork_head":"d14b4c6277536abd4121271eecd33e75bec83ff5","formats":["bf16-ampere"],"guest_features":["relation-bare"],"label":"modified SP1 (TC_DOT chip)","public_values_len":33,"sp1_version":"6.4.0","statement":"relation-bare/v2","vk_hash":"0x00b4876f45189377e70f6173d5df8488f486161299c7088ab83fa02ca73eb0b4"}
7859616dcbdd6bdf488cd995288ee8fa9660210ba3b5ee8f6778265b05895389  /workspace/tcdot-verify-d14b/target/release/verity-tcdot-host
=== [07:36:13] done
