bringing up nodes...
bringing up nodes...

ss..ss..s...s......................sssssss.........s....s............... [  1%]
.......ssss...s.......ss........s........s......s......s..s.........ssss [  3%]
..............................ssssssss.................................. [  5%]
.................ssssssssss...........ssssssss.......................sss [  7%]
.................................ssss.................sssss....s.....sss [  8%]
....s...s..s.s.s..s.s.s..s..s.s...s..s....s.s...s..s...s..s....ss.s..s.. [ 10%]
.s...ss..s...s..s.s..s.ss..s.s.s...s.s..s..s.s..ss.s.ss.ss.ss.ssssss.sss [ 12%]
s.ss.s.sssss.s.s.sssss.sssss.ss.ss...................................... [ 14%]
........................................................................ [ 16%]
........................................................................ [ 17%]
.............................................................F.......... [ 19%]
...................................................F.................... [ 21%]
........................................................................ [ 23%]
........................................................................ [ 25%]
........................................................................ [ 26%]
........................................................................ [ 28%]
.sssssssssssssss...............s........................................ [ 30%]
........................................................................ [ 32%]
........................................................................ [ 34%]
.....................................F..F.............................s. [ 35%]
.......................s.................F.............................. [ 37%]
....................................ssssssssss.......................... [ 39%]
........................................................................ [ 41%]
...........................F....F....................F....F.ssssssssssss [ 43%]
ssssssssss...............................s...........sss................ [ 44%]
........................................................................ [ 46%]
..............................................sssssss................... [ 48%]
......................................................................s. [ 50%]
........................s............................................... [ 52%]
........................................................................ [ 53%]
...................ssssssssssss..............sssss...................... [ 55%]
.....................................................F.................. [ 57%]
..................x..................................................... [ 59%]
........................................................................ [ 61%]
................................s..................x..x....x..x......... [ 62%]
..s.................F.Fssssssssss....s.................................. [ 64%]
.....................................F....................s............. [ 66%]
.s.......F.............................................................. [ 68%]
................................F....................................... [ 70%]
.........ss.....ssssss.................................................. [ 71%]
........................................................................ [ 73%]
........................................................................ [ 75%]
.sF.................................sssssssss........................... [ 77%]
.............................sssssssss.................................. [ 79%]
........................................................................ [ 80%]
.........................s.............................................. [ 82%]
........................................................................ [ 84%]
...................................................................s.... [ 86%]
......F................................................................. [ 88%]
........................s.................................Fs..........s. [ 89%]
....ssss.................sss............ssss............................ [ 91%]
.ss.........................F.F.s...........................sss....ss... [ 93%]
........F...............F............F.....F............................ [ 95%]
....................................................F...F....F.......... [ 97%]
.............x..........F...................FFexit 143 2026-09-25T10:59:58Z
