=== [06:59:31] build_fork

=== [06:59:31] machine
backends/sp1/tcdot/build_fork.sh: line 33: nvidia-smi: command not found
16
               total        used        free      shared  buff/cache   available
Mem:             755          45         168           0         540         703
overlay          80G   11G   70G  13% /

=== [06:59:31] apt
debconf: delaying package configuration, since apt-utils is not installed
go version go1.18.1 linux/amd64

=== [06:59:42] rustup + sp1up v6.4.0
cargo-prove sp1 (f66b4bf 2026-08-12T14:40:11.709680161Z)

=== [06:59:43] fork: upstream f66b4bff51d0ccff51d152e0f7f66b2ffedf3529 + 5 patches
fork HEAD fe35cc5005f0f3784e5a6ff9770c4b19d258e6a8 tree 6d55145f8e58b9a7312cddab24914aef7b0b6c73 (expected fe35cc5005f0f3784e5a6ff9770c4b19d258e6a8 / 6d55145f8e58b9a7312cddab24914aef7b0b6c73)
fe35cc5 TC_DOT_BF16: regenerate rv64im cost/complexity artifacts (write_core_air_costs / write_core_air_complexity)
a34c128 Add TC_DOT_BF16: BF16 operands through the shared TC_DOT GroupSum back end
3510b39 Add TC_DOT AIR chip, RiscvAir registration, artifacts, and soundness tests
fb4a0a2 Add TC_DOT syscall: code, executor (minimal + tracing), event, guest stub
c31643e Add TC_DOT reference kernel with witness capture (tc_dot.rs) + unit probes
f66b4bf ci(release): install CUDA setup prerequisite (#2937)

=== [06:59:47] done
fork_rc=0
=== [06:59:47] host
    Updating crates.io index
warning: sp1-core-executor-runner@6.4.0: Built new runner binary.
warning: verity-tcdot-host@0.1.0: rustc +succinct --version: "rustc 1.94.0-dev\n"
warning: verity-tcdot-host@0.1.0: verity-tcdot-guest built at 2026-09-24 07:01:22
    Finished `release` profile [optimized] target(s) in 3m 22s
warning: the following packages contain code that will be rejected by a future version of Rust: proc-macro-error2 v2.0.1
note: to see what the problems were, use the option `--future-incompat-report`, or run `cargo report future-incompatibilities --id 1`
build_rc=0
=== [07:03:10] info
{"backend":"sp1 tc-dot","elf_sha256":"8f681770b37be66f5b76fbd67dadb19c96db9c0376b450d2801a15dedd00841f","fork_head":"fe35cc5005f0f3784e5a6ff9770c4b19d258e6a8","formats":["bf16-ampere"],"guest_features":["relation-bare"],"label":"modified SP1 (TC_DOT chip)","public_values_len":33,"sp1_version":"6.4.0","statement":"relation-bare/v2","vk_hash":"0x00347dc989cf805daedaa198c0b30348d3f4a80a8ab1de82b472a9f42f1569bf"}
54c638c6b8a30fa8e91ee08c69fc471907393319e2666ec490b7459a3e72ebf4  /workspace/tcdot-verify/target/release/verity-tcdot-host
=== [07:03:45] done
