{
 "k": 3,
 "total_ms": 434.9916076660156,
 "wall_s": 0.43523475527763367,
 "us_per_vu": 106.19912296533585,
 "histogram_ms": 3.7838399410247803,
 "tree_ms": 12.526399612426758,
 "big_packed_ms": 8.359487533569336,
 "big_fold_k_ms": 2.377376079559326,
 "big_ext_ms": 31.365535736083984,
 "levels_ms": {
  "0": 0.2876800000667572,
  "1": 0.8511040210723877,
  "2": 1.3690240383148193,
  "3": 2.011296033859253,
  "4": 2.520128011703491,
  "5": 3.2553598880767822,
  "6": 3.9822399616241455,
  "7": 4.768959999084473,
  "8": 6.095839977264404,
  "9": 6.968224048614502,
  "10": 8.190688133239746,
  "11": 9.464799880981445,
  "12": 10.484448432922363,
  "13": 11.945440292358398,
  "14": 12.985376358032227,
  "15": 14.710847854614258,
  "16": 16.028703689575195,
  "17": 17.693632125854492,
  "18": 18.85321617126465,
  "19": 20.98406410217285,
  "20": 22.643936157226562,
  "21": 25.528064727783203,
  "22": 26.75993537902832,
  "23": 30.2574405670166,
  "24": 36.67715072631836,
  "25": 48.3306884765625,
  "26": 53.28793716430664
 },
 "tail_levels_ms": 173.45107302069664,
 "totals_ms": [
  441.05804443359375,
  435.5550537109375,
  434.9916076660156
 ],
 "mem.peak_device_bytes": 12450433024
}
{
 "k": 0,
 "total_ms": 448.88311767578125,
 "wall_s": 0.44912151619791985,
 "us_per_vu": 109.59060490131378,
 "histogram_ms": 3.650144100189209,
 "tree_ms": 12.45689582824707,
 "big_packed_ms": 0.0030400000978261232,
 "big_fold_k_ms": 15.32975959777832,
 "big_ext_ms": 66.04176330566406,
 "levels_ms": {
  "0": 0.255840003490448,
  "1": 0.8217599987983704,
  "2": 1.3047679662704468,
  "3": 1.8500800132751465,
  "4": 2.4528000354766846,
  "5": 3.075808048248291,
  "6": 3.8718080520629883,
  "7": 4.529568195343018,
  "8": 5.57257604598999,
  "9": 6.522496223449707,
  "10": 7.723135948181152,
  "11": 8.672415733337402,
  "12": 9.76095962524414,
  "13": 11.104415893554688,
  "14": 12.083264350891113,
  "15": 13.594464302062988,
  "16": 14.81811237335205,
  "17": 16.225088119506836,
  "18": 17.61555290222168,
  "19": 19.523679733276367,
  "20": 20.7620792388916,
  "21": 22.72492790222168,
  "22": 24.82195281982422,
  "23": 28.55379295349121,
  "24": 34.39043045043945,
  "25": 45.95926284790039,
  "26": 92.46809387207031
 },
 "tail_levels_ms": 161.3785935640335,
 "totals_ms": [
  466.1489562988281,
  457.189453125,
  448.88311767578125
 ],
 "mem.peak_device_bytes": 24801980416
}
