bf16-hopper census: {"rows_per_unit": 3292, "bit_rows": 2391, "selector_rows": 542, "hint_rows": 97, "pin_rows": 96, "product_rows": 166, "inverse_rows": 0, "linear_constraints": 339, "quadratic_constraints": 3164, "chain": true}
4096 synthetic VUs (model-recorded accumulators) in 0.6s
config Config(l=16384, n=65536, D=7, t=288, target_log2=-128.0, zk=True, t_pad=512, mode='fiat-shamir'); layout Layout(l=16384, n_vus=170, steps=96); zk True, mode fiat-shamir; system {'rows': 3292, 'by_kind': {'hint': 97, 'bit': 2391, 'prod': 166, 'pin': 96, 'sel': 542}, 'linear': 339, 'quadratic': 3164, 'pins': 96, 'hints': 97}; 4096 VUs as 25 sub-batches of <= 170
warm-up (one sub-batch, with the prover's self-check): {'statement': 0.006, 'witness': 0.031, 'self_check': 2.768, 'zk_masks': 0.021, 'encode': 1.072, 'transfer': 0.0, 'merkle': 0.003, 'tests_w': 0.015, 'tests_quad': 0.065, 'tests_chain': 0.022, 'tests': 0.102, 'openings': 0.027, 'total': 4.03, 'hints_host': 11.463}
rep 1: prover 0.774s (+hints 0.063s) over 25 proofs; verifier 0.729s; pass wall 4.596s (0.204 ms/VU)
rep 2: prover 0.695s (+hints 0.062s) over 25 proofs; verifier 0.729s; pass wall 4.021s (0.185 ms/VU)
rep 3: prover 0.695s (+hints 0.062s) over 25 proofs; verifier 0.712s; pass wall 4.198s (0.185 ms/VU)
dumped 25 proofs to /workspace/research/runs/r20260923-030442-7aed/proofs
dumps: 25/25 accepted cold from bytes by the Python file verifier in 0.82s; batch verdict per rep: ['accept: all 25 sub-batches accepted; union bound 2^-128.04 <= 2^-128']
{
 "relation": "bf16-hopper",
 "seconds_per_vu": 0.0001850369253588724,
 "prover_total": 0.7579112462699413,
 "verifier": 0.7286388650536537,
 "bytes": {
  "root": 800,
  "w": 11827200,
  "h": 12184900,
  "cols": 28800,
  "opened_columns": 96019200,
  "merkle_paths": 3686400,
  "q_chain": 23295300,
  "v_linear": 11827200,
  "coin_commitments_and_openings": 0,
  "auth_multiproofs": 0,
  "total": 158869800
 },
 "n_proofs": 25,
 "per_proof_vus": 170,
 "t": 288,
 "zk": true,
 "k": 16896,
 "peak_device_bytes": 2804486656,
 "soundness_log2": -128.0449289476942,
 "per_proof_log2": -132.68878513746859,
 "rows": 3292,
 "medians": {
  "statement": 0.03640208765864372,
  "witness": 0.026738103479146957,
  "zk_masks": 0.015213292092084885,
  "encode": 0.11396059021353722,
  "transfer": 0.0003814883530139923,
  "merkle": 0.048145078122615814,
  "tests_w": 0.21727988123893738,
  "tests_quad": 0.0547659769654274,
  "tests_chain": 0.07268654927611351,
  "tests": 0.3447324074804783,
  "openings": 0.10919920355081558,
  "total": 0.6954142712056637,
  "hints_host": 0.06249697506427765
 },
 "dumps": {
  "verifier": "python (backends.direct.ligero.serialize.verify_files; shares code with the prover: a self-check)",
  "independent": false,
  "statement_format": "ligero-statement/v4",
  "accepted": 25,
  "total": 25,
  "batch": {
   "1": {
    "n_subbatches": 25,
    "target_bits": 128.0,
    "batch_log2": -128.04492894769385,
    "per_proof_log2": [
     -132.68878513746859,
     -132.68878513746859,
     -132.68878513746859,
     -132.68878513746859,
     -132.68878513746859,
     -132.68878513746859,
     -132.68878513746859,
     -132.68878513746859,
     -132.68878513746859,
     -132.68878513746859,
     -132.68878513746859,
     -132.68878513746859,
     -132.68878513746859,
     -132.68878513746859,
     -132.68878513746859,
     -132.68878513746859,
     -132.68878513746859,
     -132.68878513746859,
     -132.68878513746859,
     -132.68878513746859,
     -132.68878513746859,
     -132.68878513746859,
     -132.68878513746859,
     -132.68878513746859,
     -132.68878513746859
    ],
    "n_proofs_claimed": [
     25,
     25,
     25,
     25,
     25,
     25,
     25,
     25,
     25,
     25,
     25,
     25,
     25,
     25,
     25,
     25,
     25,
     25,
     25,
     25,
     25,
     25,
     25,
     25,
     25
    ],
    "accepted": true,
    "reason": "accept: all 25 sub-batches accepted; union bound 2^-128.04 <= 2^-128"
   }
  },
  "batch_accepted": true,
  "seconds": 0.7271888479590416,
  "wall": 0.8157550320029259,
  "coins": "n/a (Fiat-Shamir)"
 },
 "validation": "passed"
}
