== r20260923-071319-3390 07:49:52
Uninstalled 1 package in 3ms
Installed 1 package in 2ms
pulled attempt r20260923-071319-3390 from vy-hp2-host-h100: events=art:ab521944fcad90cb562a918ffe38c84d7dbad25e342fdb3729eda35afce27d94 (1 blob), resources=art:b03aa0444024e8405705142c201b88e8650af29cb65e3f2b1f926e4d80a68f28 (1 blob), result=art:39dd127309c4a70fc4ec1d80a0a5aedf55a7a5c459d21f5b189ef7286eaa3b4e (0 blobs), run_files=art:9e004d54ae33388881c7d51deb3980118fabae7c20b313b804fe6faa11f48426 (78 blobs)
== r20260923-072030-641f 07:50:29
nohup: setsid: No such file or directory
== r20260923-072030-641f 07:57:12
pulled attempt r20260923-072030-641f from vy-hp2-host-h100: events=art:c499862d1c1b1e3dc15a246a8692b969e6bef86c338de4d68aef960c17738140 (1 blob), resources=art:272634f39705f43475d324dc78806adcb37cb6b3dd8309a2844c88d953571b98 (1 blob), result=art:a3080bd8b20b5a3ff33cdfd8e5863bdf5840297d6ee4bba7548cd926c713b340 (0 blobs), run_files=art:23e5f1020fc1d4e2a3630a1251af0b0c4bbd08108be631acaa37d6cdfbee898d (42 blobs)
== r20260923-072205-ec13 07:57:49
== r20260923-072205-ec13 08:05:51
pulled attempt r20260923-072205-ec13 from vy-hp2-host-h100: events=art:1d06a09c5c0d46323a7f3aa9460884cb885ee9ca28c8c9641e934f7f79186706 (1 blob), resources=art:a3f7bd3c29198e335aeb625016434e4a1e5bf86c2ce2694ed13150dad7eb7c96 (1 blob), result=art:f12b8fff1872dbffd306da833b40ff101683e062a8b9e2198d54538472d50363 (0 blobs), run_files=art:cfa9e51c34c731f1fd4f41dc38901b416c5c3f1434762a5a35b3290fb0571301 (78 blobs)
== r20260923-072339-8807 08:06:32
pulled attempt r20260923-072339-8807 from vy-hp2-host-h100: events=art:3d84b9f48a5b721ce2d80bb834df350edd4edacd2b0e0f502dd777f56a1059f6 (1 blob), resources=art:7533b8d8c8205bdeef5c8d76e78ba4e15c692a2404b2c04341c50cf3577d995b (1 blob), result=art:3df51eea008f69b627a58ed583b26b1e181e571c99a18362b43a69c08a2387dd (0 blobs), run_files=art:add8a5e2db1bd747306383d75aa38f141f1ce6d9a6337aac8a5839a023f8c1d2 (42 blobs)
== r20260923-073751-ea7d 08:07:07
pulled attempt r20260923-073751-ea7d from vy-hp2-host-h100: events=art:71cae867157d2c853bd95fc208af70474777d5b6a56710fac1e6e1a618146dcc (1 blob), resources=art:a98d5680b9fd14f4ed20886ee8cc1655686f0774f5bdb286927bc3b021d4611a (1 blob), result=art:3413fef15841e8dfa8e795e3afe7488a4224b2385dfb9d72005bbbdc1dd324e4 (0 blobs), run_files=art:e3735ef6ad3bfc46f955c9e22dcbcc5714e5dd4db9db9942aef59f9b3e991168 (78 blobs)
== r20260923-074439-05b0 08:07:59
pulled attempt r20260923-074439-05b0 from vy-hp2-host-h100: events=art:782a6ac022a47db975918ccb9b48a4ed14f1ab25bf745712d3c6b2caa18050fb (1 blob), resources=art:ece79ccfd52452b4e1ae34b0449060ed52f4b5f6b4b93605e46b9d38135def91 (1 blob), result=art:df360511229880aa0523033233ad23fd798cca2fef7e4afa1eec01581ec8fc4a (0 blobs), run_files=art:47ad6183f7d0a500d25a8532a687456d663f29298698cb6836b2549bca60fa55 (42 blobs)
== r20260923-074513-9cc3 08:08:36
pulled attempt r20260923-074513-9cc3 from vy-hp2-host-h100: events=art:d7d6d310966f82dc1509ab1dd122a9f221b5a18cbfab5a654bfc2afaf9796d71 (1 blob), resources=art:1b50c8278811bcdfbce7be2ca80f7a603b4cde6aafe804358ffeb0a938d7c4bc (1 blob), result=art:4b50ebf79c031898f53fd96fc6ba8a911a2e66393e247c6df05a6838eafd9190 (0 blobs), run_files=art:1422e7db076c70836fc2db94fff0642df4caaea203f91d8716a64b5af7b98635 (78 blobs)
== r20260923-074601-7cbd 08:09:15
pulled attempt r20260923-074601-7cbd from vy-hp2-host-h100: events=art:1df1cf34aa5b1d666b3b78ec0a5a92a459aed6b7fd82eb04bbc4786acdbc2ddf (1 blob), resources=art:7c701934a56a024a81925f289b42d33d1560d01f14c1a565dbadce7dda70739a (1 blob), result=art:bbe276329ea53f2748e0f2b7e968f84265a073b3bb9b8c1def5e1adaeb613f5f (0 blobs), run_files=art:dc8861d1ac9f8b3d2b1c4dec1861c11a97a9257713f15878761dd882dbc586a1 (42 blobs)
== r20260923-074635-4c55 08:09:49
pulled attempt r20260923-074635-4c55 from vy-hp2-host-h100: events=art:ad3818f7e3c7d3040b76ad2a8321993621b08f80c5ce2be71563187e72ed1059 (1 blob), resources=art:c744e23acfcec778ba744e1717a371e11fc7d3c89670214051935a67c8716f90 (1 blob), result=art:ea2355a3afa2764663fc9e5140a2fbe1b0347d86ddfd9d4ed1f922360808e745 (0 blobs), run_files=art:27453592e10d44947f851c7b0bd289f5d54b5f1f55b338c8e7f2357575aa0466 (78 blobs)
== r20260923-074721-d600 08:10:30
pulled attempt r20260923-074721-d600 from vy-hp2-host-h100: events=art:9ba775d33e8318e83d5dadd99b4a17dc3320e1bf33e598568707dc2740bc7cb8 (1 blob), resources=art:6aeb8f257739aa457f0e7d6f0962984f36431f1d911e7c8fca0449be3a43252c (1 blob), result=art:26e63a70253009357a070d76df485fb369eec025d11adea334cbbb24b5181abe (0 blobs), run_files=art:bd126285a728e80963b657f54d07dac448c9f869112829684095d7d9fa6d4b89 (42 blobs)
== r20260923-074754-65e8 08:11:02
pulled attempt r20260923-074754-65e8 from vy-hp2-host-h100: events=art:0cf2aee2bb8c73db1563f99c1bafa7b4c1b682ba2070e55fc4c2dba08317992c (1 blob), resources=art:7c5171044fc604c7ea03ac5e823b546e7eaad7e6a414a65b70199c8dc8d247d7 (1 blob), result=art:f3d5864875e673e4dec150809e3d50b682987624d5e5d8c1da7d10bcffcaced4 (0 blobs), run_files=art:cab46aedd4bff4826b956132b5b28c60aa2df481f2c97400a8ce3fa5a5f7a65f (78 blobs)
PULL_DONE 08:11:41
