2026-09-28T13:33:23Z polling #70 until 2026-09-28T14:30Z
2026-09-28T13:33:26Z no shape: NO SHAPE for #70 among: NVIDIA_L40S@SECURE@2@120 (evidence/attempts-70.txt); retry while its latest start holds
2026-09-28T13:34:28Z no shape: NO SHAPE for #70 among: NVIDIA_L40S@SECURE@2@120 (evidence/attempts-70.txt); retry while its latest start holds
2026-09-28T13:35:33Z no shape: NO SHAPE for #70 among: NVIDIA_L40S@SECURE@2@120 (evidence/attempts-70.txt); retry while its latest start holds
2026-09-28T13:36:36Z no shape: NO SHAPE for #70 among: NVIDIA_L40S@SECURE@2@120 (evidence/attempts-70.txt); retry while its latest start holds
2026-09-28T13:37:40Z no shape: NO SHAPE for #70 among: NVIDIA_L40S@SECURE@2@120 (evidence/attempts-70.txt); retry while its latest start holds
2026-09-28T13:38:47Z no shape: NO SHAPE for #70 among: NVIDIA_L40S@SECURE@2@120 (evidence/attempts-70.txt); retry while its latest start holds
2026-09-28T13:39:50Z no shape: NO SHAPE for #70 among: NVIDIA_L40S@SECURE@2@120 (evidence/attempts-70.txt); retry while its latest start holds
2026-09-28T13:40:54Z no shape: NO SHAPE for #70 among: NVIDIA_L40S@SECURE@2@120 (evidence/attempts-70.txt); retry while its latest start holds
2026-09-28T13:41:59Z no shape: NO SHAPE for #70 among: NVIDIA_L40S@SECURE@2@120 (evidence/attempts-70.txt); retry while its latest start holds
2026-09-28T13:43:04Z no shape: NO SHAPE for #70 among: NVIDIA_L40S@SECURE@2@120 (evidence/attempts-70.txt); retry while its latest start holds
2026-09-28T13:44:08Z no shape: NO SHAPE for #70 among: NVIDIA_L40S@SECURE@2@120 (evidence/attempts-70.txt); retry while its latest start holds
2026-09-28T13:45:11Z no shape: NO SHAPE for #70 among: NVIDIA_L40S@SECURE@2@120 (evidence/attempts-70.txt); retry while its latest start holds
2026-09-28T13:46:14Z no shape: NO SHAPE for #70 among: NVIDIA_L40S@SECURE@2@120 (evidence/attempts-70.txt); retry while its latest start holds
2026-09-28T13:47:18Z no shape: NO SHAPE for #70 among: NVIDIA_L40S@SECURE@2@120 (evidence/attempts-70.txt); retry while its latest start holds
2026-09-28T13:48:22Z no shape: NO SHAPE for #70 among: NVIDIA_L40S@SECURE@2@120 (evidence/attempts-70.txt); retry while its latest start holds
2026-09-28T13:49:26Z no shape: NO SHAPE for #70 among: NVIDIA_L40S@SECURE@2@120 (evidence/attempts-70.txt); retry while its latest start holds
2026-09-28T13:50:31Z no shape: NO SHAPE for #70 among: NVIDIA_L40S@SECURE@2@120 (evidence/attempts-70.txt); retry while its latest start holds
2026-09-28T13:51:35Z no shape: NO SHAPE for #70 among: NVIDIA_L40S@SECURE@2@120 (evidence/attempts-70.txt); retry while its latest start holds
2026-09-28T13:52:40Z no shape: NO SHAPE for #70 among: NVIDIA_L40S@SECURE@2@120 (evidence/attempts-70.txt); retry while its latest start holds
2026-09-28T13:53:44Z no shape: NO SHAPE for #70 among: NVIDIA_L40S@SECURE@2@120 (evidence/attempts-70.txt); retry while its latest start holds
2026-09-28T13:54:47Z no shape: NO SHAPE for #70 among: NVIDIA_L40S@SECURE@2@120 (evidence/attempts-70.txt); retry while its latest start holds
2026-09-28T13:55:51Z no shape: NO SHAPE for #70 among: NVIDIA_L40S@SECURE@2@120 (evidence/attempts-70.txt); retry while its latest start holds
2026-09-28T13:56:54Z no shape: NO SHAPE for #70 among: NVIDIA_L40S@SECURE@2@120 (evidence/attempts-70.txt); retry while its latest start holds
2026-09-28T13:57:58Z no shape: NO SHAPE for #70 among: NVIDIA_L40S@SECURE@2@120 (evidence/attempts-70.txt); retry while its latest start holds
2026-09-28T13:59:03Z no shape: NO SHAPE for #70 among: NVIDIA_L40S@SECURE@2@120 (evidence/attempts-70.txt); retry while its latest start holds
2026-09-28T14:00:07Z no shape: NO SHAPE for #70 among: NVIDIA_L40S@SECURE@2@120 (evidence/attempts-70.txt); retry while its latest start holds
2026-09-28T14:01:11Z no shape: NO SHAPE for #70 among: NVIDIA_L40S@SECURE@2@120 (evidence/attempts-70.txt); retry while its latest start holds
2026-09-28T14:02:17Z no shape: NO SHAPE for #70 among: NVIDIA_L40S@SECURE@2@120 NVIDIA_L40S@COMMUNITY@2@120 (evidence/attempts-70.txt); retry while its
2026-09-28T14:03:21Z no shape: NO SHAPE for #70 among: NVIDIA_L40S@SECURE@2@120 (evidence/attempts-70.txt); retry while its latest start holds
2026-09-28T14:04:27Z no shape: NO SHAPE for #70 among: NVIDIA_L40S@SECURE@2@120 (evidence/attempts-70.txt); retry while its latest start holds
2026-09-28T14:05:31Z no shape: NO SHAPE for #70 among: NVIDIA_L40S@SECURE@2@120 (evidence/attempts-70.txt); retry while its latest start holds
2026-09-28T14:06:35Z no shape: NO SHAPE for #70 among: NVIDIA_L40S@SECURE@2@120 (evidence/attempts-70.txt); retry while its latest start holds
2026-09-28T14:07:39Z no shape: NO SHAPE for #70 among: NVIDIA_L40S@SECURE@2@120 (evidence/attempts-70.txt); retry while its latest start holds
2026-09-28T14:08:42Z no shape: NO SHAPE for #70 among: NVIDIA_L40S@SECURE@2@120 (evidence/attempts-70.txt); retry while its latest start holds
2026-09-28T14:09:45Z no shape: NO SHAPE for #70 among: NVIDIA_L40S@SECURE@2@120 (evidence/attempts-70.txt); retry while its latest start holds
2026-09-28T14:10:49Z no shape: NO SHAPE for #70 among: NVIDIA_L40S@SECURE@2@120 (evidence/attempts-70.txt); retry while its latest start holds
2026-09-28T14:11:53Z no shape: NO SHAPE for #70 among: NVIDIA_L40S@SECURE@2@120 (evidence/attempts-70.txt); retry while its latest start holds
2026-09-28T14:12:57Z no shape: NO SHAPE for #70 among: NVIDIA_L40S@SECURE@2@120 (evidence/attempts-70.txt); retry while its latest start holds
2026-09-28T14:14:00Z no shape: NO SHAPE for #70 among: NVIDIA_L40S@SECURE@2@120 (evidence/attempts-70.txt); retry while its latest start holds
2026-09-28T14:15:06Z no shape: NO SHAPE for #70 among: NVIDIA_L40S@SECURE@2@120 (evidence/attempts-70.txt); retry while its latest start holds
2026-09-28T14:16:09Z no shape: NO SHAPE for #70 among: NVIDIA_L40S@SECURE@2@120 (evidence/attempts-70.txt); retry while its latest start holds
2026-09-28T14:17:12Z no shape: NO SHAPE for #70 among: NVIDIA_L40S@SECURE@2@120 (evidence/attempts-70.txt); retry while its latest start holds
2026-09-28T14:18:15Z no shape: NO SHAPE for #70 among: NVIDIA_L40S@SECURE@2@120 (evidence/attempts-70.txt); retry while its latest start holds
2026-09-28T14:19:20Z no shape: NO SHAPE for #70 among: NVIDIA_L40S@SECURE@2@120 NVIDIA_L40S@COMMUNITY@2@120 (evidence/attempts-70.txt); retry while its
2026-09-28T14:20:25Z no shape: NO SHAPE for #70 among: NVIDIA_L40S@SECURE@2@120 (evidence/attempts-70.txt); retry while its latest start holds
2026-09-28T14:21:35Z no shape: NO SHAPE for #70 among: NVIDIA_L40S@SECURE@2@120 (evidence/attempts-70.txt); retry while its latest start holds
2026-09-28T14:22:38Z no shape: NO SHAPE for #70 among: NVIDIA_L40S@SECURE@2@120 (evidence/attempts-70.txt); retry while its latest start holds
2026-09-28T14:23:44Z no shape: NO SHAPE for #70 among: NVIDIA_L40S@SECURE@2@120 (evidence/attempts-70.txt); retry while its latest start holds
2026-09-28T14:24:47Z no shape: NO SHAPE for #70 among: NVIDIA_L40S@SECURE@2@120 (evidence/attempts-70.txt); retry while its latest start holds
2026-09-28T14:25:52Z no shape: NO SHAPE for #70 among: NVIDIA_L40S@SECURE@2@120 (evidence/attempts-70.txt); retry while its latest start holds
2026-09-28T14:26:56Z no shape: NO SHAPE for #70 among: NVIDIA_L40S@SECURE@2@120 (evidence/attempts-70.txt); retry while its latest start holds
2026-09-28T14:28:00Z no shape: NO SHAPE for #70 among: NVIDIA_L40S@SECURE@2@120 (evidence/attempts-70.txt); retry while its latest start holds
2026-09-28T14:29:04Z no shape: NO SHAPE for #70 among: NVIDIA_L40S@SECURE@2@120 (evidence/attempts-70.txt); retry while its latest start holds
2026-09-28T14:30:04Z #70 latest start 2026-09-28T14:30Z passed with no shape: deferred, old record kept
2026-09-28T16:03:06Z polling #70 until 2026-09-28T20:20Z
2026-09-28T16:03:10Z no shape: NO SHAPE for #70 among: NVIDIA_L40S@SECURE@2@120 NVIDIA_L40S@COMMUNITY@2@120 (evidence/attempts-70.txt); retry while its
REFUSED: #70 estimate 3.5 h at 3 pair(s) does not fit the $6.5 cap (2.98 h): ask the coordinator
2026-09-28T16:04:12Z #70 refused rc=3: poller stops
2026-09-28T16:07:18Z polling #70 until 2026-09-28T20:20Z
REFUSED: #70 estimate 3.5 h at 3 pair(s) does not fit the $6.5 cap (2.98 h): ask the coordinator
2026-09-28T16:07:20Z #70 refused rc=3: poller stops
2026-09-28T16:07:58Z polling #70 until 2026-09-28T20:20Z
2026-09-28T16:08:03Z no shape: NO SHAPE for #70 among: NVIDIA_L40S@SECURE@2@120 NVIDIA_L40S@COMMUNITY@2@120 (evidence/attempts-70.txt); retry while its
2026-09-28T16:09:04Z balance: 
2026-09-28T16:11:16Z no shape: NO SHAPE for #70 among: NVIDIA_L40S@SECURE@2@120 NVIDIA_L40S@COMMUNITY@2@120 (evidence/attempts-70.txt); retry while its
2026-09-28T16:12:34Z no shape: NO SHAPE for #70 among: NVIDIA_L40S@SECURE@2@120 NVIDIA_L40@SECURE@2@120 NVIDIA_L40S@COMMUNITY@2@120 (evidence/attempts-
2026-09-28T16:13:39Z no shape: NO SHAPE for #70 among: NVIDIA_L40S@SECURE@2@120 NVIDIA_L40S@COMMUNITY@2@120 (evidence/attempts-70.txt); retry while its
2026-09-28T16:14:47Z no shape: NO SHAPE for #70 among: NVIDIA_L40S@SECURE@2@120 NVIDIA_L40S@COMMUNITY@2@120 (evidence/attempts-70.txt); retry while its
2026-09-28T16:15:54Z no shape: NO SHAPE for #70 among: NVIDIA_L40S@SECURE@2@120 NVIDIA_L40S@COMMUNITY@2@120 (evidence/attempts-70.txt); retry while its
2026-09-28T16:17:00Z no shape: NO SHAPE for #70 among: NVIDIA_L40S@SECURE@2@120 NVIDIA_L40S@COMMUNITY@2@120 (evidence/attempts-70.txt); retry while its
2026-09-28T16:18:05Z no shape: NO SHAPE for #70 among: NVIDIA_L40S@SECURE@2@120 NVIDIA_L40S@COMMUNITY@2@120 (evidence/attempts-70.txt); retry while its
2026-09-28T16:19:17Z no shape: 
2026-09-28T16:20:22Z no shape: NO SHAPE for #70 among: NVIDIA_L40S@SECURE@2@120 NVIDIA_L40S@COMMUNITY@2@120 (evidence/attempts-70.txt); retry while its
2026-09-28T16:21:42Z balance: 
2026-09-28T16:23:45Z balance: 
2026-09-28T16:25:47Z balance: 
2026-09-28T16:27:49Z balance: 
2026-09-28T16:29:51Z balance: 
2026-09-28T16:31:52Z balance: 
2026-09-28T16:33:53Z balance: 
2026-09-28T16:36:24Z balance: 
2026-09-28T16:38:27Z balance: 
2026-09-28T16:40:33Z no shape: NO SHAPE for #70 among: NVIDIA_L40S@SECURE@2@120 NVIDIA_L40@COMMUNITY@2@120 (evidence/attempts-70.txt); retry while its 
2026-09-28T16:42:08Z no shape: 
2026-09-28T16:43:09Z balance: 
2026-09-28T16:45:11Z balance: 
2026-09-28T16:47:16Z no shape: NO SHAPE for #70 among: NVIDIA_L40S@SECURE@2@120 NVIDIA_L40S@COMMUNITY@2@120 (evidence/attempts-70.txt); retry while its
2026-09-28T16:48:17Z balance: 
2026-09-28T16:50:19Z balance: 
2026-09-28T16:52:22Z balance: 
2026-09-28T16:54:24Z balance: 
2026-09-28T16:56:36Z balance: 
2026-09-28T16:58:41Z no shape: NO SHAPE for #70 among: NVIDIA_L40S@SECURE@2@120 NVIDIA_L40S@COMMUNITY@2@120 (evidence/attempts-70.txt); retry while its
2026-09-28T16:59:43Z balance: 
2026-09-28T17:01:46Z balance: 
2026-09-28T17:03:48Z balance: 
2026-09-28T17:05:51Z balance: 
2026-09-28T17:07:52Z balance: 
2026-09-28T17:09:54Z balance: 
2026-09-28T17:11:56Z balance: 
2026-09-28T17:13:58Z balance: 
2026-09-28T17:15:59Z balance: 
2026-09-28T17:18:01Z balance: 
2026-09-28T17:20:03Z balance: 
2026-09-28T17:22:05Z balance: 
2026-09-28T17:24:08Z balance: 
2026-09-28T17:26:10Z balance: 
2026-09-28T17:28:16Z no shape: NO SHAPE for #70 among: NVIDIA_L40S@SECURE@2@120 NVIDIA_L40@SECURE@2@120 (evidence/attempts-70.txt); retry while its lat
2026-09-28T17:29:18Z balance: 
2026-09-28T17:31:21Z balance: 
2026-09-28T17:33:22Z balance: 
2026-09-28T17:35:24Z balance: 
2026-09-28T17:37:26Z balance: 
2026-09-28T17:39:31Z no shape: NO SHAPE for #70 among: NVIDIA_L40S@SECURE@2@120 NVIDIA_L40S@COMMUNITY@2@120 (evidence/attempts-70.txt); retry while its
2026-09-28T17:40:38Z no shape: NO SHAPE for #70 among: NVIDIA_L40S@SECURE@2@120 NVIDIA_L40S@COMMUNITY@2@120 (evidence/attempts-70.txt); retry while its
2026-09-28T17:41:40Z balance: 
2026-09-28T17:43:43Z balance: 
2026-09-28T17:45:51Z balance: 
2026-09-28T17:47:53Z balance: 
2026-09-28T17:50:11Z balance: 
2026-09-28T17:52:12Z balance: 
2026-09-28T17:54:13Z balance: 
2026-09-28T17:56:15Z balance: 
2026-09-28T17:58:18Z balance: 
2026-09-28T18:00:20Z balance: 
2026-09-28T18:02:22Z balance: 
2026-09-28T18:04:26Z balance: 
2026-09-28T18:06:27Z balance: 
2026-09-28T18:08:29Z balance: 
2026-09-28T18:10:41Z no shape: NO SHAPE for #70 among: NVIDIA_L40S@SECURE@2@120 NVIDIA_L40S@COMMUNITY@2@120 (evidence/attempts-70.txt); retry while its
2026-09-28T18:11:43Z balance: 
2026-09-28T18:13:48Z no shape: NO SHAPE for #70 among: NVIDIA_L40S@SECURE@2@120 NVIDIA_L40S@COMMUNITY@2@120 (evidence/attempts-70.txt); retry while its
2026-09-28T18:14:51Z balance: 
2026-09-28T18:16:52Z balance: 
2026-09-28T18:18:53Z balance: 
2026-09-28T18:20:55Z balance: 
2026-09-28T18:22:56Z balance: 
2026-09-28T18:24:58Z balance: 
2026-09-28T18:27:00Z balance: 
2026-09-28T18:29:03Z balance: 
2026-09-28T18:31:07Z no shape: NO SHAPE for #70 among: NVIDIA_L40S@SECURE@2@120 NVIDIA_L40S@COMMUNITY@2@120 (evidence/attempts-70.txt); retry while its
2026-09-28T18:32:09Z balance: 
2026-09-28T18:34:11Z balance: 
2026-09-28T18:36:12Z balance: 
2026-09-28T18:38:15Z balance: 
2026-09-28T18:40:17Z balance: 
2026-09-28T18:42:29Z balance: 
2026-09-28T18:44:31Z balance: 
2026-09-28T18:46:32Z balance: 
2026-09-28T18:48:33Z balance: 
2026-09-28T18:50:45Z balance: 
2026-09-28T18:52:47Z balance: 
2026-09-28T18:54:49Z balance: 
2026-09-28T18:56:54Z no shape: NO SHAPE for #70 among: NVIDIA_L40S@SECURE@2@120 NVIDIA_L40S@COMMUNITY@2@120 (evidence/attempts-70.txt); retry while its
2026-09-28T18:58:02Z no shape: NO SHAPE for #70 among: NVIDIA_L40S@SECURE@2@120 NVIDIA_L40S@COMMUNITY@2@120 (evidence/attempts-70.txt); retry while its
2026-09-28T18:59:08Z no shape: NO SHAPE for #70 among: NVIDIA_L40S@SECURE@2@120 NVIDIA_L40S@COMMUNITY@2@120 (evidence/attempts-70.txt); retry while its
2026-09-28T19:00:14Z no shape: NO SHAPE for #70 among: NVIDIA_L40S@SECURE@2@120 NVIDIA_L40S@COMMUNITY@2@120 (evidence/attempts-70.txt); retry while its
2026-09-28T19:01:19Z no shape: NO SHAPE for #70 among: NVIDIA_L40S@SECURE@2@120 NVIDIA_L40S@COMMUNITY@2@120 (evidence/attempts-70.txt); retry while its
2026-09-28T19:02:27Z no shape: NO SHAPE for #70 among: NVIDIA_L40S@SECURE@2@120 NVIDIA_L40S@COMMUNITY@2@120 (evidence/attempts-70.txt); retry while its
2026-09-28T19:03:31Z balance: 
2026-09-28T19:05:33Z balance: 
2026-09-28T19:07:35Z balance: 
2026-09-28T19:09:39Z no shape: NO SHAPE for #70 among: NVIDIA_L40S@SECURE@2@120 (evidence/attempts-70.txt); retry while its latest start holds
2026-09-28T19:10:06Z polling #70 until 2026-09-28T20:20Z
2026-09-28T19:10:10Z no shape: NO SHAPE for #70 among: NVIDIA_L40S@SECURE@2@120 (evidence/attempts-70.txt); retry while its latest start holds
2026-09-28T19:11:32Z no shape: NO SHAPE for #70 among: NVIDIA_L40S@SECURE@2@120 (evidence/attempts-70.txt); retry while its latest start holds
2026-09-28T19:12:35Z no shape: NO SHAPE for #70 among: NVIDIA_L40S@SECURE@2@120 (evidence/attempts-70.txt); retry while its latest start holds
2026-09-28T19:13:39Z no shape: NO SHAPE for #70 among: NVIDIA_L40S@SECURE@2@120 (evidence/attempts-70.txt); retry while its latest start holds
2026-09-28T19:14:44Z no shape: NO SHAPE for #70 among: NVIDIA_L40S@SECURE@2@120 (evidence/attempts-70.txt); retry while its latest start holds
2026-09-28T19:15:49Z no shape: NO SHAPE for #70 among: NVIDIA_L40S@SECURE@2@120 (evidence/attempts-70.txt); retry while its latest start holds
2026-09-28T19:16:54Z no shape: NO SHAPE for #70 among: NVIDIA_L40S@SECURE@2@120 (evidence/attempts-70.txt); retry while its latest start holds
2026-09-28T19:17:57Z no shape: NO SHAPE for #70 among: NVIDIA_L40S@SECURE@2@120 (evidence/attempts-70.txt); retry while its latest start holds
2026-09-28T19:19:01Z no shape: NO SHAPE for #70 among: NVIDIA_L40S@SECURE@2@120 (evidence/attempts-70.txt); retry while its latest start holds
2026-09-28T19:20:05Z no shape: NO SHAPE for #70 among: NVIDIA_L40S@SECURE@2@120 (evidence/attempts-70.txt); retry while its latest start holds
2026-09-28T19:21:09Z no shape: NO SHAPE for #70 among: NVIDIA_L40S@SECURE@2@120 (evidence/attempts-70.txt); retry while its latest start holds
2026-09-28T19:22:17Z no shape: NO SHAPE for #70 among: NVIDIA_L40S@SECURE@2@120 NVIDIA_L40S@COMMUNITY@2@120 (evidence/attempts-70.txt); retry while its
2026-09-28T19:23:27Z no shape: NO SHAPE for #70 among: NVIDIA_L40S@SECURE@2@120 NVIDIA_L40S@COMMUNITY@2@120 (evidence/attempts-70.txt); retry while its
2026-09-28T19:24:34Z no shape: NO SHAPE for #70 among: NVIDIA_L40S@SECURE@2@120 NVIDIA_L40S@COMMUNITY@2@120 (evidence/attempts-70.txt); retry while its
2026-09-28T19:25:40Z no shape: NO SHAPE for #70 among: NVIDIA_L40S@SECURE@2@120 NVIDIA_L40S@COMMUNITY@2@120 (evidence/attempts-70.txt); retry while its
2026-09-28T19:26:44Z no shape: NO SHAPE for #70 among: NVIDIA_L40S@SECURE@2@120 (evidence/attempts-70.txt); retry while its latest start holds
2026-09-28T19:27:48Z no shape: NO SHAPE for #70 among: NVIDIA_L40S@SECURE@2@120 (evidence/attempts-70.txt); retry while its latest start holds
2026-09-28T19:29:07Z no shape: NO SHAPE for #70 among: NVIDIA_L40S@SECURE@2@120 (evidence/attempts-70.txt); retry while its latest start holds
2026-09-28T19:30:11Z no shape: NO SHAPE for #70 among: NVIDIA_L40S@SECURE@2@120 (evidence/attempts-70.txt); retry while its latest start holds
2026-09-28T19:31:15Z no shape: NO SHAPE for #70 among: NVIDIA_L40S@SECURE@2@120 (evidence/attempts-70.txt); retry while its latest start holds
2026-09-28T19:32:20Z no shape: NO SHAPE for #70 among: NVIDIA_L40S@SECURE@2@120 (evidence/attempts-70.txt); retry while its latest start holds
2026-09-28T19:33:26Z no shape: NO SHAPE for #70 among: NVIDIA_L40S@SECURE@2@120 (evidence/attempts-70.txt); retry while its latest start holds
2026-09-28T19:34:30Z no shape: NO SHAPE for #70 among: NVIDIA_L40S@SECURE@2@120 (evidence/attempts-70.txt); retry while its latest start holds
2026-09-28T19:35:33Z no shape: NO SHAPE for #70 among: NVIDIA_L40S@SECURE@2@120 (evidence/attempts-70.txt); retry while its latest start holds
2026-09-28T19:36:37Z no shape: NO SHAPE for #70 among: NVIDIA_L40S@SECURE@2@120 (evidence/attempts-70.txt); retry while its latest start holds
2026-09-28T19:37:40Z no shape: NO SHAPE for #70 among: NVIDIA_L40S@SECURE@2@120 (evidence/attempts-70.txt); retry while its latest start holds
2026-09-28T19:38:45Z no shape: NO SHAPE for #70 among: NVIDIA_L40S@SECURE@2@120 (evidence/attempts-70.txt); retry while its latest start holds
2026-09-28T19:39:48Z no shape: NO SHAPE for #70 among: NVIDIA_L40S@SECURE@2@120 (evidence/attempts-70.txt); retry while its latest start holds
2026-09-28T19:40:52Z no shape: NO SHAPE for #70 among: NVIDIA_L40S@SECURE@2@120 (evidence/attempts-70.txt); retry while its latest start holds
2026-09-28T19:41:57Z no shape: NO SHAPE for #70 among: NVIDIA_L40S@SECURE@2@120 NVIDIA_L40S@COMMUNITY@2@120 (evidence/attempts-70.txt); retry while its
2026-09-28T19:43:03Z no shape: NO SHAPE for #70 among: NVIDIA_L40S@SECURE@2@120 NVIDIA_L40S@COMMUNITY@2@120 (evidence/attempts-70.txt); retry while its
2026-09-28T19:44:07Z no shape: NO SHAPE for #70 among: NVIDIA_L40S@SECURE@2@120 (evidence/attempts-70.txt); retry while its latest start holds
2026-09-28T19:45:14Z no shape: NO SHAPE for #70 among: NVIDIA_L40S@SECURE@2@120 NVIDIA_L40S@COMMUNITY@2@120 (evidence/attempts-70.txt); retry while its
2026-09-28T19:46:20Z no shape: NO SHAPE for #70 among: NVIDIA_L40S@SECURE@2@120 NVIDIA_L40S@COMMUNITY@2@120 (evidence/attempts-70.txt); retry while its
2026-09-28T19:47:26Z no shape: NO SHAPE for #70 among: NVIDIA_L40S@SECURE@2@120 NVIDIA_L40S@COMMUNITY@2@120 (evidence/attempts-70.txt); retry while its
2026-09-28T19:48:31Z no shape: NO SHAPE for #70 among: NVIDIA_L40S@SECURE@2@120 NVIDIA_L40S@COMMUNITY@2@120 (evidence/attempts-70.txt); retry while its
2026-09-28T19:49:36Z no shape: NO SHAPE for #70 among: NVIDIA_L40S@SECURE@2@120 NVIDIA_L40S@COMMUNITY@2@120 (evidence/attempts-70.txt); retry while its
2026-09-28T19:50:42Z no shape: NO SHAPE for #70 among: NVIDIA_L40S@SECURE@2@120 NVIDIA_L40S@COMMUNITY@2@120 (evidence/attempts-70.txt); retry while its
2026-09-28T19:51:46Z no shape: NO SHAPE for #70 among: NVIDIA_L40S@SECURE@2@120 (evidence/attempts-70.txt); retry while its latest start holds
2026-09-28T19:52:49Z no shape: NO SHAPE for #70 among: NVIDIA_L40S@SECURE@2@120 (evidence/attempts-70.txt); retry while its latest start holds
2026-09-28T19:53:53Z no shape: NO SHAPE for #70 among: NVIDIA_L40S@SECURE@2@120 (evidence/attempts-70.txt); retry while its latest start holds
2026-09-28T19:54:56Z no shape: NO SHAPE for #70 among: NVIDIA_L40S@SECURE@2@120 (evidence/attempts-70.txt); retry while its latest start holds
2026-09-28T19:56:02Z no shape: NO SHAPE for #70 among: NVIDIA_L40S@SECURE@2@120 NVIDIA_L40S@COMMUNITY@2@120 (evidence/attempts-70.txt); retry while its
2026-09-28T19:57:07Z no shape: NO SHAPE for #70 among: NVIDIA_L40S@SECURE@2@120 NVIDIA_L40S@COMMUNITY@2@120 (evidence/attempts-70.txt); retry while its
2026-09-28T19:58:15Z no shape: NO SHAPE for #70 among: NVIDIA_L40S@SECURE@2@120 NVIDIA_L40S@COMMUNITY@2@120 (evidence/attempts-70.txt); retry while its
2026-09-28T19:59:21Z no shape: NO SHAPE for #70 among: NVIDIA_L40S@SECURE@2@120 NVIDIA_L40S@COMMUNITY@2@120 (evidence/attempts-70.txt); retry while its
2026-09-28T20:00:27Z no shape: NO SHAPE for #70 among: NVIDIA_L40S@SECURE@2@120 NVIDIA_L40S@COMMUNITY@2@120 (evidence/attempts-70.txt); retry while its
2026-09-28T20:01:32Z no shape: NO SHAPE for #70 among: NVIDIA_L40S@SECURE@2@120 NVIDIA_L40S@COMMUNITY@2@120 (evidence/attempts-70.txt); retry while its
2026-09-28T20:02:36Z no shape: NO SHAPE for #70 among: NVIDIA_L40S@SECURE@2@120 (evidence/attempts-70.txt); retry while its latest start holds
2026-09-28T20:03:41Z no shape: NO SHAPE for #70 among: NVIDIA_L40S@SECURE@2@120 NVIDIA_L40S@COMMUNITY@2@120 (evidence/attempts-70.txt); retry while its
2026-09-28T20:04:45Z no shape: NO SHAPE for #70 among: NVIDIA_L40S@SECURE@2@120 (evidence/attempts-70.txt); retry while its latest start holds
2026-09-28T20:05:50Z no shape: NO SHAPE for #70 among: NVIDIA_L40S@SECURE@2@120 NVIDIA_L40@SECURE@2@120 (evidence/attempts-70.txt); retry while its lat
2026-09-28T20:06:57Z no shape: NO SHAPE for #70 among: NVIDIA_L40S@SECURE@2@120 NVIDIA_L40@SECURE@2@120 (evidence/attempts-70.txt); retry while its lat
2026-09-28T20:08:00Z no shape: NO SHAPE for #70 among: NVIDIA_L40S@SECURE@2@120 (evidence/attempts-70.txt); retry while its latest start holds
2026-09-28T20:09:25Z no shape: NO SHAPE for #70 among: NVIDIA_L40S@SECURE@2@120 NVIDIA_L40S@COMMUNITY@2@120 (evidence/attempts-70.txt); retry while its
2026-09-28T20:10:30Z no shape: NO SHAPE for #70 among: NVIDIA_L40S@SECURE@2@120 NVIDIA_L40S@COMMUNITY@2@120 (evidence/attempts-70.txt); retry while its
2026-09-28T20:11:34Z no shape: NO SHAPE for #70 among: NVIDIA_L40S@SECURE@2@120 (evidence/attempts-70.txt); retry while its latest start holds
#70 olmoe-1b-7b__bf16__l40s__tp2__b8__i1024__o128__mixed__greedy__bi-eager: 2 x NVIDIA L40S, >= 120 GB/GPU, cap $8 (max 3.67 h at $2.18/h), 1 pair(s), est 3.0 h, timeout 11243 s, custody 5 h
  2026-09-28T20:10:27Z 2 x NVIDIA L40S SECURE: no stock
  2026-09-28T20:10:28Z 2 x NVIDIA L40S COMMUNITY: no stock
  2026-09-28T20:11:32Z 2 x NVIDIA L40S SECURE: no stock
  2026-09-28T20:12:36Z 2 x NVIDIA L40S SECURE: accepted pod s0ocab70paflqm NVIDIA L40S driver 580.126.09 (CUDA 13.0) host 376 GB, 128 vCPU, est 3.0 h at 1 pair(s)
cap guard: research pods guard: pid 240684 prefix='vyv-rf-epoch-70-' log=/home/ubuntu/.research/pods/guard-vyv-rf-epoch-70-.log (`research pods guard status --prefix vyv-rf-epoch-70-`) (max 3.67 h at $2.18/h, timeout 11200 s, custody 5 h)
WAIT vyv-rf-epoch-70 (SECURE, 2 x NVIDIA L40S, driver 580.126.09) r20260928-201320-6851 check-back 23:13Z agent bc-75fd4007: #70 Build/Match/word check/Commit/store (1 pair(s), est 3.0 h, cap $8)
2026-09-28T20:13:53Z #70 LAUNCHED
