[fa-tap] fa3 hd64 prefill_short                  tile 192x128 HB=10 M=130 NB=1 skipped=0 ==installed True ==untapped True spill=0 unwritten=0 row3 guards=0 !=guard 0 first!=0 0 !=ir 0/0 ==baseline True ms words=840 !=ir-twin 0 (row_max -inf 0) !=ir 0/64 -> OK
[fa-tap] fa3 hd64 prefill_mid                    tile 192x128 HB=8 M=510 NB=2 skipped=0 ==installed True ==untapped True spill=0 unwritten=0 row3 guards=768 !=guard 0 first!=0 0 !=ir 0/64 ==baseline True ms words=3324 !=ir-twin 0 (row_max -inf 0) !=ir 0/64 -> OK
[fa-tap] fa3 hd64 prefill_256                    tile 192x128 HB=6 M=514 NB=3 skipped=0 ==installed True ==untapped True spill=0 unwritten=0 row3 guards=1544 !=guard 0 first!=0 0 !=ir 0/64 ==baseline True ms words=3616 !=ir-twin 0 (row_max -inf 0) !=ir 0/65 -> OK
[fa-tap] fa3 hd64 prefill_long                   tile 192x128 HB=4 M=1031 NB=9 skipped=0 ==installed True ==untapped True spill=0 unwritten=0 row3 guards=16288 !=guard 0 first!=0 0 !=ir 0/64 ==baseline True ms words=20350 !=ir-twin 0 (row_max -inf 0) !=ir 0/65 -> OK
[fa-tap] fa3 hd64 chunked                        tile 192x128 HB=6 M=128 NB=8 skipped=0 ==installed True ==untapped True spill=0 unwritten=0 row3 guards=1932 !=guard 0 first!=0 0 !=ir 0/64 ==baseline True ms words=2260 !=ir-twin 0 (row_max -inf 0) !=ir 0/64 -> OK
[fa-tap] fa3 hd64 decode_gqa                     tile 64x192 HB=18 M=4 NB=11 skipped=0 ==installed True ==untapped True spill=0 unwritten=0 row3 guards=160 !=guard 0 first!=0 0 !=ir 0/64 ==baseline True ms words=232 !=ir-twin 0 (row_max -inf 0) !=ir 0/64 -> OK
[fa-tap] fa3 hd64 decode_mha                     tile 64x192 HB=18 M=1 NB=11 skipped=0 ==installed True ==untapped True spill=0 unwritten=0 row3 guards=40 !=guard 0 first!=0 0 !=ir 0/40 ==baseline True ms words=58 !=ir-twin 0 (row_max -inf 0) !=ir 0/58 -> OK
[fa-tap] fa3 hd64 edge_rows                      tile 192x128 HB=8 M=260 NB=3 skipped=0 ==installed True ==untapped True spill=0 unwritten=0 row3 guards=152 !=guard 0 first!=0 0 !=ir 0/64 ==baseline True ms words=684 !=ir-twin 16 (row_max -inf 16) !=ir 1/64 -> FAIL
[fa-tap] fa3 hd64 smallq_onewg                   tile 64x192 HB=8 M=16 NB=4 skipped=0 ==installed True ==untapped True spill=0 unwritten=0 row3 guards=60 !=guard 0 first!=0 0 !=ir 0/60 ==baseline True ms words=128 !=ir-twin 0 (row_max -inf 0) !=ir 0/64 -> OK
[fa-tap] fa3 hd64 chunked_tail                   tile 192x128 HB=4 M=128 NB=3 skipped=0 ==installed True ==untapped True spill=0 unwritten=0 row3 guards=576 !=guard 0 first!=0 0 !=ir 0/64 ==baseline True ms words=992 !=ir-twin 0 (row_max -inf 0) !=ir 0/65 -> OK
[fa-tap] fa3 hd64 negative prefill_short (wrong head_dim): skipped=1 untouched=True ==installed True -> OK
[fa-tap] fa3 hd64 negative prefill_short (wrong kBlockN): skipped=1 untouched=True ==installed True -> OK
[fa-tap] fa3 hd64 negative decode_gqa (wrong head_dim): skipped=1 untouched=True ==installed True -> OK
[fa-tap] fa3 hd64 negative decode_gqa (wrong kBlockN): skipped=1 untouched=True ==installed True -> OK
[fa-tap] fa3 hd64 negative decode_gqa (M cap below the packed rows): skipped=1 untouched=True ==installed True -> OK
[fa-tap] fa3 hd128 prefill_short                  tile 128x128 HB=10 M=130 NB=1 skipped=0 ==installed True ==untapped True spill=0 unwritten=0 row3 guards=0 !=guard 0 first!=0 0 !=ir 0/0 ==baseline True ms words=840 !=ir-twin 0 (row_max -inf 0) !=ir 0/64 -> OK
[fa-tap] fa3 hd128 prefill_mid                    tile 128x128 HB=8 M=510 NB=2 skipped=0 ==installed True ==untapped True spill=0 unwritten=0 row3 guards=512 !=guard 0 first!=0 0 !=ir 0/64 ==baseline True ms words=3068 !=ir-twin 0 (row_max -inf 0) !=ir 0/64 -> OK
[fa-tap] fa3 hd128 prefill_256                    tile 128x128 HB=6 M=514 NB=3 skipped=0 ==installed True ==untapped True spill=0 unwritten=0 row3 guards=1032 !=guard 0 first!=0 0 !=ir 0/64 ==baseline True ms words=3104 !=ir-twin 0 (row_max -inf 0) !=ir 0/64 -> OK
[fa-tap] fa3 hd128 prefill_long                   tile 128x128 HB=4 M=1031 NB=9 skipped=0 ==installed True ==untapped True spill=0 unwritten=0 row3 guards=14112 !=guard 0 first!=0 0 !=ir 0/64 ==baseline True ms words=18174 !=ir-twin 0 (row_max -inf 0) !=ir 0/64 -> OK
[fa-tap] fa3 hd128 chunked                        tile 128x128 HB=6 M=128 NB=8 skipped=0 ==installed True ==untapped True spill=0 unwritten=0 row3 guards=1932 !=guard 0 first!=0 0 !=ir 0/64 ==baseline True ms words=2260 !=ir-twin 0 (row_max -inf 0) !=ir 0/64 -> OK
[fa-tap] fa3 hd128 decode_gqa                     tile 64x128 HB=18 M=4 NB=16 skipped=0 ==installed True ==untapped True spill=0 unwritten=0 row3 guards=248 !=guard 0 first!=0 0 !=ir 0/64 ==baseline True ms words=320 !=ir-twin 0 (row_max -inf 0) !=ir 0/64 -> OK
[fa-tap] fa3 hd128 decode_mha                     tile 64x128 HB=18 M=1 NB=16 skipped=0 ==installed True ==untapped True spill=0 unwritten=0 row3 guards=62 !=guard 0 first!=0 0 !=ir 0/62 ==baseline True ms words=80 !=ir-twin 0 (row_max -inf 0) !=ir 0/64 -> OK
[fa-tap] fa3 hd128 edge_rows                      tile 128x128 HB=8 M=260 NB=3 skipped=0 ==installed True ==untapped True spill=0 unwritten=0 row3 guards=24 !=guard 0 first!=0 0 !=ir 0/24 ==baseline True ms words=556 !=ir-twin 24 (row_max -inf 24) !=ir 3/64 -> FAIL
[fa-tap] fa3 hd128 smallq_onewg                   tile 64x128 HB=8 M=16 NB=6 skipped=0 ==installed True ==untapped True spill=0 unwritten=0 row3 guards=104 !=guard 0 first!=0 0 !=ir 0/64 ==baseline True ms words=172 !=ir-twin 0 (row_max -inf 0) !=ir 0/64 -> OK
[fa-tap] fa3 hd128 chunked_tail                   tile 128x128 HB=4 M=128 NB=3 skipped=0 ==installed True ==untapped True spill=0 unwritten=0 row3 guards=576 !=guard 0 first!=0 0 !=ir 0/64 ==baseline True ms words=992 !=ir-twin 0 (row_max -inf 0) !=ir 0/65 -> OK
[fa-tap] fa3 hd128 negative prefill_short (wrong head_dim): skipped=1 untouched=True ==installed True -> OK
[fa-tap] fa3 hd128 negative prefill_short (wrong kBlockN): skipped=1 untouched=True ==installed True -> OK
[fa-tap] fa3 hd128 negative decode_gqa (wrong head_dim): skipped=1 untouched=True ==installed True -> OK
[fa-tap] fa3 hd128 negative decode_gqa (wrong kBlockN): skipped=1 untouched=True ==installed True -> OK
[fa-tap] fa3 hd128 negative decode_gqa (M cap below the packed rows): skipped=1 untouched=True ==installed True -> OK
FA-TAP-EXACTNESS FAIL d8c5c7e2642b1bc5c1bf9991292fe0124525d77fcdfbbc41de002e50d524d738 /workspace/research/runs/r20260927-012825-34ba/evidence/guarded/fa_tap_exactness.json
