dump step 0 rc 0 2026-09-27T00:14:01Z
commit PASS 2026-09-27T00:14:01Z rc=0 wall=277s outcome=PASS runs 1 failed 0 checks runtime_match=PASS local_replay=PASS boundary_linkage=PASS checkpoint_binding=PASS execution_extent=PASS required_value_coverage=PASS program_source_identity=PASS manifest_verify=True
dump step 1 rc 0 2026-09-27T00:17:13Z
commit PASS 2026-09-27T00:17:13Z rc=0 wall=184s outcome=PASS runs 1 failed 0 checks runtime_match=PASS local_replay=PASS boundary_linkage=PASS checkpoint_binding=PASS execution_extent=PASS required_value_coverage=PASS program_source_identity=PASS manifest_verify=True
{
 "step0": {
  "run_roots": [
   "ae21ed2ee7b365c8b2617cdadd84d7201ffc2524b249583c9f4a3a5dfd23308f"
  ],
  "root_equals_first_tap_on_run": true,
  "files": [
   {
    "file": "dump_step0_pair0_fa2.m1_L0_g32x256x2.bin",
    "geometry": [
     32,
     256,
     2,
     128,
     64
    ],
    "words": 6455296,
    "layout_words": 6455296,
    "guard_words": 4096,
    "guard_mismatch": 0,
    "first_block_nonzero": 0,
    "ir_sampled": 64,
    "ir_mismatch": 0,
    "word2_is_visit_index": true
   }
  ]
 },
 "step1": {
  "run_roots": [
   "ae21ed2ee7b365c8b2617cdadd84d7201ffc2524b249583c9f4a3a5dfd23308f"
  ],
  "root_equals_first_tap_on_run": true,
  "files": [
   {
    "file": "dump_step1_pair0_fa2.m1_L0_g8x4x3.bin",
    "geometry": [
     8,
     4,
     3,
     128,
     64
    ],
    "words": 37760,
    "layout_words": 37760,
    "guard_words": 64,
    "guard_mismatch": 0,
    "first_block_nonzero": 0,
    "ir_sampled": 64,
    "ir_mismatch": 0,
    "word2_is_visit_index": true
   }
  ]
 }
}
GM-ROW101-DUMP-DONE 2026-09-27T00:17:13Z
