=== 18:28:30 tree=/workspace/src sha=ecec3ef+t3fix(wip) cmd: /workspace/venv312/bin/python -m backends.direct.ligero.run --relation fp8-ada bench-vu --zk --mode interactive --batch 16384 --pipeline 4 --total-vus 4096 --reps 3 --device cuda --instances-cache /workspace/instances-cache --dump-reps 1 --dump-dir /workspace/dumps/t3_v1_p4 --out /workspace/results/t3_v1_p4.json
fp8-ada census: {"rows_per_unit": 3769, "bit_rows": 2474, "selector_rows": 640, "hint_rows": 161, "pin_rows": 192, "product_rows": 301, "inverse_rows": 1, "linear_constraints": 589, "quadratic_constraints": 3532, "chain": true}
4096 synthetic VUs (recorded accumulators) in 0.3s
config Config(l=16384, n=65536, D=6, t=196, target_log2=-128.0, zk=True, t_pad=256, mode='interactive'); layout Layout(l=16384, n_vus=341, steps=48); zk True, mode interactive; system {'rows': 3769, 'by_kind': {'hint': 161, 'bit': 2474, 'prod': 301, 'inv': 1, 'pin': 192, 'sel': 640}, 'linear': 589, 'quadratic': 3532, 'pins': 192, 'hints': 161}; 4096 VUs as 13 sub-batches of <= 341
warm-up (one sub-batch, with the prover's self-check): {'statement': 0.002, 'hints_host': 0.29, 'witness': 43.149, 'self_check': 3.199, 'zk_masks': 0.014, 'encode': 0.005, 'transfer': 0.0, 'merkle': 0.004, 'tests_w': 0.455, 'tests_quad': 0.0, 'tests_chain': 0.0, 'openings': 0.009, 'tests': 0.455, 'total': 46.84}
rep 1: prover 0.177s (+hints 0.016s) over 13 proofs; verifier 0.365s; pass wall 1.545s (0.047 ms/VU)
rep 2: prover 0.164s (+hints 0.014s) over 13 proofs; verifier 0.351s; pass wall 0.530s (0.044 ms/VU)
rep 3: prover 0.145s (+hints 0.024s) over 13 proofs; verifier 0.359s; pass wall 0.536s (0.041 ms/VU)
dumped 13 proofs to /workspace/dumps/t3_v1_p4
dumps: 13/13 accepted cold from bytes by the Python file verifier in 0.43s; batch verdict per rep: ['accept: all 13 sub-batches accepted; union bound 2^-128.32 <= 2^-128']
{
 "relation": "fp8-ada",
 "seconds_per_vu": 4.382574550861647e-05,
 "prover_total": 0.17951025360329306,
 "verifier": 0.35923372860997915,
 "bytes": {
  "root": 416,
  "w": 5191680,
  "h": 5271240,
  "cols": 10192,
  "opened_columns": 38780560,
  "merkle_paths": 1304576,
  "q_chain": 10303176,
  "v_linear": 5191680,
  "coin_commitments_and_openings": 2496,
  "auth_multiproofs": 0,
  "total": 66056016
 },
 "n_proofs": 13,
 "per_proof_vus": 341,
 "t": 196,
 "zk": true,
 "k": 16640,
 "peak_device_bytes": 6574875648,
 "soundness_log2": -128.31938080587952,
 "per_proof_log2": -132.01982052402082,
 "rows": 3769,
 "medians": {
  "statement": 0.00017495327546755202,
  "hints_host": 0.01561604572781708,
  "witness": 0.0008685896109207744,
  "zk_masks": 2.190968722922473e-05,
  "encode": 0.0486226485052016,
  "transfer": 7.947582624477687e-06,
  "merkle": 8.094982763680843e-06,
  "tests_w": 0.10222888373873527,
  "tests_quad": 7.379649366870056e-06,
  "tests_chain": 8.029504923891606e-06,
  "openings": 0.011946088510809139,
  "tests": 0.10224397572045955,
  "total": 0.16389420787547598,
  "measured_statement": 0.000551455998327583,
  "measured_hints_host": 0.05954191941022873,
  "measured_witness": 0.00317849600315094,
  "measured_zk_masks": 7.372800121083854e-05,
  "measured_encode": 0.17290009689331057,
  "measured_transfer": 2.643200033344328e-05,
  "measured_merkle": 2.643200033344328e-05,
  "measured_tests_w": 0.3529638080596924,
  "measured_tests_quad": 2.595200028736144e-05,
  "measured_tests_chain": 2.8000000631436702e-05,
  "measured_openings": 0.03848441630601883,
  "measured_total": 0.6031303659975529
 },
 "dumps": {
  "verifier": "python (backends.direct.ligero.serialize.verify_files; shares code with the prover: a self-check)",
  "independent": false,
  "statement_format": "ligero-statement/v4",
  "accepted": 13,
  "total": 13,
  "batch": {
   "1": {
    "n_subbatches": 13,
    "target_bits": 128.0,
    "batch_log2": -128.31938080587972,
    "per_proof_log2": [
     -132.01982052402082,
     -132.01982052402082,
     -132.01982052402082,
     -132.01982052402082,
     -132.01982052402082,
     -132.01982052402082,
     -132.01982052402082,
     -132.01982052402082,
     -132.01982052402082,
     -132.01982052402082,
     -132.01982052402082,
     -132.01982052402082,
     -132.01982052402082
    ],
    "n_proofs_claimed": [
     13,
     13,
     13,
     13,
     13,
     13,
     13,
     13,
     13,
     13,
     13,
     13,
     13
    ],
    "accepted": true,
    "reason": "accept: all 13 sub-batches accepted; union bound 2^-128.32 <= 2^-128"
   }
  },
  "batch_accepted": true,
  "seconds": 0.37868457613512874,
  "wall": 0.42546280287206173,
  "coins": "the transcript's own coins replayed (file verifier)"
 },
 "validation": "passed"
}
=== 18:29:29 rc=0 wall=59s
