=== 18:33:26 tree=/workspace/src sha=a0ff818+t2test(wip) cmd: /workspace/venv312/bin/python -m backends.direct.ligero.run --relation fp8-ada-v3 gate-vu --vus 2048 --batch 16384 --device cuda --instances-cache /workspace/instances-cache --zk
fp8-ada-v3 chain system: {'rows': 1806, 'by_kind': {'hint': 1491, 'bit': 169, 'inv': 71, 'prod': 23, 'pin': 22, 'sel': 30}, 'linear': 130, 'quadratic': 2542, 'pins': 22, 'hints': 1491} compiled in 0.40s; device cuda
fp8-ada-v3 vu-k1536 [0, 341): l=16384 prover 3.93s -> True accept (0.071s)
fp8-ada-v3 vu-k1536 [341, 682): l=16384 prover 0.05s -> True accept (0.035s)
fp8-ada-v3 vu-k1536 [682, 1023): l=16384 prover 0.05s -> True accept (0.032s)
fp8-ada-v3 vu-k1536 [1023, 1364): l=16384 prover 0.05s -> True accept (0.033s)
fp8-ada-v3 vu-k1536 [1364, 1705): l=16384 prover 0.05s -> True accept (0.033s)
fp8-ada-v3 vu-k1536 [1705, 2046): l=16384 prover 0.05s -> True accept (0.032s)
fp8-ada-v3 vu-k1536 [2046, 2048): l=256 prover 2.93s -> True accept (0.023s)
  negative claimed word bit 0 flipped: REJECTED column challenge mismatch
  negative claimed word bit 1 flipped: REJECTED column challenge mismatch
  negative claimed word bit 2 flipped: REJECTED column challenge mismatch
  negative claimed word bit 3 flipped: REJECTED column challenge mismatch
  negative claimed word bit 4 flipped: REJECTED column challenge mismatch
  negative claimed word bit 5 flipped: REJECTED column challenge mismatch
  negative claimed word bit 6 flipped: REJECTED column challenge mismatch
  negative claimed word bit 7 flipped: REJECTED column challenge mismatch
  negative claimed word bit 8 flipped: REJECTED column challenge mismatch
  negative claimed word bit 9 flipped: REJECTED column challenge mismatch
  negative claimed word bit 10 flipped: REJECTED column challenge mismatch
  negative claimed word bit 11 flipped: REJECTED column challenge mismatch
  negative claimed word bit 12 flipped: REJECTED column challenge mismatch
  negative claimed word bit 13 flipped: REJECTED column challenge mismatch
  negative claimed word bit 14 flipped: REJECTED column challenge mismatch
  negative claimed word bit 15 flipped: REJECTED column challenge mismatch
  negative claimed word bit 16 flipped: REJECTED column challenge mismatch
  negative claimed word bit 17 flipped: REJECTED column challenge mismatch
  negative claimed word bit 18 flipped: REJECTED column challenge mismatch
  negative claimed word bit 19 flipped: REJECTED column challenge mismatch
  negative claimed word bit 20 flipped: REJECTED column challenge mismatch
  negative claimed word bit 21 flipped: REJECTED column challenge mismatch
  negative claimed word +1 ulp: REJECTED column challenge mismatch
  negative claimed word -1 ulp: REJECTED column challenge mismatch
  negative off-domain operand 0x7f in a: REJECTED public inputs: public inputs rejected: a: E4M3 NaN operand
  negative off-domain operand 0xff in a: REJECTED public inputs: public inputs rejected: a: E4M3 NaN operand
  negative off-domain operand 0xff in b: REJECTED public inputs: public inputs rejected: b: E4M3 NaN operand
  negative operand a[10][1] exponent bit flipped: REJECTED column challenge mismatch
  negative link c.f[20] != y.f[19]: REJECTED linear constraints failed (public values)
  negative c_0 != 0 at a chain start: REJECTED linear constraints failed (public values)
  negative accumulator fraction bit 12 flipped in a linked unit: REJECTED linear constraints failed (public values)
  negative accumulator fraction bit 0 flipped in a linked unit: REJECTED linear constraints failed (public values)
  negative row acc.s (hint) +1 in column 12: REJECTED quadratic constraints failed
  negative row acc.t (hint) +1 in column 76: REJECTED linear constraints failed (public values)
  negative row acc.f (hint) +2 in column 56: REJECTED linear constraints failed (public values)
  negative row acc.nz (hint) +1 in column 68: REJECTED linear constraints failed (public values)
  negative row acc.z (hint) +1 in column 46: REJECTED quadratic constraints failed
  negative row acc.t.b0 (bit) +2 in column 38: REJECTED linear constraints failed (public values)
  negative row acc.t.finite.inv (inv) +1 in column 52: REJECTED quadratic constraints failed
  negative row acc.nz1.inv (inv) +1 in column 52: REJECTED quadratic constraints failed
  negative row acc.f.b0 (bit) +2 in column 72: REJECTED linear constraints failed (public values)
  negative row acc.z1.inv (inv) +2 in column 94: REJECTED quadratic constraints failed
  negative row acc.prod0 (prod) +1 in column 83: REJECTED linear constraints failed (public values)
  negative row a_words[0].s (hint) +2 in column 13: REJECTED linear constraints failed (public values)
  negative row a_words[0].nz (hint) +2 in column 42: REJECTED linear constraints failed (public values)
  negative row a_words[0].x[0] (hint) +1 in column 95: REJECTED linear constraints failed (public values)
  negative row a_words[0].x[1] (hint) +1 in column 82: REJECTED linear constraints failed (public values)
  negative row a_words[0].x[2] (hint) +2 in column 33: REJECTED linear constraints failed (public values)
  negative row a_words[0].x[3] (hint) +2 in column 23: REJECTED linear constraints failed (public values)
  negative row a_words[0].f[0] (hint) +2 in column 44: REJECTED linear constraints failed (public values)
  negative row a_words[0].f[1] (hint) +2 in column 90: REJECTED linear constraints failed (public values)
  negative row a_words[0].f[2] (hint) +2 in column 80: REJECTED linear constraints failed (public values)
  negative row a_words[0].top.inv (inv) +2 in column 94: REJECTED quadratic constraints failed
  negative row b_words[0].s (hint) +1 in column 12: REJECTED linear constraints failed (public values)
  negative row b_words[0].nz (hint) +2 in column 29: REJECTED linear constraints failed (public values)
  negative row b_words[0].x[0] (hint) +1 in column 79: REJECTED linear constraints failed (public values)
  negative row b_words[0].x[1] (hint) +1 in column 94: REJECTED linear constraints failed (public values)
  negative row b_words[0].x[2] (hint) +2 in column 89: REJECTED linear constraints failed (public values)
  negative row b_words[0].x[3] (hint) +1 in column 69: REJECTED linear constraints failed (public values)
  negative row b_words[0].f[0] (hint) +2 in column 56: REJECTED linear constraints failed (public values)
  negative row b_words[0].f[1] (hint) +2 in column 85: REJECTED linear constraints failed (public values)
  negative row b_words[0].f[2] (hint) +1 in column 92: REJECTED linear constraints failed (public values)
  negative row b_words[0].top.inv (inv) +1 in column 74: REJECTED quadratic constraints failed
  negative row a_words[1].s (hint) +1 in column 65: REJECTED linear constraints failed (public values)
  negative row a_words[1].nz (hint) +1 in column 1: REJECTED linear constraints failed (public values)
  negative row a_words[1].x[0] (hint) +2 in column 93: REJECTED linear constraints failed (public values)
  negative row a_words[1].x[1] (hint) +1 in column 29: REJECTED linear constraints failed (public values)
  negative row a_words[1].x[2] (hint) +1 in column 23: REJECTED linear constraints failed (public values)
  negative row a_words[1].x[3] (hint) +2 in column 82: REJECTED linear constraints failed (public values)
  negative row a_words[1].f[0] (hint) +1 in column 7: REJECTED linear constraints failed (public values)
  negative row a_words[1].f[1] (hint) +2 in column 54: REJECTED linear constraints failed (public values)
  negative row a_words[1].f[2] (hint) +1 in column 95: REJECTED linear constraints failed (public values)
  negative row a_words[1].top.inv (inv) +1 in column 58: REJECTED quadratic constraints failed
  negative row b_words[1].s (hint) +1 in column 16: REJECTED linear constraints failed (public values)
  negative row b_words[1].nz (hint) +1 in column 42: REJECTED linear constraints failed (public values)
  negative row b_words[1].x[0] (hint) +1 in column 69: REJECTED linear constraints failed (public values)
  negative row b_words[1].x[1] (hint) +2 in column 32: REJECTED linear constraints failed (public values)
  negative row b_words[1].x[2] (hint) +2 in column 60: REJECTED linear constraints failed (public values)
  negative row b_words[1].x[3] (hint) +1 in column 71: REJECTED linear constraints failed (public values)
  negative row b_words[1].f[0] (hint) +1 in column 85: REJECTED linear constraints failed (public values)
  negative row b_words[1].f[1] (hint) +1 in column 29: REJECTED linear constraints failed (public values)
  negative row b_words[1].f[2] (hint) +2 in column 0: REJECTED linear constraints failed (public values)
  negative row b_words[1].top.inv (inv) +1 in column 8: REJECTED quadratic constraints failed
  negative row a_words[2].s (hint) +2 in column 78: REJECTED linear constraints failed (public values)
  negative row a_words[2].nz (hint) +1 in column 82: REJECTED linear constraints failed (public values)
  negative row a_words[2].x[0] (hint) +1 in column 47: REJECTED linear constraints failed (public values)
  negative row a_words[2].x[1] (hint) +2 in column 18: REJECTED linear constraints failed (public values)
  negative row a_words[2].x[2] (hint) +2 in column 7: REJECTED linear constraints failed (public values)
  negative row a_words[2].x[3] (hint) +1 in column 1: REJECTED linear constraints failed (public values)
  negative row a_words[2].f[0] (hint) +1 in column 89: REJECTED linear constraints failed (public values)
  negative row a_words[2].f[1] (hint) +1 in column 29: REJECTED linear constraints failed (public values)
  negative row a_words[2].f[2] (hint) +1 in column 74: REJECTED linear constraints failed (public values)
fp8-ada-v3 gate: 7 honest sub-batches, 92 negatives, 0 failures
=== 18:49:24 rc=0 wall=958s
