=== 19:18:45 tree=/workspace/src sha=a0ff818+t2test(wip) cmd: /workspace/venv312/bin/python -m backends.direct.ligero.run --relation fp8-ada-v3x4 bench-vu --zk --mode interactive --batch 4096 --pipeline 4 --total-vus 4096 --reps 3 --device cuda --instances-cache /workspace/instances-cache --dump-dir /workspace/t3b/dump_t3b_v3x4_l4096_p4 --dump-reps 1 --out /workspace/t3b/t3b_v3x4_l4096_p4.json
fp8-ada-v3x4 census: {"rows_per_unit": 7090, "bit_rows": 583, "selector_rows": 120, "hint_rows": 5949, "pin_rows": 86, "product_rows": 77, "inverse_rows": 275, "linear_constraints": 510, "quadratic_constraints": 10036, "chain": true}
4096 synthetic VUs (recorded accumulators) in 0.4s
config Config(l=4096, n=16384, D=6, t=200, target_log2=-128.0, zk=True, t_pad=256, mode='interactive'); layout Layout(l=4096, n_vus=341, steps=12); zk True, mode interactive; system {'rows': 7090, 'by_kind': {'hint': 5949, 'bit': 583, 'inv': 275, 'prod': 77, 'pin': 86, 'sel': 120}, 'linear': 510, 'quadratic': 10036, 'pins': 86, 'hints': 5949}; 4096 VUs as 13 sub-batches of <= 341
warm-up (one sub-batch, with the prover's self-check): {'statement': 0.001, 'hints_host': 163.068, 'witness': 0.071, 'self_check': 3.328, 'zk_masks': 0.008, 'encode': 0.002, 'transfer': 0.0, 'merkle': 0.003, 'tests_w': 0.404, 'tests_quad': 0.0, 'tests_chain': 0.0, 'openings': 0.01, 'tests': 0.404, 'total': 3.831}
rep 1: prover 0.078s (+hints 0.141s) over 13 proofs; verifier 0.448s; pass wall 1.303s (0.054 ms/VU)
rep 2: prover 0.074s (+hints 0.135s) over 13 proofs; verifier 0.441s; pass wall 0.653s (0.051 ms/VU)
rep 3: prover 0.072s (+hints 0.126s) over 13 proofs; verifier 0.448s; pass wall 0.656s (0.048 ms/VU)
dumped 13 proofs to /workspace/t3b/dump_t3b_v3x4_l4096_p4
dumps: 13/13 accepted cold from bytes by the Python file verifier in 0.64s; batch verdict per rep: ['accept: all 13 sub-batches accepted; union bound 2^-128.33 <= 2^-128']
{
 "relation": "fp8-ada-v3x4",
 "seconds_per_vu": 5.11578313080463e-05,
 "prover_total": 0.20954247703775764,
 "verifier": 0.44782212609425187,
 "bytes": {
  "root": 416,
  "w": 1357824,
  "h": 1437384,
  "cols": 10400,
  "opened_columns": 74110400,
  "merkle_paths": 1164800,
  "q_chain": 2635464,
  "v_linear": 1357824,
  "coin_commitments_and_openings": 2496,
  "auth_multiproofs": 0,
  "total": 82077008
 },
 "n_proofs": 13,
 "per_proof_vus": 341,
 "t": 200,
 "zk": true,
 "k": 4352,
 "peak_device_bytes": 5434617344,
 "soundness_log2": -128.32955970493185,
 "per_proof_log2": -132.02999942307315,
 "rows": 7090,
 "medians": {
  "statement": 0.00024118926649341547,
  "hints_host": 0.13531041407025385,
  "witness": 0.0017414843355496278,
  "zk_masks": 1.9450940022989338e-05,
  "encode": 0.025979123465082677,
  "transfer": 6.833985548595808e-06,
  "merkle": 6.683591768809862e-06,
  "tests_w": 0.03862568995057263,
  "tests_quad": 6.694655542695851e-06,
  "tests_chain": 6.8849150837822965e-06,
  "openings": 0.007042612656264636,
  "tests": 0.038638773959577655,
  "total": 0.07423206296750379,
  "measured_statement": 0.0007911040037870407,
  "measured_hints_host": 0.44995410537719727,
  "measured_witness": 0.0057415680289268495,
  "measured_zk_masks": 6.451199995353818e-05,
  "measured_encode": 0.0861069755554199,
  "measured_transfer": 2.255999972112477e-05,
  "measured_merkle": 2.1983999758958816e-05,
  "measured_tests_w": 0.13299724674224855,
  "measured_tests_quad": 2.2495999815873804e-05,
  "measured_tests_chain": 2.255999983754009e-05,
  "measured_openings": 0.023699616193771363,
  "measured_total": 0.29425666031986475
 },
 "dumps": {
  "verifier": "python (backends.direct.ligero.serialize.verify_files; shares code with the prover: a self-check)",
  "independent": false,
  "statement_format": "ligero-statement/v4",
  "accepted": 13,
  "total": 13,
  "batch": {
   "1": {
    "n_subbatches": 13,
    "target_bits": 128.0,
    "batch_log2": -128.32955970493205,
    "per_proof_log2": [
     -132.02999942307315,
     -132.02999942307315,
     -132.02999942307315,
     -132.02999942307315,
     -132.02999942307315,
     -132.02999942307315,
     -132.02999942307315,
     -132.02999942307315,
     -132.02999942307315,
     -132.02999942307315,
     -132.02999942307315,
     -132.02999942307315,
     -132.02999942307315
    ],
    "n_proofs_claimed": [
     13,
     13,
     13,
     13,
     13,
     13,
     13,
     13,
     13,
     13,
     13,
     13,
     13
    ],
    "accepted": true,
    "reason": "accept: all 13 sub-batches accepted; union bound 2^-128.33 <= 2^-128"
   }
  },
  "batch_accepted": true,
  "seconds": 0.45966907031834126,
  "wall": 0.643608886282891,
  "coins": "the transcript's own coins replayed (file verifier)"
 },
 "validation": "passed"
}
=== 19:21:50 rc=0 wall=185s
