fp8-ada census: {"rows_per_unit": 3769, "bit_rows": 2474, "selector_rows": 640, "hint_rows": 161, "pin_rows": 192, "product_rows": 301, "inverse_rows": 1, "linear_constraints": 589, "quadratic_constraints": 3532, "chain": true}
4096 synthetic VUs (recorded accumulators) in 0.2s
config Config(l=16384, n=65536, D=6, t=196, target_log2=-128.0, zk=True, t_pad=256, mode='interactive'); layout Layout(l=16384, n_vus=341, steps=48); zk True, mode interactive; system {'rows': 3769, 'by_kind': {'hint': 161, 'bit': 2474, 'prod': 301, 'inv': 1, 'pin': 192, 'sel': 640}, 'linear': 589, 'quadratic': 3532, 'pins': 192, 'hints': 161}; 4096 VUs as 13 sub-batches of <= 341
warm-up (one sub-batch, with the prover's self-check): {'statement': 0.0, 'hints_host': 0.143, 'witness': 17.77, 'self_check': 1.512, 'zk_masks': 0.006, 'encode': 0.005, 'transfer': 0.0, 'merkle': 0.004, 'tests_w': 0.615, 'tests_quad': 0.0, 'tests_chain': 0.0, 'openings': 0.007, 'tests': 0.615, 'total': 19.92}
rep 1: prover 0.150s (+hints 0.028s) over 13 proofs; verifier 0.241s; pass wall 0.961s (0.044 ms/VU)
rep 2: prover 0.142s (+hints 0.029s) over 13 proofs; verifier 0.233s; pass wall 0.405s (0.042 ms/VU)
rep 3: prover 0.130s (+hints 0.035s) over 13 proofs; verifier 0.236s; pass wall 0.404s (0.040 ms/VU)
dumped 13 proofs to /workspace/t0b/bare_before/dump
dumps: 13/13 accepted cold from bytes by the Python file verifier in 0.26s; batch verdict per rep: ['accept: all 13 sub-batches accepted; union bound 2^-128.32 <= 2^-128']
{
 "relation": "fp8-ada",
 "seconds_per_vu": 4.190906958001506e-05,
 "prover_total": 0.17165954899974167,
 "verifier": 0.23578253970481455,
 "bytes": {
  "root": 416,
  "w": 5191680,
  "h": 5271240,
  "cols": 10192,
  "opened_columns": 38780560,
  "merkle_paths": 1304576,
  "q_chain": 10303176,
  "v_linear": 5191680,
  "coin_commitments_and_openings": 2496,
  "auth_multiproofs": 0,
  "total": 66056016
 },
 "n_proofs": 13,
 "per_proof_vus": 341,
 "t": 196,
 "zk": true,
 "k": 16640,
 "peak_device_bytes": 6566488064,
 "soundness_log2": -128.31938080587952,
 "per_proof_log2": -132.01982052402082,
 "rows": 3769,
 "medians": {
  "statement": 7.55000181374001e-05,
  "hints_host": 0.029468762618670437,
  "witness": 0.0009282979155377575,
  "zk_masks": 1.666532095877549e-05,
  "encode": 0.05422483417162813,
  "transfer": 6.211317483267438e-06,
  "merkle": 6.06475671014515e-06,
  "tests_w": 0.07793496521291784,
  "tests_quad": 6.150912005901206e-06,
  "tests_chain": 5.9057474039932395e-06,
  "openings": 0.008285798946945136,
  "tests": 0.07794676962420509,
  "total": 0.14219078638107124,
  "measured_statement": 0.0002629120014607906,
  "measured_hints_host": 0.1104562246799469,
  "measured_witness": 0.003360064014792442,
  "measured_zk_masks": 6.000000052154064e-05,
  "measured_encode": 0.19367052650451663,
  "measured_transfer": 2.1055999910458927e-05,
  "measured_merkle": 2.214399981312454e-05,
  "measured_tests_w": 0.27645689582824706,
  "measured_tests_quad": 2.10240000160411e-05,
  "measured_tests_chain": 2.003199991304428e-05,
  "measured_openings": 0.03061817574501038,
  "measured_total": 0.5202944498416037
 },
 "dumps": {
  "verifier": "python (backends.direct.ligero.serialize.verify_files; shares code with the prover: a self-check)",
  "independent": false,
  "statement_format": "ligero-statement/v4",
  "accepted": 13,
  "total": 13,
  "batch": {
   "1": {
    "n_subbatches": 13,
    "target_bits": 128.0,
    "batch_log2": -128.31938080587972,
    "per_proof_log2": [
     -132.01982052402082,
     -132.01982052402082,
     -132.01982052402082,
     -132.01982052402082,
     -132.01982052402082,
     -132.01982052402082,
     -132.01982052402082,
     -132.01982052402082,
     -132.01982052402082,
     -132.01982052402082,
     -132.01982052402082,
     -132.01982052402082,
     -132.01982052402082
    ],
    "n_proofs_claimed": [
     13,
     13,
     13,
     13,
     13,
     13,
     13,
     13,
     13,
     13,
     13,
     13,
     13
    ],
    "accepted": true,
    "reason": "accept: all 13 sub-batches accepted; union bound 2^-128.32 <= 2^-128"
   }
  },
  "batch_accepted": true,
  "seconds": 0.24055601516738534,
  "wall": 0.26472996291704476,
  "coins": "the transcript's own coins replayed (file verifier)"
 },
 "validation": "passed"
}
