waited for /workspace/research/runs/r20260927-024936-8d51 2026-09-27T02:53:01Z
tree /workspace/gc2/f3head @ ac76ac432ccd7f6070fb9611270eb3eb67fe5620 vs shipped: 0 differing entries
base /workspace/gc2/f3base @ 40ec2e13d401e7479f1f4e0aa276eca5df62a25e
record digests head rc 0
record digests base rc 0
[digests] head vs base (selector off): 7 records, differing: none; attention specs 1248 sha a4ee0ae0bd777272 = base a4ee0ae0bd777272
[partition-v4] {"D": 64, "seqlen_q": 1, "row": 0, "T": 5, "BN": 192, "kBM": 64, "MASKED_FROM": 0, "units": 2592, "violations": 0, "recompute_violations": 0, "max_out_bits": 32, "guard_words": 0, "guard_formula": 0, "max_scaled_words": 32, "max_scaled_formula": 32, "seconds": 0.1}
[partition-v4] {"D": 64, "seqlen_q": 1, "row": 0, "T": 129, "BN": 192, "kBM": 64, "MASKED_FROM": 0, "units": 14496, "violations": 0, "recompute_violations": 0, "max_out_bits": 32, "guard_words": 0, "guard_formula": 0, "max_scaled_words": 32, "max_scaled_formula": 32, "seconds": 0.1}
[partition-v4] {"D": 64, "seqlen_q": 1, "row": 0, "T": 130, "BN": 192, "kBM": 64, "MASKED_FROM": 0, "units": 14592, "violations": 0, "recompute_violations": 0, "max_out_bits": 32, "guard_words": 0, "guard_formula": 0, "max_scaled_words": 32, "max_scaled_formula": 32, "seconds": 0.1}
[partition-v4] {"D": 64, "seqlen_q": 1, "row": 0, "T": 287, "BN": 192, "kBM": 64, "MASKED_FROM": 1, "units": 29792, "violations": 0, "recompute_violations": 0, "max_out_bits": 32, "guard_words": 0, "guard_formula": 0, "max_scaled_words": 64, "max_scaled_formula": 64, "seconds": 0.1}
[partition-v4] {"D": 64, "seqlen_q": 1, "row": 0, "T": 527, "BN": 192, "kBM": 64, "MASKED_FROM": 2, "units": 52928, "violations": 0, "recompute_violations": 0, "max_out_bits": 32, "guard_words": 0, "guard_formula": 0, "max_scaled_words": 96, "max_scaled_formula": 96, "seconds": 0.3}
[partition-v4] {"D": 64, "seqlen_q": 287, "row": 4, "T": 5, "BN": 128, "kBM": 192, "MASKED_FROM": 0, "units": 2592, "violations": 0, "recompute_violations": 0, "max_out_bits": 32, "guard_words": 0, "guard_formula": 0, "max_scaled_words": 32, "max_scaled_formula": 32, "seconds": 0.0}
[partition-v4] {"D": 64, "seqlen_q": 287, "row": 128, "T": 129, "BN": 128, "kBM": 192, "MASKED_FROM": 0, "units": 14560, "violations": 0, "recompute_violations": 0, "max_out_bits": 32, "guard_words": 32, "guard_formula": 32, "max_scaled_words": 32, "max_scaled_formula": 32, "seconds": 0.1}
[partition-v4] {"D": 64, "seqlen_q": 287, "row": 129, "T": 130, "BN": 128, "kBM": 192, "MASKED_FROM": 0, "units": 14720, "violations": 0, "recompute_violations": 0, "max_out_bits": 32, "guard_words": 32, "guard_formula": 32, "max_scaled_words": 64, "max_scaled_formula": 64, "seconds": 0.1}
[partition-v4] {"D": 64, "seqlen_q": 287, "row": 192, "T": 193, "BN": 128, "kBM": 192, "MASKED_FROM": 1, "units": 20768, "violations": 0, "recompute_violations": 0, "max_out_bits": 32, "guard_words": 0, "guard_formula": 0, "max_scaled_words": 64, "max_scaled_formula": 64, "seconds": 0.1}
[partition-v4] {"D": 64, "seqlen_q": 287, "row": 286, "T": 287, "BN": 128, "kBM": 192, "MASKED_FROM": 1, "units": 29920, "violations": 0, "recompute_violations": 0, "max_out_bits": 32, "guard_words": 32, "guard_formula": 32, "max_scaled_words": 96, "max_scaled_formula": 96, "seconds": 0.1}
[partition-v4] {"D": 128, "seqlen_q": 1, "row": 0, "T": 5, "BN": 128, "kBM": 64, "MASKED_FROM": 0, "units": 4640, "violations": 0, "recompute_violations": 0, "max_out_bits": 32, "guard_words": 0, "guard_formula": 0, "max_scaled_words": 32, "max_scaled_formula": 32, "seconds": 0.0}
[partition-v4] {"D": 128, "seqlen_q": 1, "row": 0, "T": 129, "BN": 128, "kBM": 64, "MASKED_FROM": 1, "units": 16608, "violations": 0, "recompute_violations": 0, "max_out_bits": 32, "guard_words": 0, "guard_formula": 0, "max_scaled_words": 32, "max_scaled_formula": 32, "seconds": 0.1}
[partition-v4] {"D": 128, "seqlen_q": 1, "row": 0, "T": 130, "BN": 128, "kBM": 64, "MASKED_FROM": 1, "units": 16768, "violations": 0, "recompute_violations": 0, "max_out_bits": 32, "guard_words": 0, "guard_formula": 0, "max_scaled_words": 64, "max_scaled_formula": 64, "seconds": 0.1}
[partition-v4] {"D": 128, "seqlen_q": 1, "row": 0, "T": 287, "BN": 128, "kBM": 64, "MASKED_FROM": 2, "units": 31936, "violations": 0, "recompute_violations": 0, "max_out_bits": 32, "guard_words": 0, "guard_formula": 0, "max_scaled_words": 96, "max_scaled_formula": 96, "seconds": 0.3}
[partition-v4] {"D": 128, "seqlen_q": 1, "row": 0, "T": 527, "BN": 128, "kBM": 64, "MASKED_FROM": 4, "units": 55168, "violations": 0, "recompute_violations": 0, "max_out_bits": 32, "guard_words": 0, "guard_formula": 0, "max_scaled_words": 160, "max_scaled_formula": 160, "seconds": 0.5}
[partition-v4] {"D": 128, "seqlen_q": 287, "row": 4, "T": 5, "BN": 128, "kBM": 128, "MASKED_FROM": 0, "units": 4640, "violations": 0, "recompute_violations": 0, "max_out_bits": 32, "guard_words": 0, "guard_formula": 0, "max_scaled_words": 32, "max_scaled_formula": 32, "seconds": 0.0}
[partition-v4] {"D": 128, "seqlen_q": 287, "row": 128, "T": 129, "BN": 128, "kBM": 128, "MASKED_FROM": 1, "units": 16608, "violations": 0, "recompute_violations": 0, "max_out_bits": 32, "guard_words": 0, "guard_formula": 0, "max_scaled_words": 32, "max_scaled_formula": 32, "seconds": 0.1}
[partition-v4] {"D": 128, "seqlen_q": 287, "row": 129, "T": 130, "BN": 128, "kBM": 128, "MASKED_FROM": 1, "units": 16768, "violations": 0, "recompute_violations": 0, "max_out_bits": 32, "guard_words": 0, "guard_formula": 0, "max_scaled_words": 64, "max_scaled_formula": 64, "seconds": 0.1}
[partition-v4] {"D": 128, "seqlen_q": 287, "row": 192, "T": 193, "BN": 128, "kBM": 128, "MASKED_FROM": 1, "units": 22816, "violations": 0, "recompute_violations": 0, "max_out_bits": 32, "guard_words": 0, "guard_formula": 0, "max_scaled_words": 64, "max_scaled_formula": 64, "seconds": 0.2}
[partition-v4] {"D": 128, "seqlen_q": 287, "row": 286, "T": 287, "BN": 128, "kBM": 128, "MASKED_FROM": 2, "units": 31936, "violations": 0, "recompute_violations": 0, "max_out_bits": 32, "guard_words": 0, "guard_formula": 0, "max_scaled_words": 96, "max_scaled_formula": 96, "seconds": 0.3}
[head-cut-v4] {"MASKED_FROM": 0, "cut_ok": true, "codes": [], "recomputed_gates": 0, "width_ok": true, "detail": {"input_gates": 73600, "computed_gates": 6558, "certified": 6558, "structure_gates": 421, "total_gates": 80579, "committed": 74599, "cross_unit_reads": 148781, "computing_units": 999, "redundant_gates": 0}}
[head-cut-v4] {"MASKED_FROM": 1, "cut_ok": true, "codes": [], "recomputed_gates": 0, "width_ok": true, "detail": {"input_gates": 73600, "computed_gates": 6557, "certified": 6557, "structure_gates": 421, "total_gates": 80578, "committed": 74599, "cross_unit_reads": 148781, "computing_units": 999, "redundant_gates": 0}}
[head-cut-v4] {"MASKED_FROM": 2, "cut_ok": true, "codes": [], "recomputed_gates": 0, "width_ok": true, "detail": {"input_gates": 73600, "computed_gates": 6556, "certified": 6556, "structure_gates": 421, "total_gates": 80577, "committed": 74598, "cross_unit_reads": 148780, "computing_units": 998, "redundant_gates": 0}}
PARTITION-V4 ok=True rows=20 cuts=3
partition v4 rc 0
tests rc=0 .................................................                        [100%]
lints rc=0 ...................................................                      [100%]
F3-CHECK-DONE 2026-09-27T02:54:14Z
