waited for /workspace/research/runs/r20260926-232328-7713 2026-09-26T23:45:02Z
tree /workspace/gc2/gmmerge @ a3d4ec469d77839075fe4a56964857c38254ccfc vs shipped: 0 differing entries
[partition] #101 attention: 4592 Calls, 287 specializations, violations 0, recompute violations 0
[partition]   MufuEx2Ftz_v1                21,257,216  P (f32 probabilities) / ROW rescale
[partition]   F2fpBf16_v1                  21,159,936  RP (bf16 probabilities)
[partition]   AmpereBF16TcDot16_v1         21,159,424  S (scores)
[partition]   F32MulFtz_v1                    242,688  not carried: ROW word 2 is the kernel's visit index (vt_step), not max * scale
[partition]   Fa2InvSum_v1                    146,944  FIN inv_sum
[partition]   GuardNegInfZero_v1               97,280  ROW word 3 (the guarded-max tap)
[partition]   F32Max_v1                        96,256  ROW row_max
[partition]   policy words (query.guarded_max.attention_words): 97,280
[partition] softcap T=5: {"T": 5, "units": 2184, "violations": 0, "recompute_violations": 0, "guard_words": 0, "guard_words_formula": 0, "max_out_bits": 32}
[partition] softcap T=130: {"T": 130, "units": 5248, "violations": 0, "recompute_violations": 0, "guard_words": 16, "guard_words_formula": 16, "max_out_bits": 32}
[partition] softcap T=287: {"T": 287, "units": 9080, "violations": 0, "recompute_violations": 0, "guard_words": 32, "guard_words_formula": 32, "max_out_bits": 32}
[partition] fa3_hd64 T=5: {"T": 5, "units": 2592, "violations": 0, "recompute_violations": 0, "guard_words": 0, "guard_words_formula": 0, "max_out_bits": 32}
[partition] fa3_hd64 T=130: {"T": 130, "units": 14720, "violations": 0, "recompute_violations": 0, "guard_words": 32, "guard_words_formula": 32, "max_out_bits": 32}
[partition] fa3_hd64 T=287: {"T": 287, "units": 29920, "violations": 0, "recompute_violations": 0, "guard_words": 64, "guard_words_formula": 64, "max_out_bits": 32}
[partition] fa3_hd128 T=5: {"T": 5, "units": 4640, "violations": 0, "recompute_violations": 0, "guard_words": 0, "guard_words_formula": 0, "max_out_bits": 32}
[partition] fa3_hd128 T=130: {"T": 130, "units": 16768, "violations": 0, "recompute_violations": 0, "guard_words": 32, "guard_words_formula": 32, "max_out_bits": 32}
[partition] fa3_hd128 T=287: {"T": 287, "units": 31968, "violations": 0, "recompute_violations": 0, "guard_words": 64, "guard_words_formula": 64, "max_out_bits": 32}
[partition] head cut {"family": "AttentionHead_v3", "statics": {"T": 287, "D": 64, "BN": 128}, "cut_ok": true, "codes": [], "recomputed_gates": 0, "width_ok": true, "detail": {"input_gates": 36800, "computed_gates": 4002, "certified": 4002, "structure_gates": 357, "total_gates": 41159, "committed": 37735, "cross_unit_reads": 75117, "computing_units": 935, "redundant_gates": 0}}
[partition] head cut {"family": "AttentionHead_v3", "statics": {"T": 129, "D": 64, "BN": 128}, "cut_ok": true, "codes": [], "recomputed_gates": 0, "width_ok": true, "detail": {"input_gates": 16576, "computed_gates": 1938, "certified": 1938, "structure_gates": 201, "total_gates": 18715, "committed": 17031, "cross_unit_reads": 33804, "computing_units": 455, "redundant_gates": 0}}
[partition] head cut {"family": "AttentionHeadSoftcap_v1", "statics": {"T": 130, "D": 256, "BN": 64, "CAP": 50.0}, "cut_ok": true, "codes": [], "recomputed_gates": 0, "width_ok": true, "detail": {"input_gates": 66816, "computed_gates": 6332, "certified": 6332, "structure_gates": 398, "total_gates": 73546, "committed": 67472, "cross_unit_reads": 134556, "computing_units": 656, "redundant_gates": 0}}
[partition] head cut {"family": "AttentionHead_v2", "statics": {"T": 287, "D": 128, "BN": 128, "DOT": {"fn": "HopperBF16WgmmaDot16_v1"}, "INV": {"fn": "Fa3InvSum_v1"}}, "cut_ok": true, "codes": [], "recomputed_gates": 0, "width_ok": true, "detail": {"input_gates": 73600, "computed_gates": 6558, "certified": 6558, "structure_gates": 421, "total_gates": 80579, "committed": 74599, "cross_unit_reads": 148781, "computing_units": 999, "redundant_gates": 0}}
PARTITION-ATTENTION-DONE
partition attention rc 0
[word-101] {"query": "Q_word_v1{X=16,W=32,R=no-recompute}", "ok": true, "calls": 46558, "units": 273995039, "gates": 18805632462, "committed_interior_words": 64169215, "violations": [], "attention": {"groups": 4592, "calls": 4592, "units": 73564160, "committed_interior_words": 64159744, "violations": 0}}
word 101 rc 0
tests rc=0 165 passed in 2.83s
lints rc=0 ...................................................                      [100%]
GM-PARTITION-DONE 2026-09-26T23:47:01Z
