2026-09-25T11:12:44Z IN red-team-flock: 1 file(s) store -> notes
notes sync: committed 9604164 (7 paths); pushed; skipped 10 over 1 MB (put them in the store): lanes/flock-bench-80gb/evidence/pod-scripts/unit-ampere_bf16.netlist, lanes/flock-bench-80gb/evidence/pod-scripts/unit-hopper_bf16.netlist, lanes/flock-bench-80gb/evidence/pod-scripts/unit-hopper_e4m3.netlist
2026-09-25T11:14:13Z IN red-team-flock: 1 file(s) store -> notes
notes sync: committed 2ee6181 (10 paths); pushed; skipped 10 over 1 MB (put them in the store): lanes/flock-bench-80gb/evidence/pod-scripts/unit-ampere_bf16.netlist, lanes/flock-bench-80gb/evidence/pod-scripts/unit-hopper_bf16.netlist, lanes/flock-bench-80gb/evidence/pod-scripts/unit-hopper_e4m3.netlist
2026-09-25T11:19:22Z IN red-team-flock: 3 file(s) store -> notes
2026-09-25T11:19:22Z IN machines.d: 1 entry file(s) store -> notes
notes sync: committed dc00f61 (75 paths); pushed; skipped 10 over 1 MB (put them in the store): lanes/flock-bench-80gb/evidence/pod-scripts/unit-ampere_bf16.netlist, lanes/flock-bench-80gb/evidence/pod-scripts/unit-hopper_bf16.netlist, lanes/flock-bench-80gb/evidence/pod-scripts/unit-hopper_e4m3.netlist
2026-09-25T11:24:31Z IN red-team-flock: 2 file(s) store -> notes
notes sync: committed 9a589c3 (5 paths); pushed; skipped 10 over 1 MB (put them in the store): lanes/flock-bench-80gb/evidence/pod-scripts/unit-ampere_bf16.netlist, lanes/flock-bench-80gb/evidence/pod-scripts/unit-hopper_bf16.netlist, lanes/flock-bench-80gb/evidence/pod-scripts/unit-hopper_e4m3.netlist
2026-09-25T11:29:37Z IN agkr-bound: 1 cloud handoff(s) store -> notes
2026-09-25T11:29:37Z IN coordinator: 1 cloud handoff(s) store -> notes
2026-09-25T11:29:38Z IN flock-128: 1 cloud handoff(s) store -> notes
2026-09-25T11:29:38Z IN flock-glue: 1 cloud handoff(s) store -> notes
2026-09-25T11:29:40Z IN red-team-flock: 1 file(s) store -> notes
notes sync: committed c9253e1 (21 paths); pushed; skipped 11 over 1 MB (put them in the store): lanes/flock-bench-80gb/evidence/pod-scripts/unit-ampere_bf16.netlist, lanes/flock-bench-80gb/evidence/pod-scripts/unit-hopper_bf16.netlist, lanes/flock-bench-80gb/evidence/pod-scripts/unit-hopper_e4m3.netlist
2026-09-25T11:39:55Z IN flock-live: 1 file(s) store -> notes
notes sync: committed 011a9f1 (49 paths); pushed; skipped 11 over 1 MB (put them in the store): lanes/flock-bench-80gb/evidence/pod-scripts/unit-ampere_bf16.netlist, lanes/flock-bench-80gb/evidence/pod-scripts/unit-hopper_bf16.netlist, lanes/flock-bench-80gb/evidence/pod-scripts/unit-hopper_e4m3.netlist
2026-09-25T11:45:04Z IN flock-live: 2 file(s) store -> notes
2026-09-25T11:45:04Z IN machines.d: 1 entry file(s) store -> notes
notes sync: committed 32b31f3 (5 paths); pushed; skipped 11 over 1 MB (put them in the store): lanes/flock-bench-80gb/evidence/pod-scripts/unit-ampere_bf16.netlist, lanes/flock-bench-80gb/evidence/pod-scripts/unit-hopper_bf16.netlist, lanes/flock-bench-80gb/evidence/pod-scripts/unit-hopper_e4m3.netlist
2026-09-25T11:55:18Z IN flock-live: 1 file(s) store -> notes
2026-09-25T11:55:18Z IN machines.d: 1 entry file(s) store -> notes
notes sync: committed 4ef9b05 (19 paths); pushed; skipped 11 over 1 MB (put them in the store): lanes/flock-bench-80gb/evidence/pod-scripts/unit-ampere_bf16.netlist, lanes/flock-bench-80gb/evidence/pod-scripts/unit-hopper_bf16.netlist, lanes/flock-bench-80gb/evidence/pod-scripts/unit-hopper_e4m3.netlist
2026-09-25T12:00:27Z IN flock-live: 8 file(s) store -> notes
2026-09-25T12:00:27Z IN machines.d: 2 entry file(s) store -> notes
notes sync: committed d1ad2b8 (46 paths); pushed; skipped 11 over 1 MB (put them in the store): lanes/flock-bench-80gb/evidence/pod-scripts/unit-ampere_bf16.netlist, lanes/flock-bench-80gb/evidence/pod-scripts/unit-hopper_bf16.netlist, lanes/flock-bench-80gb/evidence/pod-scripts/unit-hopper_e4m3.netlist
2026-09-25T12:10:42Z IN flock-live: 1 file(s) store -> notes
notes sync: committed 2982773 (26 paths); pushed; skipped 11 over 1 MB (put them in the store): lanes/flock-bench-80gb/evidence/pod-scripts/unit-ampere_bf16.netlist, lanes/flock-bench-80gb/evidence/pod-scripts/unit-hopper_bf16.netlist, lanes/flock-bench-80gb/evidence/pod-scripts/unit-hopper_e4m3.netlist
2026-09-25T12:15:51Z IN flock-live: 1 file(s) store -> notes
2026-09-25T12:15:51Z IN machines.d: 1 entry file(s) store -> notes
notes sync: committed 4c437af (93 paths); pushed; skipped 11 over 1 MB (put them in the store): lanes/flock-bench-80gb/evidence/pod-scripts/unit-ampere_bf16.netlist, lanes/flock-bench-80gb/evidence/pod-scripts/unit-hopper_bf16.netlist, lanes/flock-bench-80gb/evidence/pod-scripts/unit-hopper_e4m3.netlist
2026-09-25T12:21:00Z IN flock-live: 3 file(s) store -> notes
notes sync: committed b4e2e25 (9 paths); pushed; skipped 11 over 1 MB (put them in the store): lanes/flock-bench-80gb/evidence/pod-scripts/unit-ampere_bf16.netlist, lanes/flock-bench-80gb/evidence/pod-scripts/unit-hopper_bf16.netlist, lanes/flock-bench-80gb/evidence/pod-scripts/unit-hopper_e4m3.netlist
2026-09-25T12:26:07Z IN agkr-bound: 1 cloud handoff(s) store -> notes
2026-09-25T12:26:07Z IN coordinator: 1 cloud handoff(s) store -> notes
2026-09-25T12:26:07Z IN flock-glue: 1 cloud handoff(s) store -> notes
2026-09-25T12:26:09Z IN flock-live: 2 file(s) store -> notes
notes sync: committed 4349be7 (20 paths); pushed; skipped 11 over 1 MB (put them in the store): lanes/flock-bench-80gb/evidence/pod-scripts/unit-ampere_bf16.netlist, lanes/flock-bench-80gb/evidence/pod-scripts/unit-hopper_bf16.netlist, lanes/flock-bench-80gb/evidence/pod-scripts/unit-hopper_e4m3.netlist
2026-09-25T12:26:51Z IN red-team-flock: 1 file(s) store -> notes
notes sync: committed 84c7b5c (18 paths); pushed; skipped 11 over 1 MB (put them in the store): lanes/flock-bench-80gb/evidence/pod-scripts/unit-ampere_bf16.netlist, lanes/flock-bench-80gb/evidence/pod-scripts/unit-hopper_bf16.netlist, lanes/flock-bench-80gb/evidence/pod-scripts/unit-hopper_e4m3.netlist
2026-09-25T12:31:18Z IN red-team-flock: 1 file(s) store -> notes
2026-09-25T12:36:27Z IN red-team-flock: 2 file(s) store -> notes
2026-09-25T12:36:27Z IN machines.d: 1 entry file(s) store -> notes
2026-09-25T12:41:37Z IN red-team-flock: 1 file(s) store -> notes
2026-09-25T12:41:37Z IN machines.d: 1 entry file(s) store -> notes
2026-09-25T12:46:47Z IN machines.d: 1 entry file(s) store -> notes
notes sync: committed 4dfd232 (3 paths); pushed; skipped 11 over 1 MB (put them in the store): lanes/flock-bench-80gb/evidence/pod-scripts/unit-ampere_bf16.netlist, lanes/flock-bench-80gb/evidence/pod-scripts/unit-hopper_bf16.netlist, lanes/flock-bench-80gb/evidence/pod-scripts/unit-hopper_e4m3.netlist
2026-09-25T12:51:56Z IN red-team-flock: 2 file(s) store -> notes
notes sync: committed 1cc3c45 (4 paths); pushed; skipped 11 over 1 MB (put them in the store): lanes/flock-bench-80gb/evidence/pod-scripts/unit-ampere_bf16.netlist, lanes/flock-bench-80gb/evidence/pod-scripts/unit-hopper_bf16.netlist, lanes/flock-bench-80gb/evidence/pod-scripts/unit-hopper_e4m3.netlist
2026-09-25T12:57:03Z IN coordinator: 1 cloud handoff(s) store -> notes
2026-09-25T12:57:05Z IN red-team-flock: 1 file(s) store -> notes
2026-09-25T14:26:04Z IN machines.d: 5 entry file(s) store -> notes
2026-09-25T14:34:33Z IN verify-night-3: 2 file(s) store -> notes
2026-09-25T14:34:33Z IN red-team-standard-hash-2: 2 file(s) store -> notes
2026-09-25T14:34:33Z IN reverify-tile-2: 3 file(s) store -> notes
2026-09-25T14:34:33Z IN flock-link: 1 file(s) store -> notes
2026-09-25T14:34:33Z IN reaper-resume-guard: 1 file(s) store -> notes
2026-09-25T14:38:13Z IN verify-night-3: 4 file(s) store -> notes
2026-09-25T14:38:13Z IN red-team-standard-hash-2: 1 file(s) store -> notes
2026-09-25T14:38:13Z IN reverify-tile-2: 2 file(s) store -> notes
2026-09-25T14:38:13Z IN flock-link: 1 file(s) store -> notes
2026-09-25T14:38:13Z IN machines.d: 1 entry file(s) store -> notes
notes sync: committed ebe8d3f (18 paths); pushed; skipped 11 over 1 MB (put them in the store): lanes/flock-bench-80gb/evidence/pod-scripts/unit-ampere_bf16.netlist, lanes/flock-bench-80gb/evidence/pod-scripts/unit-hopper_bf16.netlist, lanes/flock-bench-80gb/evidence/pod-scripts/unit-hopper_e4m3.netlist
2026-09-25T14:39:32Z IN verify-night-3: 1 file(s) store -> notes
2026-09-25T14:39:32Z IN red-team-standard-hash-2: 1 file(s) store -> notes
2026-09-25T14:39:32Z IN flock-link: 1 file(s) store -> notes
2026-09-25T14:39:32Z IN machines.d: 1 entry file(s) store -> notes
notes sync: committed e22b8ee (8 paths); pushed; skipped 11 over 1 MB (put them in the store): lanes/flock-bench-80gb/evidence/pod-scripts/unit-ampere_bf16.netlist, lanes/flock-bench-80gb/evidence/pod-scripts/unit-hopper_bf16.netlist, lanes/flock-bench-80gb/evidence/pod-scripts/unit-hopper_e4m3.netlist
2026-09-25T14:43:19Z IN b-ligero-sha256: 1 cloud handoff(s) store -> notes
2026-09-25T14:43:20Z IN coordinator: 1 cloud handoff(s) store -> notes
2026-09-25T14:43:22Z IN verify-night-3: 2 file(s) store -> notes
2026-09-25T14:43:22Z IN red-team-standard-hash-2: 2 file(s) store -> notes
2026-09-25T14:43:22Z IN reverify-tile-2: 2 file(s) store -> notes
notes sync: committed d424e49 (17 paths); pushed; skipped 11 over 1 MB (put them in the store): lanes/flock-bench-80gb/evidence/pod-scripts/unit-ampere_bf16.netlist, lanes/flock-bench-80gb/evidence/pod-scripts/unit-hopper_bf16.netlist, lanes/flock-bench-80gb/evidence/pod-scripts/unit-hopper_e4m3.netlist
2026-09-25T14:48:31Z IN verify-night-3: 3 file(s) store -> notes
2026-09-25T14:48:31Z IN red-team-standard-hash-2: 1 file(s) store -> notes
2026-09-25T14:48:31Z IN reverify-tile-2: 1 file(s) store -> notes
2026-09-25T14:48:31Z IN reaper-resume-guard: 2 file(s) store -> notes
notes sync: committed 8cd8dca (12 paths); pushed; skipped 11 over 1 MB (put them in the store): lanes/flock-bench-80gb/evidence/pod-scripts/unit-ampere_bf16.netlist, lanes/flock-bench-80gb/evidence/pod-scripts/unit-hopper_bf16.netlist, lanes/flock-bench-80gb/evidence/pod-scripts/unit-hopper_e4m3.netlist
2026-09-25T14:53:38Z IN b-ligero-sha256: 1 cloud handoff(s) store -> notes
2026-09-25T14:53:38Z IN coordinator: 2 cloud handoff(s) store -> notes
2026-09-25T14:53:40Z IN verify-night-3: 2 file(s) store -> notes
2026-09-25T14:53:41Z IN red-team-standard-hash-2: 2 file(s) store -> notes
notes sync: committed 9957994 (11 paths); pushed; skipped 11 over 1 MB (put them in the store): lanes/flock-bench-80gb/evidence/pod-scripts/unit-ampere_bf16.netlist, lanes/flock-bench-80gb/evidence/pod-scripts/unit-hopper_bf16.netlist, lanes/flock-bench-80gb/evidence/pod-scripts/unit-hopper_e4m3.netlist
2026-09-25T14:58:48Z IN blake3-80gb: 1 cloud handoff(s) store -> notes
2026-09-25T14:58:48Z IN coordinator: 2 cloud handoff(s) store -> notes
2026-09-25T14:58:51Z IN verify-night-3: 4 file(s) store -> notes
2026-09-25T14:58:51Z IN red-team-standard-hash-2: 1 file(s) store -> notes
2026-09-25T14:58:51Z IN reverify-tile-2: 3 file(s) store -> notes
2026-09-25T14:58:51Z IN flock-link: 3 file(s) store -> notes
2026-09-25T14:58:51Z IN reaper-resume-guard: 2 file(s) store -> notes
notes sync: committed beb062d (20 paths); pushed; skipped 11 over 1 MB (put them in the store): lanes/flock-bench-80gb/evidence/pod-scripts/unit-ampere_bf16.netlist, lanes/flock-bench-80gb/evidence/pod-scripts/unit-hopper_bf16.netlist, lanes/flock-bench-80gb/evidence/pod-scripts/unit-hopper_e4m3.netlist
2026-09-25T15:04:00Z IN coordinator: 1 cloud handoff(s) store -> notes
2026-09-25T15:04:03Z IN verify-night-3: 2 file(s) store -> notes
2026-09-25T15:04:03Z IN red-team-standard-hash-2: 1 file(s) store -> notes
2026-09-25T15:04:03Z IN machines.d: 1 entry file(s) store -> notes
notes sync: committed 47eb767 (9 paths); pushed; skipped 11 over 1 MB (put them in the store): lanes/flock-bench-80gb/evidence/pod-scripts/unit-ampere_bf16.netlist, lanes/flock-bench-80gb/evidence/pod-scripts/unit-hopper_bf16.netlist, lanes/flock-bench-80gb/evidence/pod-scripts/unit-hopper_e4m3.netlist
2026-09-25T15:09:10Z IN coordinator: 1 cloud handoff(s) store -> notes
2026-09-25T15:09:13Z IN verify-night-3: 1 file(s) store -> notes
2026-09-25T15:09:13Z IN red-team-standard-hash-2: 1 file(s) store -> notes
2026-09-25T15:09:13Z IN machines.d: 1 entry file(s) store -> notes
notes sync: committed b045d53 (6 paths); pushed; skipped 11 over 1 MB (put them in the store): lanes/flock-bench-80gb/evidence/pod-scripts/unit-ampere_bf16.netlist, lanes/flock-bench-80gb/evidence/pod-scripts/unit-hopper_bf16.netlist, lanes/flock-bench-80gb/evidence/pod-scripts/unit-hopper_e4m3.netlist
2026-09-25T15:14:20Z IN coordinator: 1 cloud handoff(s) store -> notes
2026-09-25T15:14:22Z IN red-team-standard-hash-2: 2 file(s) store -> notes
2026-09-25T15:14:23Z IN reverify-tile-2: 1 file(s) store -> notes
2026-09-25T15:14:23Z IN flock-link: 1 file(s) store -> notes
notes sync: committed 3d54f98 (6 paths); pushed; skipped 11 over 1 MB (put them in the store): lanes/flock-bench-80gb/evidence/pod-scripts/unit-ampere_bf16.netlist, lanes/flock-bench-80gb/evidence/pod-scripts/unit-hopper_bf16.netlist, lanes/flock-bench-80gb/evidence/pod-scripts/unit-hopper_e4m3.netlist
2026-09-25T15:19:33Z IN reverify-tile-2: 1 file(s) store -> notes
2026-09-25T15:34:55Z IN flock-link: 1 file(s) store -> notes
notes sync: committed 36399c5 (3 paths); pushed; skipped 11 over 1 MB (put them in the store): lanes/flock-bench-80gb/evidence/pod-scripts/unit-ampere_bf16.netlist, lanes/flock-bench-80gb/evidence/pod-scripts/unit-hopper_bf16.netlist, lanes/flock-bench-80gb/evidence/pod-scripts/unit-hopper_e4m3.netlist
2026-09-25T15:40:04Z IN coordinator: 1 cloud handoff(s) store -> notes
2026-09-25T15:40:08Z IN flock-link: 1 file(s) store -> notes
notes sync: committed dc0e97b (4 paths); pushed; skipped 11 over 1 MB (put them in the store): lanes/flock-bench-80gb/evidence/pod-scripts/unit-ampere_bf16.netlist, lanes/flock-bench-80gb/evidence/pod-scripts/unit-hopper_bf16.netlist, lanes/flock-bench-80gb/evidence/pod-scripts/unit-hopper_e4m3.netlist
2026-09-25T15:45:19Z IN red-team-flock: 1 file(s) store -> notes
notes sync: committed 2274ac6 (3 paths); pushed; skipped 11 over 1 MB (put them in the store): lanes/flock-bench-80gb/evidence/pod-scripts/unit-ampere_bf16.netlist, lanes/flock-bench-80gb/evidence/pod-scripts/unit-hopper_bf16.netlist, lanes/flock-bench-80gb/evidence/pod-scripts/unit-hopper_e4m3.netlist
2026-09-25T15:50:31Z IN red-team-flock: 2 file(s) store -> notes
2026-09-25T16:24:05Z IN reverify-fp4: 1 file(s) store -> notes
2026-09-25T16:24:05Z IN agkr-flock-cell: 2 file(s) store -> notes
2026-09-25T16:24:05Z IN ligero-hygiene: 1 file(s) store -> notes
2026-09-25T16:24:05Z IN machines.d: 1 entry file(s) store -> notes
