36 passed in 5.92s
t=2^20 k=0:    1.762 ms  matmul-only    2.727 ms  util round 0.0038 matmul 0.0025  MACs 6.644e+09 (model 6.644e+09)  mem 0.38 GB  [2s]
t=2^20 k=1:    1.707 ms  matmul-only    2.674 ms  util round 0.0023 matmul 0.0015  MACs 3.876e+09 (model 3.876e+09)  mem 0.54 GB  [5s]
t=2^20 k=2:    1.560 ms  matmul-only    2.283 ms  util round 0.0016 matmul 0.0011  MACs 2.517e+09 (model 2.517e+09)  mem 0.77 GB  [6s]
t=2^20 k=3:    1.575 ms  matmul-only    1.998 ms  util round 0.0015 matmul 0.0012  MACs 2.290e+09 (model 2.290e+09)  mem 0.82 GB  [7s]
t=2^20 k=4:    1.584 ms  matmul-only    1.274 ms  util round 0.0020 matmul 0.0024  MACs 3.083e+09 (model 3.083e+09)  mem 0.90 GB  [46s]
t=2^22 k=0:    2.402 ms  matmul-only    4.474 ms  util round 0.0112 matmul 0.0060  MACs 2.658e+10 (model 2.658e+10)  mem 2.38 GB  [47s]
t=2^22 k=1:    2.266 ms  matmul-only    4.518 ms  util round 0.0069 matmul 0.0035  MACs 1.550e+10 (model 1.550e+10)  mem 1.63 GB  [48s]
t=2^22 k=2:    1.968 ms  matmul-only    2.878 ms  util round 0.0052 matmul 0.0035  MACs 1.007e+10 (model 1.007e+10)  mem 1.28 GB  [49s]
t=2^22 k=3:    1.942 ms  matmul-only    2.214 ms  util round 0.0048 matmul 0.0042  MACs 9.160e+09 (model 9.160e+09)  mem 1.20 GB  [51s]
t=2^22 k=4:    2.140 ms  matmul-only    1.872 ms  util round 0.0058 matmul 0.0067  MACs 1.233e+10 (model 1.233e+10)  mem 1.31 GB  [52s]
t=2^24 k=0:    4.606 ms  matmul-only   17.817 ms  util round 0.0233 matmul 0.0060  MACs 1.063e+11 (model 1.063e+11)  mem 9.56 GB  [54s]
t=2^24 k=1:    4.100 ms  matmul-only   15.608 ms  util round 0.0153 matmul 0.0040  MACs 6.201e+10 (model 6.201e+10)  mem 5.34 GB  [56s]
t=2^24 k=2:    3.020 ms  matmul-only    8.137 ms  util round 0.0135 matmul 0.0050  MACs 4.027e+10 (model 4.027e+10)  mem 2.62 GB  [58s]
t=2^24 k=3:    2.909 ms  matmul-only    4.818 ms  util round 0.0127 matmul 0.0077  MACs 3.664e+10 (model 3.664e+10)  mem 1.86 GB  [59s]
t=2^24 k=4:    3.714 ms  matmul-only    3.897 ms  util round 0.0134 matmul 0.0128  MACs 4.933e+10 (model 4.933e+10)  mem 2.07 GB  [61s]
t=2^26 k=0:   12.557 ms  matmul-only   69.919 ms  util round 0.0342 matmul 0.0061  MACs 4.252e+11 (model 4.252e+11)  mem 34.93 GB  [65s]
t=2^26 k=1:   10.683 ms  matmul-only   70.111 ms  util round 0.0235 matmul 0.0036  MACs 2.480e+11 (model 2.480e+11)  mem 18.02 GB  [69s]
t=2^26 k=2:    6.433 ms  matmul-only   36.371 ms  util round 0.0253 matmul 0.0045  MACs 1.611e+11 (model 1.611e+11)  mem 9.70 GB  [72s]
t=2^26 k=3:    5.968 ms  matmul-only   16.746 ms  util round 0.0248 matmul 0.0088  MACs 1.466e+11 (model 1.466e+11)  mem 5.34 GB  [75s]
t=2^26 k=4:    9.253 ms  matmul-only   11.865 ms  util round 0.0215 matmul 0.0168  MACs 1.973e+11 (model 1.973e+11)  mem 4.97 GB  [77s]
k=0: batch 369.2 ms (padded) / 223.1 ms (unpadded); per VU 90.15 us; fit 0.162 ns/elem + 1.720 ms
k=1: batch 308.1 ms (padded) / 186.7 ms (unpadded); per VU 75.21 us; fit 0.135 ns/elem + 1.692 ms
k=2: batch 169.4 ms (padded) / 104.4 ms (unpadded); per VU 41.36 us; fit 0.072 ns/elem + 1.640 ms
k=3: batch 153.7 ms (padded) / 95.1 ms (unpadded); per VU 37.52 us; fit 0.065 ns/elem + 1.652 ms
k=4: batch 262.8 ms (padded) / 159.8 ms (unpadded); per VU 64.17 us; fit 0.114 ns/elem + 1.627 ms
