=== depth 3 squeeze-workers 1
pass 0: wall 59.2 ms (sync 59.4); host busy 32.0 ms = 54% of wall, blocked 26.9 ms; stage_busy_ms {0: 17.27, 1: 0.46, 2: 5.54, 3: 5.46, 4: 3.29}
   event-measured per sub-batch (ms, median over the 7; sum of medians 37.3): total=18.38 tests_w=13.08 encode=2.17 hints_host=1.51 merkle=1.14 openings=0.88
pass 1: wall 65.9 ms (sync 66.6); host busy 43.6 ms = 66% of wall, blocked 22.1 ms; stage_busy_ms {0: 15.01, 1: 0.42, 2: 5.67, 3: 13.74, 4: 8.71}
   event-measured per sub-batch (ms, median over the 7; sum of medians 46.1): total=22.88 tests_w=15.96 encode=2.40 openings=1.97 hints_host=1.44 merkle=1.34
pass 2: wall 54.8 ms (sync 55.2); host busy 29.3 ms = 53% of wall, blocked 25.3 ms; stage_busy_ms {0: 14.4, 1: 0.51, 2: 4.83, 3: 6.26, 4: 3.26}
   event-measured per sub-batch (ms, median over the 7; sum of medians 36.0): total=18.48 tests_w=10.92 encode=2.28 hints_host=1.71 merkle=1.35 openings=1.13
pass 3: wall 63.6 ms (sync 64.1); host busy 41.4 ms = 65% of wall, blocked 22.0 ms; stage_busy_ms {0: 14.14, 1: 0.4, 2: 5.59, 3: 12.97, 4: 8.26}
   event-measured per sub-batch (ms, median over the 7; sum of medians 45.3): total=22.50 tests_w=15.44 encode=2.40 openings=2.06 hints_host=1.45 merkle=1.34
=== depth 3 squeeze-workers 3
DIAGNOSTIC: pipeline.SQUEEZE -> 3 hot workers (shake_overlapped=True)
pass 0: wall 59.1 ms (sync 59.2); host busy 36.8 ms = 62% of wall, blocked 22.0 ms; stage_busy_ms {0: 19.81, 1: 0.51, 2: 6.41, 3: 5.9, 4: 4.14}
   event-measured per sub-batch (ms, median over the 7; sum of medians 37.3): total=18.35 tests_w=12.63 encode=2.13 hints_host=1.96 merkle=1.13 openings=1.02
pass 1: wall 69.3 ms (sync 70.1); host busy 48.6 ms = 70% of wall, blocked 20.5 ms; stage_busy_ms {0: 17.93, 1: 0.48, 2: 4.56, 3: 13.56, 4: 10.58, 5: 1.46}
   event-measured per sub-batch (ms, median over the 7; sum of medians 46.2): total=23.48 tests_w=15.46 openings=2.26 encode=2.17 hints_host=1.59 merkle=1.13
pass 2: wall 56.9 ms (sync 57.4); host busy 35.8 ms = 63% of wall, blocked 20.8 ms; stage_busy_ms {0: 18.54, 1: 0.51, 2: 5.98, 3: 6.66, 4: 4.12}
   event-measured per sub-batch (ms, median over the 7; sum of medians 39.4): total=19.48 tests_w=13.64 encode=2.06 hints_host=1.98 merkle=1.11 openings=1.04
pass 3: wall 83.9 ms (sync 84.4); host busy 46.7 ms = 56% of wall, blocked 37.0 ms; stage_busy_ms {0: 17.91, 1: 0.51, 2: 5.31, 3: 13.87, 4: 9.04}
   event-measured per sub-batch (ms, median over the 7; sum of medians 50.8): total=25.30 tests_w=18.33 openings=2.26 encode=2.18 hints_host=1.50 merkle=1.11
=== depth 4 squeeze-workers 4
DIAGNOSTIC: pipeline.SQUEEZE -> 4 hot workers (shake_overlapped=True)
pass 0: wall 67.3 ms (sync 67.5); host busy 31.9 ms = 47% of wall, blocked 35.2 ms; stage_busy_ms {0: 18.32, 1: 0.5, 2: 4.39, 3: 5.7, 4: 3.02}
   event-measured per sub-batch (ms, median over the 7; sum of medians 53.1): total=26.79 tests_w=19.17 hints_host=2.83 encode=2.16 merkle=1.15 openings=0.91
pass 1: wall 75.5 ms (sync 76.0); host busy 46.2 ms = 61% of wall, blocked 29.0 ms; stage_busy_ms {0: 16.81, 1: 0.51, 2: 4.85, 3: 14.08, 4: 9.96}
   event-measured per sub-batch (ms, median over the 7; sum of medians 55.9): total=28.00 tests_w=20.25 openings=2.20 encode=2.12 hints_host=2.09 merkle=1.14
pass 2: wall 65.8 ms (sync 66.1); host busy 30.7 ms = 47% of wall, blocked 34.9 ms; stage_busy_ms {0: 16.74, 1: 0.41, 2: 3.55, 3: 5.75, 4: 4.23}
   event-measured per sub-batch (ms, median over the 7; sum of medians 49.3): total=24.54 tests_w=17.68 hints_host=2.71 encode=2.16 merkle=1.15 openings=0.99
pass 3: wall 63.7 ms (sync 64.1); host busy 33.6 ms = 53% of wall, blocked 29.9 ms; stage_busy_ms {0: 17.9, 1: 0.52, 2: 4.26, 3: 7.07, 4: 3.86}
   event-measured per sub-batch (ms, median over the 7; sum of medians 51.6): total=25.99 tests_w=18.20 hints_host=2.84 encode=2.14 openings=1.25 merkle=1.12
=== depth 5 squeeze-workers 5
DIAGNOSTIC: pipeline.SQUEEZE -> 5 hot workers (shake_overlapped=True)
pass 0: wall 68.7 ms (sync 68.9); host busy 45.1 ms = 66% of wall, blocked 23.4 ms; stage_busy_ms {0: 24.22, 1: 0.49, 2: 3.91, 3: 6.43, 4: 8.32, 5: 1.71}
   event-measured per sub-batch (ms, median over the 7; sum of medians 62.2): total=34.14 tests_w=21.38 encode=2.06 hints_host=1.92 openings=1.48 merkle=1.12 statement=0.06
pass 1: wall 75.8 ms (sync 76.1); host busy 50.6 ms = 67% of wall, blocked 25.0 ms; stage_busy_ms {0: 21.75, 1: 0.69, 2: 3.29, 3: 14.56, 4: 10.36}
   event-measured per sub-batch (ms, median over the 7; sum of medians 70.3): total=35.84 tests_w=23.81 openings=4.68 hints_host=2.68 encode=2.07 merkle=1.10
pass 2: wall 54.7 ms (sync 55.0); host busy 35.4 ms = 65% of wall, blocked 19.1 ms; stage_busy_ms {0: 20.64, 1: 0.51, 2: 3.77, 3: 6.16, 4: 4.31}
   event-measured per sub-batch (ms, median over the 7; sum of medians 52.9): total=27.13 tests_w=17.70 hints_host=3.50 encode=2.19 openings=1.15 merkle=1.14
pass 3: wall 69.5 ms (sync 69.8); host busy 44.9 ms = 65% of wall, blocked 24.4 ms; stage_busy_ms {0: 18.25, 1: 0.45, 2: 4.24, 3: 13.78, 4: 8.18}
   event-measured per sub-batch (ms, median over the 7; sum of medians 64.1): total=31.95 tests_w=22.86 hints_host=3.21 openings=2.71 encode=2.17 merkle=1.11
