[fa-tap] fa2 hd64 prefill_short                  tile 64x128 HB=20 M=65 NB=1 skipped=0 ==installed True ==untapped True spill=0 unwritten=0 row3 guards=0 !=guard 0 first!=0 0 !=ir 0/0 ==baseline True ms words=840 !=ir-twin 0 (row_max -inf 0) !=ir 0/64 -> OK
[fa-tap] fa2 hd64 prefill_mid                    tile 64x128 HB=16 M=255 NB=2 skipped=0 ==installed True ==untapped True spill=0 unwritten=0 row3 guards=512 !=guard 0 first!=0 0 !=ir 0/64 ==baseline True ms words=3068 !=ir-twin 0 (row_max -inf 0) !=ir 0/64 -> OK
[fa-tap] fa2 hd64 prefill_256                    tile 64x128 HB=12 M=257 NB=3 skipped=0 ==installed True ==untapped True spill=0 unwritten=0 row3 guards=1032 !=guard 0 first!=0 0 !=ir 0/64 ==baseline True ms words=3104 !=ir-twin 0 (row_max -inf 0) !=ir 0/64 -> OK
[fa-tap] fa2 hd64 prefill_long                   tile 64x128 HB=4 M=1031 NB=9 skipped=0 ==installed True ==untapped True spill=0 unwritten=0 row3 guards=14112 !=guard 0 first!=0 0 !=ir 0/64 ==baseline True ms words=18174 !=ir-twin 0 (row_max -inf 0) !=ir 0/64 -> OK
[fa-tap] fa2 hd64 chunked                        tile 64x128 HB=12 M=64 NB=8 skipped=0 ==installed True ==untapped True spill=0 unwritten=0 row3 guards=1932 !=guard 0 first!=0 0 !=ir 0/64 ==baseline True ms words=2260 !=ir-twin 0 (row_max -inf 0) !=ir 0/64 -> OK
[fa-tap] fa2 hd64 decode_gqa                     tile 64x128 HB=18 M=4 NB=16 skipped=0 ==installed True ==untapped True spill=0 unwritten=0 row3 guards=248 !=guard 0 first!=0 0 !=ir 0/64 ==baseline True ms words=320 !=ir-twin 0 (row_max -inf 0) !=ir 0/64 -> OK
[fa-tap] fa2 hd64 decode_mha                     tile 64x128 HB=18 M=1 NB=16 skipped=0 ==installed True ==untapped True spill=0 unwritten=0 row3 guards=62 !=guard 0 first!=0 0 !=ir 0/62 ==baseline True ms words=80 !=ir-twin 0 (row_max -inf 0) !=ir 0/64 -> OK
[fa-tap] fa2 hd64 edge_rows                      tile 64x128 HB=16 M=130 NB=3 skipped=0 ==installed True ==untapped True spill=0 unwritten=0 row3 guards=24 !=guard 0 first!=0 0 !=ir 0/24 ==baseline True ms words=556 !=ir-twin 0 (row_max -inf 0) !=ir 0/64 -> OK
[fa-tap] fa2 hd64 g2_prefill_softcap             tile 64x128 HB=48 M=257 NB=3 skipped=0 ==installed True ==untapped True spill=0 unwritten=0 row3 guards=2056 !=guard 0 first!=0 0 !=ir 0/64 ==baseline True ms words=7328 !=ir-twin 0 (row_max -inf 0) !=ir 0/64 -> OK
[fa-tap] fa2 hd64 g2_prefill_softcap_window      tile 64x128 HB=48 M=257 NB=3 skipped=0 ==installed True ==untapped True spill=0 unwritten=0 row3 guards=2056 !=guard 0 first!=0 0 !=ir 0/64 ==baseline True ms words=7328 !=ir-twin 0 (row_max -inf 0) !=ir 0/64 -> OK
[fa-tap] fa2 hd64 g2_prefill_long_window         tile 64x128 HB=8 M=1031 NB=9 skipped=0 ==installed True ==untapped True spill=0 unwritten=0 row3 guards=28224 !=guard 0 first!=0 0 !=ir 0/64 ==baseline True ms words=36348 !=ir-twin 0 (row_max -inf 0) !=ir 0/64 -> OK
[fa-tap] fa2 hd64 g2_chunked_softcap_window      tile 64x128 HB=24 M=64 NB=8 skipped=0 ==installed True ==untapped True spill=0 unwritten=0 row3 guards=3864 !=guard 0 first!=0 0 !=ir 0/64 ==baseline True ms words=4520 !=ir-twin 0 (row_max -inf 0) !=ir 0/64 -> OK
[fa-tap] fa2 hd64 g2_decode_gqa_softcap          tile 64x128 HB=28 M=2 NB=9 skipped=0 ==installed True ==untapped True spill=0 unwritten=0 row3 guards=128 !=guard 0 first!=0 0 !=ir 0/64 ==baseline True ms words=184 !=ir-twin 0 (row_max -inf 0) !=ir 0/64 -> OK
[fa-tap] fa2 hd64 g2_decode_gqa_softcap_window   tile 64x128 HB=56 M=1 NB=9 skipped=0 ==installed True ==untapped True spill=0 unwritten=0 row3 guards=128 !=guard 0 first!=0 0 !=ir 0/64 ==baseline True ms words=184 !=ir-twin 0 (row_max -inf 0) !=ir 0/64 -> OK
[fa-tap] fa2 hd64 g2_decode_mha_window           tile 64x128 HB=20 M=1 NB=9 skipped=0 ==installed True ==untapped True spill=0 unwritten=0 row3 guards=60 !=guard 0 first!=0 0 !=ir 0/60 ==baseline True ms words=80 !=ir-twin 0 (row_max -inf 0) !=ir 0/64 -> OK
[fa-tap] fa2 hd64 g2_edge_rows_softcap           tile 64x128 HB=32 M=130 NB=3 skipped=0 ==installed True ==untapped True spill=0 unwritten=0 row3 guards=48 !=guard 0 first!=0 0 !=ir 0/48 ==baseline True ms words=1112 !=ir-twin 0 (row_max -inf 0) !=ir 0/65 -> OK
[fa-tap] fa2 hd64 negative prefill_short (wrong head_dim): skipped=1 untouched=True ==installed True -> OK
[fa-tap] fa2 hd64 negative prefill_short (wrong kBlockN): skipped=1 untouched=True ==installed True -> OK
[fa-tap] fa2 hd64 negative g2_decode_gqa_softcap_window (swapped geometry declared for an un-swapped windowed decode): skipped=1 untouched=True ==installed True -> OK
[fa-tap] fa2 hd96 prefill_short                  tile 64x64 HB=20 M=65 NB=2 skipped=0 ==installed True ==untapped True spill=0 unwritten=0 row3 guards=4 !=guard 0 first!=0 0 !=ir 0/4 ==baseline True ms words=844 !=ir-twin 0 (row_max -inf 0) !=ir 0/64 -> OK
[fa-tap] fa2 hd96 prefill_mid                    tile 64x64 HB=16 M=255 NB=4 skipped=0 ==installed True ==untapped True spill=0 unwritten=0 row3 guards=2296 !=guard 0 first!=0 0 !=ir 0/64 ==baseline True ms words=4852 !=ir-twin 0 (row_max -inf 0) !=ir 0/64 -> OK
[fa-tap] fa2 hd96 prefill_256                    tile 64x64 HB=12 M=257 NB=5 skipped=0 ==installed True ==untapped True spill=0 unwritten=0 row3 guards=3088 !=guard 0 first!=0 0 !=ir 0/64 ==baseline True ms words=5160 !=ir-twin 0 (row_max -inf 0) !=ir 0/64 -> OK
[fa-tap] fa2 hd96 prefill_long                   tile 64x64 HB=4 M=1031 NB=17 skipped=0 ==installed True ==untapped True spill=0 unwritten=0 row3 guards=30224 !=guard 0 first!=0 0 !=ir 0/64 ==baseline True ms words=34286 !=ir-twin 0 (row_max -inf 0) !=ir 0/64 -> OK
[fa-tap] fa2 hd96 chunked                        tile 64x64 HB=12 M=64 NB=16 skipped=0 ==installed True ==untapped True spill=0 unwritten=0 row3 guards=4120 !=guard 0 first!=0 0 !=ir 0/64 ==baseline True ms words=4448 !=ir-twin 0 (row_max -inf 0) !=ir 0/65 -> OK
[fa-tap] fa2 hd96 decode_gqa                     tile 64x64 HB=18 M=4 NB=32 skipped=0 ==installed True ==untapped True spill=0 unwritten=0 row3 guards=528 !=guard 0 first!=0 0 !=ir 0/64 ==baseline True ms words=600 !=ir-twin 0 (row_max -inf 0) !=ir 0/64 -> OK
[fa-tap] fa2 hd96 decode_mha                     tile 64x64 HB=18 M=1 NB=32 skipped=0 ==installed True ==untapped True spill=0 unwritten=0 row3 guards=132 !=guard 0 first!=0 0 !=ir 0/64 ==baseline True ms words=150 !=ir-twin 0 (row_max -inf 0) !=ir 0/64 -> OK
[fa-tap] fa2 hd96 edge_rows                      tile 64x64 HB=16 M=130 NB=5 skipped=0 ==installed True ==untapped True spill=0 unwritten=0 row3 guards=304 !=guard 0 first!=0 0 !=ir 0/65 ==baseline True ms words=836 !=ir-twin 0 (row_max -inf 0) !=ir 0/65 -> OK
[fa-tap] fa2 hd96 g2_prefill_softcap             tile 64x64 HB=48 M=257 NB=5 skipped=0 ==installed True ==untapped True spill=0 unwritten=0 row3 guards=6160 !=guard 0 first!=0 0 !=ir 0/64 ==baseline True ms words=11432 !=ir-twin 0 (row_max -inf 0) !=ir 0/64 -> OK
[fa-tap] fa2 hd96 g2_prefill_softcap_window      tile 64x64 HB=48 M=257 NB=5 skipped=0 ==installed True ==untapped True spill=0 unwritten=0 row3 guards=6160 !=guard 0 first!=0 0 !=ir 0/64 ==baseline True ms words=11432 !=ir-twin 0 (row_max -inf 0) !=ir 0/64 -> OK
[fa-tap] fa2 hd96 g2_prefill_long_window         tile 64x64 HB=8 M=1031 NB=17 skipped=0 ==installed True ==untapped True spill=0 unwritten=0 row3 guards=60448 !=guard 0 first!=0 0 !=ir 0/64 ==baseline True ms words=68572 !=ir-twin 0 (row_max -inf 0) !=ir 0/64 -> OK
[fa-tap] fa2 hd96 g2_chunked_softcap_window      tile 64x64 HB=24 M=64 NB=16 skipped=0 ==installed True ==untapped True spill=0 unwritten=0 row3 guards=8240 !=guard 0 first!=0 0 !=ir 0/64 ==baseline True ms words=8896 !=ir-twin 0 (row_max -inf 0) !=ir 0/65 -> OK
[fa-tap] fa2 hd96 g2_decode_gqa_softcap          tile 64x64 HB=28 M=2 NB=17 skipped=0 ==installed True ==untapped True spill=0 unwritten=0 row3 guards=272 !=guard 0 first!=0 0 !=ir 0/64 ==baseline True ms words=328 !=ir-twin 0 (row_max -inf 0) !=ir 0/64 -> OK
[fa-tap] fa2 hd96 g2_decode_gqa_softcap_window   tile 64x64 HB=56 M=1 NB=17 skipped=0 ==installed True ==untapped True spill=0 unwritten=0 row3 guards=272 !=guard 0 first!=0 0 !=ir 0/64 ==baseline True ms words=328 !=ir-twin 0 (row_max -inf 0) !=ir 0/64 -> OK
[fa-tap] fa2 hd96 g2_decode_mha_window           tile 64x64 HB=20 M=1 NB=17 skipped=0 ==installed True ==untapped True spill=0 unwritten=0 row3 guards=128 !=guard 0 first!=0 0 !=ir 0/64 ==baseline True ms words=148 !=ir-twin 0 (row_max -inf 0) !=ir 0/64 -> OK
[fa-tap] fa2 hd96 g2_edge_rows_softcap           tile 64x64 HB=32 M=130 NB=5 skipped=0 ==installed True ==untapped True spill=0 unwritten=0 row3 guards=608 !=guard 0 first!=0 0 !=ir 0/65 ==baseline True ms words=1672 !=ir-twin 0 (row_max -inf 0) !=ir 0/65 -> OK
[fa-tap] fa2 hd96 negative prefill_short (wrong head_dim): skipped=1 untouched=True ==installed True -> OK
[fa-tap] fa2 hd96 negative prefill_short (wrong kBlockN): skipped=1 untouched=True ==installed True -> OK
[fa-tap] fa2 hd96 negative g2_decode_gqa_softcap_window (swapped geometry declared for an un-swapped windowed decode): skipped=1 untouched=True ==installed True -> OK
[fa-tap] fa2 hd128 prefill_short                  tile 64x64 HB=20 M=65 NB=2 skipped=0 ==installed True ==untapped True spill=0 unwritten=0 row3 guards=4 !=guard 0 first!=0 0 !=ir 0/4 ==baseline True ms words=844 !=ir-twin 0 (row_max -inf 0) !=ir 0/64 -> OK
[fa-tap] fa2 hd128 prefill_mid                    tile 64x64 HB=16 M=255 NB=4 skipped=0 ==installed True ==untapped True spill=0 unwritten=0 row3 guards=2296 !=guard 0 first!=0 0 !=ir 0/64 ==baseline True ms words=4852 !=ir-twin 0 (row_max -inf 0) !=ir 0/64 -> OK
[fa-tap] fa2 hd128 prefill_256                    tile 64x64 HB=12 M=257 NB=5 skipped=0 ==installed True ==untapped True spill=0 unwritten=0 row3 guards=3088 !=guard 0 first!=0 0 !=ir 0/64 ==baseline True ms words=5160 !=ir-twin 0 (row_max -inf 0) !=ir 0/64 -> OK
[fa-tap] fa2 hd128 prefill_long                   tile 64x64 HB=4 M=1031 NB=17 skipped=0 ==installed True ==untapped True spill=0 unwritten=0 row3 guards=30224 !=guard 0 first!=0 0 !=ir 0/64 ==baseline True ms words=34286 !=ir-twin 0 (row_max -inf 0) !=ir 0/64 -> OK
[fa-tap] fa2 hd128 chunked                        tile 64x64 HB=12 M=64 NB=16 skipped=0 ==installed True ==untapped True spill=0 unwritten=0 row3 guards=4120 !=guard 0 first!=0 0 !=ir 0/64 ==baseline True ms words=4448 !=ir-twin 0 (row_max -inf 0) !=ir 0/65 -> OK
[fa-tap] fa2 hd128 decode_gqa                     tile 64x64 HB=18 M=4 NB=32 skipped=0 ==installed True ==untapped True spill=0 unwritten=0 row3 guards=528 !=guard 0 first!=0 0 !=ir 0/64 ==baseline True ms words=600 !=ir-twin 0 (row_max -inf 0) !=ir 0/64 -> OK
[fa-tap] fa2 hd128 decode_mha                     tile 64x64 HB=18 M=1 NB=32 skipped=0 ==installed True ==untapped True spill=0 unwritten=0 row3 guards=132 !=guard 0 first!=0 0 !=ir 0/64 ==baseline True ms words=150 !=ir-twin 0 (row_max -inf 0) !=ir 0/64 -> OK
[fa-tap] fa2 hd128 edge_rows                      tile 64x64 HB=16 M=130 NB=5 skipped=0 ==installed True ==untapped True spill=0 unwritten=0 row3 guards=304 !=guard 0 first!=0 0 !=ir 0/65 ==baseline True ms words=836 !=ir-twin 0 (row_max -inf 0) !=ir 0/65 -> OK
[fa-tap] fa2 hd128 g2_prefill_softcap             tile 64x64 HB=48 M=257 NB=5 skipped=0 ==installed True ==untapped True spill=0 unwritten=0 row3 guards=6160 !=guard 0 first!=0 0 !=ir 0/64 ==baseline True ms words=11432 !=ir-twin 0 (row_max -inf 0) !=ir 0/64 -> OK
[fa-tap] fa2 hd128 g2_prefill_softcap_window      tile 64x64 HB=48 M=257 NB=5 skipped=0 ==installed True ==untapped True spill=0 unwritten=0 row3 guards=6160 !=guard 0 first!=0 0 !=ir 0/64 ==baseline True ms words=11432 !=ir-twin 0 (row_max -inf 0) !=ir 0/64 -> OK
[fa-tap] fa2 hd128 g2_prefill_long_window         tile 64x64 HB=8 M=1031 NB=17 skipped=0 ==installed True ==untapped True spill=0 unwritten=0 row3 guards=60448 !=guard 0 first!=0 0 !=ir 0/64 ==baseline True ms words=68572 !=ir-twin 0 (row_max -inf 0) !=ir 0/64 -> OK
[fa-tap] fa2 hd128 g2_chunked_softcap_window      tile 64x64 HB=24 M=64 NB=16 skipped=0 ==installed True ==untapped True spill=0 unwritten=0 row3 guards=8240 !=guard 0 first!=0 0 !=ir 0/64 ==baseline True ms words=8896 !=ir-twin 0 (row_max -inf 0) !=ir 0/65 -> OK
[fa-tap] fa2 hd128 g2_decode_gqa_softcap          tile 64x64 HB=28 M=2 NB=17 skipped=0 ==installed True ==untapped True spill=0 unwritten=0 row3 guards=272 !=guard 0 first!=0 0 !=ir 0/64 ==baseline True ms words=328 !=ir-twin 0 (row_max -inf 0) !=ir 0/64 -> OK
[fa-tap] fa2 hd128 g2_decode_gqa_softcap_window   tile 64x64 HB=56 M=1 NB=17 skipped=0 ==installed True ==untapped True spill=0 unwritten=0 row3 guards=272 !=guard 0 first!=0 0 !=ir 0/64 ==baseline True ms words=328 !=ir-twin 0 (row_max -inf 0) !=ir 0/64 -> OK
[fa-tap] fa2 hd128 g2_decode_mha_window           tile 64x64 HB=20 M=1 NB=17 skipped=0 ==installed True ==untapped True spill=0 unwritten=0 row3 guards=128 !=guard 0 first!=0 0 !=ir 0/64 ==baseline True ms words=148 !=ir-twin 0 (row_max -inf 0) !=ir 0/64 -> OK
[fa-tap] fa2 hd128 g2_edge_rows_softcap           tile 64x64 HB=32 M=130 NB=5 skipped=0 ==installed True ==untapped True spill=0 unwritten=0 row3 guards=608 !=guard 0 first!=0 0 !=ir 0/65 ==baseline True ms words=1672 !=ir-twin 0 (row_max -inf 0) !=ir 0/65 -> OK
[fa-tap] fa2 hd128 negative prefill_short (wrong head_dim): skipped=1 untouched=True ==installed True -> OK
[fa-tap] fa2 hd128 negative prefill_short (wrong kBlockN): skipped=1 untouched=True ==installed True -> OK
[fa-tap] fa2 hd128 negative g2_decode_gqa_softcap_window (swapped geometry declared for an un-swapped windowed decode): skipped=1 untouched=True ==installed True -> OK
[fa-tap] fa2 hd256 prefill_short                  tile 64x64 HB=20 M=65 NB=2 skipped=0 ==installed True ==untapped True spill=0 unwritten=0 row3 guards=4 !=guard 0 first!=0 0 !=ir 0/4 ==baseline True ms words=844 !=ir-twin 0 (row_max -inf 0) !=ir 0/64 -> OK
[fa-tap] fa2 hd256 prefill_mid                    tile 64x64 HB=16 M=255 NB=4 skipped=0 ==installed True ==untapped True spill=0 unwritten=0 row3 guards=2296 !=guard 0 first!=0 0 !=ir 0/64 ==baseline True ms words=4852 !=ir-twin 0 (row_max -inf 0) !=ir 0/64 -> OK
[fa-tap] fa2 hd256 prefill_256                    tile 64x64 HB=12 M=257 NB=5 skipped=0 ==installed True ==untapped True spill=0 unwritten=0 row3 guards=3088 !=guard 0 first!=0 0 !=ir 0/64 ==baseline True ms words=5160 !=ir-twin 0 (row_max -inf 0) !=ir 0/64 -> OK
[fa-tap] fa2 hd256 prefill_long                   tile 64x64 HB=4 M=1031 NB=17 skipped=0 ==installed True ==untapped True spill=0 unwritten=0 row3 guards=30224 !=guard 0 first!=0 0 !=ir 0/64 ==baseline True ms words=34286 !=ir-twin 0 (row_max -inf 0) !=ir 0/64 -> OK
[fa-tap] fa2 hd256 chunked                        tile 64x64 HB=12 M=64 NB=16 skipped=0 ==installed True ==untapped True spill=0 unwritten=0 row3 guards=4120 !=guard 0 first!=0 0 !=ir 0/64 ==baseline True ms words=4448 !=ir-twin 0 (row_max -inf 0) !=ir 0/65 -> OK
[fa-tap] fa2 hd256 decode_gqa                     tile 64x64 HB=18 M=4 NB=32 skipped=0 ==installed True ==untapped True spill=0 unwritten=0 row3 guards=528 !=guard 0 first!=0 0 !=ir 0/64 ==baseline True ms words=600 !=ir-twin 0 (row_max -inf 0) !=ir 0/64 -> OK
[fa-tap] fa2 hd256 decode_mha                     tile 64x64 HB=18 M=1 NB=32 skipped=0 ==installed True ==untapped True spill=0 unwritten=0 row3 guards=132 !=guard 0 first!=0 0 !=ir 0/64 ==baseline True ms words=150 !=ir-twin 0 (row_max -inf 0) !=ir 0/64 -> OK
[fa-tap] fa2 hd256 edge_rows                      tile 64x64 HB=16 M=130 NB=5 skipped=0 ==installed True ==untapped True spill=0 unwritten=0 row3 guards=304 !=guard 0 first!=0 0 !=ir 0/65 ==baseline True ms words=836 !=ir-twin 0 (row_max -inf 0) !=ir 0/65 -> OK
[fa-tap] fa2 hd256 g2_prefill_softcap             tile 64x64 HB=48 M=257 NB=5 skipped=0 ==installed True ==untapped True spill=0 unwritten=0 row3 guards=6160 !=guard 0 first!=0 0 !=ir 0/64 ==baseline True ms words=11432 !=ir-twin 0 (row_max -inf 0) !=ir 0/64 -> OK
[fa-tap] fa2 hd256 g2_prefill_softcap_window      tile 64x64 HB=48 M=257 NB=5 skipped=0 ==installed True ==untapped True spill=0 unwritten=0 row3 guards=6160 !=guard 0 first!=0 0 !=ir 0/64 ==baseline True ms words=11432 !=ir-twin 0 (row_max -inf 0) !=ir 0/64 -> OK
[fa-tap] fa2 hd256 g2_prefill_long_window         tile 64x64 HB=8 M=1031 NB=17 skipped=0 ==installed True ==untapped True spill=0 unwritten=0 row3 guards=60448 !=guard 0 first!=0 0 !=ir 0/64 ==baseline True ms words=68572 !=ir-twin 0 (row_max -inf 0) !=ir 0/64 -> OK
[fa-tap] fa2 hd256 g2_chunked_softcap_window      tile 64x64 HB=24 M=64 NB=16 skipped=0 ==installed True ==untapped True spill=0 unwritten=0 row3 guards=8240 !=guard 0 first!=0 0 !=ir 0/64 ==baseline True ms words=8896 !=ir-twin 0 (row_max -inf 0) !=ir 0/65 -> OK
[fa-tap] fa2 hd256 g2_decode_gqa_softcap          tile 64x64 HB=28 M=2 NB=17 skipped=0 ==installed True ==untapped True spill=0 unwritten=0 row3 guards=272 !=guard 0 first!=0 0 !=ir 0/64 ==baseline True ms words=328 !=ir-twin 0 (row_max -inf 0) !=ir 0/64 -> OK
[fa-tap] fa2 hd256 g2_decode_gqa_softcap_window   tile 64x64 HB=56 M=1 NB=17 skipped=0 ==installed True ==untapped True spill=0 unwritten=0 row3 guards=272 !=guard 0 first!=0 0 !=ir 0/64 ==baseline True ms words=328 !=ir-twin 0 (row_max -inf 0) !=ir 0/64 -> OK
[fa-tap] fa2 hd256 g2_decode_mha_window           tile 64x64 HB=20 M=1 NB=17 skipped=0 ==installed True ==untapped True spill=0 unwritten=0 row3 guards=128 !=guard 0 first!=0 0 !=ir 0/64 ==baseline True ms words=148 !=ir-twin 0 (row_max -inf 0) !=ir 0/64 -> OK
[fa-tap] fa2 hd256 g2_edge_rows_softcap           tile 64x64 HB=32 M=130 NB=5 skipped=0 ==installed True ==untapped True spill=0 unwritten=0 row3 guards=608 !=guard 0 first!=0 0 !=ir 0/65 ==baseline True ms words=1672 !=ir-twin 0 (row_max -inf 0) !=ir 0/65 -> OK
[fa-tap] fa2 hd256 negative prefill_short (wrong head_dim): skipped=1 untouched=True ==installed True -> OK
[fa-tap] fa2 hd256 negative prefill_short (wrong kBlockN): skipped=1 untouched=True ==installed True -> OK
[fa-tap] fa2 hd256 negative g2_decode_gqa_softcap_window (swapped geometry declared for an un-swapped windowed decode): skipped=1 untouched=True ==installed True -> OK
FA-TAP-EXACTNESS OK 338c7caa793e236458271b644fc2b7398e3a1511cdd9c5cb6cd7cbc1d3876bb8 /workspace/research/runs/r20260927-012901-955c/evidence/guarded/fa_tap_exactness.json
