lane tree: /workspace/src-hp2  main tree: /workspace/src-main  seed 20260922 subs 4  08:52:01
--- Rust verifier identical to main?
ligero-verify: IDENTICAL
=== bf16h-int-zk (bf16-hopper interactive zk impl=device)
  sub_02: 4.68 MB, prove 0.036s (+hints 0.003s), urandom calls so far 21
  sub_03: 4.68 MB, prove 0.037s (+hints 0.003s), urandom calls so far 21
wrote /workspace/hp2/bx8/bf16h-int-zk/main 13 files
  sub_02: 4.68 MB, prove 0.024s (+hints 0.001s), urandom calls so far 21
  sub_03: 4.68 MB, prove 0.024s (+hints 0.001s), urandom calls so far 21
wrote /workspace/hp2/bx8/bf16h-int-zk/lane 13 files
bf16h-int-zk-seq: 13 / 13 files identical
  pipeline stats: {'n': 4, 'depth': 3, 'wall': 0.0854, 'host_busy': 0.0315, 'host_waited': 0.0537, 'stage_busy_ms': {-1: 0.17, 0: 9.15, 1: 0.29, 2: 3.1, 3: 9.38
  pipelined pass: 4 sub-batches in 0.085s wall = 21.4 ms/sub-batch; measured phases {'measured_statement': 0.0008, 'measured_hints_host': 0.0135, 'measured_witn
wrote /workspace/hp2/bx8/bf16h-int-zk/lane-p3 13 files
bf16h-int-zk-p3: 13 / 13 files identical
=== bf16h-int-nonzk (bf16-hopper interactive nozk impl=device)
  sub_02: 4.20 MB, prove 0.034s (+hints 0.003s), urandom calls so far 17
  sub_03: 4.20 MB, prove 0.034s (+hints 0.003s), urandom calls so far 17
wrote /workspace/hp2/bx8/bf16h-int-nonzk/main 13 files
  sub_02: 4.20 MB, prove 0.025s (+hints 0.001s), urandom calls so far 17
  sub_03: 4.20 MB, prove 0.025s (+hints 0.001s), urandom calls so far 17
wrote /workspace/hp2/bx8/bf16h-int-nonzk/lane 13 files
bf16h-int-nonzk-seq: 13 / 13 files identical
  pipeline stats: {'n': 4, 'depth': 3, 'wall': 0.0898, 'host_busy': 0.0215, 'host_waited': 0.0682, 'stage_busy_ms': {-1: 0.18, 0: 8.71, 1: 0.27, 2: 2.37, 3: 4.6
  pipelined pass: 4 sub-batches in 0.090s wall = 22.5 ms/sub-batch; measured phases {'measured_statement': 0.0008, 'measured_hints_host': 0.0169, 'measured_witn
wrote /workspace/hp2/bx8/bf16h-int-nonzk/lane-p3 13 files
bf16h-int-nonzk-p3: 13 / 13 files identical
=== fp8h-int-zk (fp8-hopper interactive zk impl=device)
  sub_02: 4.76 MB, prove 0.036s (+hints 0.007s), urandom calls so far 21
  sub_03: 4.76 MB, prove 0.036s (+hints 0.007s), urandom calls so far 21
wrote /workspace/hp2/bx8/fp8h-int-zk/main 13 files
  sub_02: 4.76 MB, prove 0.025s (+hints 0.004s), urandom calls so far 21
  sub_03: 4.76 MB, prove 0.025s (+hints 0.004s), urandom calls so far 21
wrote /workspace/hp2/bx8/fp8h-int-zk/lane 13 files
fp8h-int-zk-seq: 13 / 13 files identical
  pipeline stats: {'n': 4, 'depth': 3, 'wall': 0.0985, 'host_busy': 0.0441, 'host_waited': 0.0542, 'stage_busy_ms': {-1: 0.17, 0: 26.73, 1: 0.25, 2: 3.17, 3: 6.
  pipelined pass: 4 sub-batches in 0.099s wall = 24.6 ms/sub-batch; measured phases {'measured_statement': 0.0002, 'measured_hints_host': 0.0282, 'measured_witn
wrote /workspace/hp2/bx8/fp8h-int-zk/lane-p3 13 files
fp8h-int-zk-p3: 13 / 13 files identical
=== fp8h-int-nonzk (fp8-hopper interactive nozk impl=device)
  sub_02: 4.28 MB, prove 0.034s (+hints 0.007s), urandom calls so far 17
  sub_03: 4.28 MB, prove 0.040s (+hints 0.007s), urandom calls so far 17
wrote /workspace/hp2/bx8/fp8h-int-nonzk/main 13 files
  sub_02: 4.28 MB, prove 0.026s (+hints 0.004s), urandom calls so far 17
  sub_03: 4.28 MB, prove 0.026s (+hints 0.004s), urandom calls so far 17
wrote /workspace/hp2/bx8/fp8h-int-nonzk/lane 13 files
fp8h-int-nonzk-seq: 13 / 13 files identical
  pipeline stats: {'n': 4, 'depth': 3, 'wall': 0.096, 'host_busy': 0.0477, 'host_waited': 0.0481, 'stage_busy_ms': {-1: 0.18, 0: 26.83, 1: 0.3, 2: 3.69, 3: 6.44
  pipelined pass: 4 sub-batches in 0.096s wall = 24.0 ms/sub-batch; measured phases {'measured_statement': 0.0002, 'measured_hints_host': 0.034, 'measured_witne
wrote /workspace/hp2/bx8/fp8h-int-nonzk/lane-p3 13 files
fp8h-int-nonzk-p3: 13 / 13 files identical
=== bf16h-int-zk-legacy (bf16-hopper interactive zk impl=legacy)
  sub_02: 4.68 MB, prove 0.035s (+hints 0.003s), urandom calls so far 21
  sub_03: 4.68 MB, prove 0.035s (+hints 0.003s), urandom calls so far 21
wrote /workspace/hp2/bx8/bf16h-int-zk-legacy/main 13 files
  sub_02: 4.68 MB, prove 0.034s (+hints 0.001s), urandom calls so far 21
  sub_03: 4.68 MB, prove 0.034s (+hints 0.001s), urandom calls so far 21
wrote /workspace/hp2/bx8/bf16h-int-zk-legacy/lane 13 files
bf16h-int-zk-legacy-seq: 13 / 13 files identical
=== bf16h-int-zk-ragged (bf16-hopper interactive zk impl=device)
  sub_02: 4.68 MB, prove 0.036s (+hints 0.003s), urandom calls so far 21
  sub_03: 4.68 MB, prove 0.037s (+hints 0.003s), urandom calls so far 21
wrote /workspace/hp2/bx8/bf16h-int-zk-ragged/main 13 files
  sub_02: 4.68 MB, prove 0.024s (+hints 0.001s), urandom calls so far 21
  sub_03: 4.68 MB, prove 0.235s (+hints 0.001s), urandom calls so far 21
wrote /workspace/hp2/bx8/bf16h-int-zk-ragged/lane 13 files
bf16h-int-zk-ragged-seq: 13 / 13 files identical
  pipeline stats: {'n': 4, 'depth': 3, 'wall': 0.3119, 'host_busy': 0.2548, 'host_waited': 0.0568, 'stage_busy_ms': {-1: 0.17, 0: 9.68, 1: 0.25, 2: 230.09, 3: 7
  pipelined pass: 4 sub-batches in 0.312s wall = 78.0 ms/sub-batch; measured phases {'measured_statement': 0.0009, 'measured_hints_host': 0.0177, 'measured_witn
wrote /workspace/hp2/bx8/bf16h-int-zk-ragged/lane-p3 13 files
bf16h-int-zk-ragged-p3: 13 / 13 files identical
=== fp8h-int-zk-ragged (fp8-hopper interactive zk impl=device)
  sub_02: 4.76 MB, prove 0.036s (+hints 0.007s), urandom calls so far 21
  sub_03: 4.76 MB, prove 0.036s (+hints 0.007s), urandom calls so far 21
wrote /workspace/hp2/bx8/fp8h-int-zk-ragged/main 13 files
  sub_02: 4.76 MB, prove 0.025s (+hints 0.004s), urandom calls so far 21
  sub_03: 4.76 MB, prove 0.264s (+hints 0.004s), urandom calls so far 21
wrote /workspace/hp2/bx8/fp8h-int-zk-ragged/lane 13 files
fp8h-int-zk-ragged-seq: 13 / 13 files identical
  pipeline stats: {'n': 4, 'depth': 3, 'wall': 0.3364, 'host_busy': 0.2816, 'host_waited': 0.0546, 'stage_busy_ms': {-1: 0.17, 0: 27.0, 1: 0.24, 2: 241.58, 3: 6
  pipelined pass: 4 sub-batches in 0.336s wall = 84.1 ms/sub-batch; measured phases {'measured_statement': 0.0002, 'measured_hints_host': 0.0286, 'measured_witn
wrote /workspace/hp2/bx8/fp8h-int-zk-ragged/lane-p3 13 files
fp8h-int-zk-ragged-p3: 13 / 13 files identical
=== bf16h-fs-zk (bf16-hopper fiat-shamir zk impl=device)
  sub_02: 6.30 MB, prove 0.041s (+hints 0.003s), urandom calls so far 5
  sub_03: 6.30 MB, prove 0.041s (+hints 0.003s), urandom calls so far 5
wrote /workspace/hp2/bx8/bf16h-fs-zk/main 9 files
  sub_02: 6.30 MB, prove 0.029s (+hints 0.001s), urandom calls so far 5
  sub_03: 6.30 MB, prove 0.029s (+hints 0.001s), urandom calls so far 5
wrote /workspace/hp2/bx8/bf16h-fs-zk/lane 9 files
bf16h-fs-zk-seq: 9 / 9 files identical
  pipeline stats: {'n': 4, 'depth': 3, 'wall': 0.111, 'host_busy': 0.0516, 'host_waited': 0.0592, 'stage_busy_ms': {-1: 0.12, 0: 8.76, 1: 0.24, 2: 3.5, 3: 32.39
  pipelined pass: 4 sub-batches in 0.111s wall = 27.7 ms/sub-batch; measured phases {'measured_statement': 0.0007, 'measured_hints_host': 0.0143, 'measured_witn
wrote /workspace/hp2/bx8/bf16h-fs-zk/lane-p3 9 files
bf16h-fs-zk-p3: 9 / 9 files identical
TOTAL: 187 / 187 files identical
=== Rust ligero-verify on the lane dumps (system digest + batch --target-bits 128)
-- /workspace/hp2/bx8/bf16h-fs-zk/lane-p3: {"sys_id":"9dcc7cdc1377a00d877440cc01a0dcdb73b3e989d86df8244eccb35a81be0df4","table_digest":"74ce68a2801e14fbeaab2b241886bbe3fa9146234289e52c774fd4160a6c469c","pinned_relation":"bf16-hopper","format":"ligero-system/v1","m":3292,"L":339,"Q":3164,"pins":96,"chain":true,"chain_end":"word"}
4 proofs: 4 accepted, 0 rejected (0 against their own coins); batch ACCEPT (accept: all 4 sub-batches accepted; union bound 2^-128.02 <= 2^-128); batch bits 128.018485 at target 128; system pinned (bf16-hopper); python agreement 0/0 (0 disagree); verify sum 2.225s, wall 1.137s at 3 jobs x 1 threads
-- /workspace/hp2/bx8/bf16h-int-nonzk/lane-p3: {"sys_id":"9dcc7cdc1377a00d877440cc01a0dcdb73b3e989d86df8244eccb35a81be0df4","table_digest":"74ce68a2801e14fbeaab2b241886bbe3fa9146234289e52c774fd4160a6c469c","pinned_relation":"bf16-hopper","format":"ligero-system/v1","m":3292,"L":339,"Q":3164,"pins":96,"chain":true,"chain_end":"word"}
4 proofs: 4 accepted, 0 rejected (4 against their own coins); batch ACCEPT (accept: all 4 sub-batches accepted; union bound 2^-128.18 <= 2^-128); batch bits 128.183043 at target 128; system pinned (bf16-hopper); python agreement 0/0 (0 disagree); verify sum 1.853s, wall 0.947s at 3 jobs x 1 threads
-- /workspace/hp2/bx8/bf16h-int-zk-ragged/lane-p3: {"sys_id":"9dcc7cdc1377a00d877440cc01a0dcdb73b3e989d86df8244eccb35a81be0df4","table_digest":"74ce68a2801e14fbeaab2b241886bbe3fa9146234289e52c774fd4160a6c469c","pinned_relation":"bf16-hopper","format":"ligero-system/v1","m":3292,"L":339,"Q":3164,"pins":96,"chain":true,"chain_end":"word"}
4 proofs: 4 accepted, 0 rejected (4 against their own coins); batch ACCEPT (accept: all 4 sub-batches accepted; union bound 2^-128.67 <= 2^-128); batch bits 128.672679 at target 128; system pinned (bf16-hopper); python agreement 0/0 (0 disagree); verify sum 1.880s, wall 0.950s at 3 jobs x 1 threads
-- /workspace/hp2/bx8/bf16h-int-zk/lane-p3: {"sys_id":"9dcc7cdc1377a00d877440cc01a0dcdb73b3e989d86df8244eccb35a81be0df4","table_digest":"74ce68a2801e14fbeaab2b241886bbe3fa9146234289e52c774fd4160a6c469c","pinned_relation":"bf16-hopper","format":"ligero-system/v1","m":3292,"L":339,"Q":3164,"pins":96,"chain":true,"chain_end":"word"}
4 proofs: 4 accepted, 0 rejected (4 against their own coins); batch ACCEPT (accept: all 4 sub-batches accepted; union bound 2^-128.67 <= 2^-128); batch bits 128.672679 at target 128; system pinned (bf16-hopper); python agreement 0/0 (0 disagree); verify sum 1.817s, wall 0.934s at 3 jobs x 1 threads
-- /workspace/hp2/bx8/fp8h-int-nonzk/lane-p3: {"sys_id":"c7cbebe365cb5f773a679bc13b5382fb45714511b1912e4e4ab7fb48accd4bc3","table_digest":"d5b77463fee9b3d777174755144edaa84461b3eec6ac6a1750c887dc861d58e7","pinned_relation":"fp8-hopper","format":"ligero-system/v1","m":3396,"L":554,"Q":3164,"pins":192,"chain":true,"chain_end":"word"}
4 proofs: 4 accepted, 0 rejected (4 against their own coins); batch ACCEPT (accept: all 4 sub-batches accepted; union bound 2^-128.18 <= 2^-128); batch bits 128.183043 at target 128; system pinned (fp8-hopper); python agreement 0/0 (0 disagree); verify sum 1.882s, wall 0.962s at 3 jobs x 1 threads
-- /workspace/hp2/bx8/fp8h-int-zk-ragged/lane-p3: {"sys_id":"c7cbebe365cb5f773a679bc13b5382fb45714511b1912e4e4ab7fb48accd4bc3","table_digest":"d5b77463fee9b3d777174755144edaa84461b3eec6ac6a1750c887dc861d58e7","pinned_relation":"fp8-hopper","format":"ligero-system/v1","m":3396,"L":554,"Q":3164,"pins":192,"chain":true,"chain_end":"word"}
4 proofs: 4 accepted, 0 rejected (4 against their own coins); batch ACCEPT (accept: all 4 sub-batches accepted; union bound 2^-128.67 <= 2^-128); batch bits 128.672679 at target 128; system pinned (fp8-hopper); python agreement 0/0 (0 disagree); verify sum 1.812s, wall 0.917s at 3 jobs x 1 threads
-- /workspace/hp2/bx8/fp8h-int-zk/lane-p3: {"sys_id":"c7cbebe365cb5f773a679bc13b5382fb45714511b1912e4e4ab7fb48accd4bc3","table_digest":"d5b77463fee9b3d777174755144edaa84461b3eec6ac6a1750c887dc861d58e7","pinned_relation":"fp8-hopper","format":"ligero-system/v1","m":3396,"L":554,"Q":3164,"pins":192,"chain":true,"chain_end":"word"}
4 proofs: 4 accepted, 0 rejected (4 against their own coins); batch ACCEPT (accept: all 4 sub-batches accepted; union bound 2^-128.67 <= 2^-128); batch bits 128.672679 at target 128; system pinned (fp8-hopper); python agreement 0/0 (0 disagree); verify sum 1.868s, wall 0.945s at 3 jobs x 1 threads
-- /workspace/hp2/bx8/bf16h-int-zk-legacy/lane: {"sys_id":"9dcc7cdc1377a00d877440cc01a0dcdb73b3e989d86df8244eccb35a81be0df4","table_digest":"74ce68a2801e14fbeaab2b241886bbe3fa9146234289e52c774fd4160a6c469c","pinned_relation":"bf16-hopper","format":"ligero-system/v1","m":3292,"L":339,"Q":3164,"pins":96,"chain":true,"chain_end":"word"}
4 proofs: 4 accepted, 0 rejected (4 against their own coins); batch ACCEPT (accept: all 4 sub-batches accepted; union bound 2^-128.67 <= 2^-128); batch bits 128.672679 at target 128; system pinned (bf16-hopper); python agreement 0/0 (0 disagree); verify sum 1.827s, wall 0.930s at 3 jobs x 1 threads
BITEXACT_DONE 08:56:15
