lane tree: /workspace/src-hp2  main tree: /workspace/src-main  seed 20260922 subs 4  08:59:52
--- Rust verifier identical to main?
ligero-verify: IDENTICAL
=== bf16h-int-zk (bf16-hopper interactive zk impl=device)
  sub_02: 4.68 MB, prove 0.036s (+hints 0.003s), urandom calls so far 21
  sub_03: 4.68 MB, prove 0.036s (+hints 0.003s), urandom calls so far 21
wrote /workspace/hp2/bx9/bf16h-int-zk/main 13 files
  sub_02: 4.68 MB, prove 0.023s (+hints 0.001s), urandom calls so far 21
  sub_03: 4.68 MB, prove 0.024s (+hints 0.001s), urandom calls so far 21
wrote /workspace/hp2/bx9/bf16h-int-zk/lane 13 files
bf16h-int-zk-seq: 13 / 13 files identical
  pipeline stats: {'n': 4, 'depth': 3, 'wall': 0.0924, 'host_busy': 0.0317, 'host_waited': 0.0605, 'stage_busy_ms': {-1: 0.17, 0: 8.93, 1: 0.25, 2: 3.12, 3: 9.4
  pipelined pass: 4 sub-batches in 0.092s wall = 23.1 ms/sub-batch; measured phases {'measured_statement': 0.0008, 'measured_hints_host': 0.0129, 'measured_witn
wrote /workspace/hp2/bx9/bf16h-int-zk/lane-p3 13 files
bf16h-int-zk-p3: 13 / 13 files identical
=== bf16h-int-nonzk (bf16-hopper interactive nozk impl=device)
  sub_02: 4.20 MB, prove 0.034s (+hints 0.003s), urandom calls so far 17
  sub_03: 4.20 MB, prove 0.034s (+hints 0.003s), urandom calls so far 17
wrote /workspace/hp2/bx9/bf16h-int-nonzk/main 13 files
  sub_02: 4.20 MB, prove 0.024s (+hints 0.001s), urandom calls so far 17
  sub_03: 4.20 MB, prove 0.024s (+hints 0.001s), urandom calls so far 17
wrote /workspace/hp2/bx9/bf16h-int-nonzk/lane 13 files
bf16h-int-nonzk-seq: 13 / 13 files identical
  pipeline stats: {'n': 4, 'depth': 3, 'wall': 0.0926, 'host_busy': 0.03, 'host_waited': 0.0623, 'stage_busy_ms': {-1: 0.17, 0: 8.52, 1: 0.29, 2: 3.02, 3: 8.41,
  pipelined pass: 4 sub-batches in 0.093s wall = 23.1 ms/sub-batch; measured phases {'measured_statement': 0.0007, 'measured_hints_host': 0.0178, 'measured_witn
wrote /workspace/hp2/bx9/bf16h-int-nonzk/lane-p3 13 files
bf16h-int-nonzk-p3: 13 / 13 files identical
=== fp8h-int-zk (fp8-hopper interactive zk impl=device)
  sub_02: 4.76 MB, prove 0.036s (+hints 0.007s), urandom calls so far 21
  sub_03: 4.76 MB, prove 0.036s (+hints 0.007s), urandom calls so far 21
wrote /workspace/hp2/bx9/fp8h-int-zk/main 13 files
  sub_02: 4.76 MB, prove 0.024s (+hints 0.004s), urandom calls so far 21
  sub_03: 4.76 MB, prove 0.024s (+hints 0.004s), urandom calls so far 21
wrote /workspace/hp2/bx9/fp8h-int-zk/lane 13 files
fp8h-int-zk-seq: 13 / 13 files identical
  pipeline stats: {'n': 4, 'depth': 3, 'wall': 0.0968, 'host_busy': 0.0493, 'host_waited': 0.0473, 'stage_busy_ms': {-1: 0.17, 0: 26.88, 1: 0.27, 2: 3.9, 3: 8.6
  pipelined pass: 4 sub-batches in 0.097s wall = 24.2 ms/sub-batch; measured phases {'measured_statement': 0.0002, 'measured_hints_host': 0.0277, 'measured_witn
wrote /workspace/hp2/bx9/fp8h-int-zk/lane-p3 13 files
fp8h-int-zk-p3: 13 / 13 files identical
=== fp8h-int-nonzk (fp8-hopper interactive nozk impl=device)
  sub_02: 4.28 MB, prove 0.034s (+hints 0.008s), urandom calls so far 17
  sub_03: 4.28 MB, prove 0.034s (+hints 0.007s), urandom calls so far 17
wrote /workspace/hp2/bx9/fp8h-int-nonzk/main 13 files
  sub_02: 4.28 MB, prove 0.025s (+hints 0.004s), urandom calls so far 17
  sub_03: 4.28 MB, prove 0.025s (+hints 0.004s), urandom calls so far 17
wrote /workspace/hp2/bx9/fp8h-int-nonzk/lane 13 files
fp8h-int-nonzk-seq: 13 / 13 files identical
  pipeline stats: {'n': 4, 'depth': 3, 'wall': 0.0998, 'host_busy': 0.047, 'host_waited': 0.0526, 'stage_busy_ms': {-1: 0.18, 0: 26.8, 1: 0.26, 2: 3.43, 3: 6.2,
  pipelined pass: 4 sub-batches in 0.100s wall = 24.9 ms/sub-batch; measured phases {'measured_statement': 0.0002, 'measured_hints_host': 0.0307, 'measured_witn
wrote /workspace/hp2/bx9/fp8h-int-nonzk/lane-p3 13 files
fp8h-int-nonzk-p3: 13 / 13 files identical
=== bf16h-int-zk-legacy (bf16-hopper interactive zk impl=legacy)
  sub_02: 4.68 MB, prove 0.035s (+hints 0.003s), urandom calls so far 21
  sub_03: 4.68 MB, prove 0.036s (+hints 0.003s), urandom calls so far 21
wrote /workspace/hp2/bx9/bf16h-int-zk-legacy/main 13 files
  sub_02: 4.68 MB, prove 0.033s (+hints 0.001s), urandom calls so far 21
  sub_03: 4.68 MB, prove 0.033s (+hints 0.001s), urandom calls so far 21
wrote /workspace/hp2/bx9/bf16h-int-zk-legacy/lane 13 files
bf16h-int-zk-legacy-seq: 13 / 13 files identical
=== bf16h-int-zk-ragged (bf16-hopper interactive zk impl=device)
  sub_02: 4.68 MB, prove 0.035s (+hints 0.003s), urandom calls so far 21
  sub_03: 4.68 MB, prove 0.036s (+hints 0.003s), urandom calls so far 21
wrote /workspace/hp2/bx9/bf16h-int-zk-ragged/main 13 files
  sub_02: 4.68 MB, prove 0.023s (+hints 0.001s), urandom calls so far 21
  sub_03: 4.68 MB, prove 0.235s (+hints 0.001s), urandom calls so far 21
wrote /workspace/hp2/bx9/bf16h-int-zk-ragged/lane 13 files
bf16h-int-zk-ragged-seq: 13 / 13 files identical
  pipeline stats: {'n': 4, 'depth': 3, 'wall': 0.414, 'host_busy': 0.361, 'host_waited': 0.0528, 'stage_busy_ms': {-1: 0.17, 0: 9.14, 1: 0.29, 2: 332.35, 3: 9.6
  pipelined pass: 4 sub-batches in 0.414s wall = 103.5 ms/sub-batch; measured phases {'measured_statement': 0.0008, 'measured_hints_host': 0.0171, 'measured_wit
wrote /workspace/hp2/bx9/bf16h-int-zk-ragged/lane-p3 13 files
bf16h-int-zk-ragged-p3: 13 / 13 files identical
=== fp8h-int-zk-ragged (fp8-hopper interactive zk impl=device)
  sub_02: 4.76 MB, prove 0.036s (+hints 0.007s), urandom calls so far 21
  sub_03: 4.76 MB, prove 0.035s (+hints 0.007s), urandom calls so far 21
wrote /workspace/hp2/bx9/fp8h-int-zk-ragged/main 13 files
  sub_02: 4.76 MB, prove 0.024s (+hints 0.004s), urandom calls so far 21
  sub_03: 4.76 MB, prove 0.253s (+hints 0.004s), urandom calls so far 21
wrote /workspace/hp2/bx9/fp8h-int-zk-ragged/lane 13 files
fp8h-int-zk-ragged-seq: 13 / 13 files identical
  pipeline stats: {'n': 4, 'depth': 3, 'wall': 0.3515, 'host_busy': 0.3009, 'host_waited': 0.0504, 'stage_busy_ms': {-1: 0.18, 0: 26.67, 1: 0.27, 2: 257.51, 3: 
  pipelined pass: 4 sub-batches in 0.352s wall = 87.9 ms/sub-batch; measured phases {'measured_statement': 0.0002, 'measured_hints_host': 0.0278, 'measured_witn
wrote /workspace/hp2/bx9/fp8h-int-zk-ragged/lane-p3 13 files
fp8h-int-zk-ragged-p3: 13 / 13 files identical
=== bf16h-fs-zk (bf16-hopper fiat-shamir zk impl=device)
  sub_02: 6.30 MB, prove 0.039s (+hints 0.003s), urandom calls so far 5
  sub_03: 6.30 MB, prove 0.039s (+hints 0.003s), urandom calls so far 5
wrote /workspace/hp2/bx9/bf16h-fs-zk/main 9 files
  sub_02: 6.30 MB, prove 0.029s (+hints 0.001s), urandom calls so far 5
  sub_03: 6.30 MB, prove 0.029s (+hints 0.001s), urandom calls so far 5
wrote /workspace/hp2/bx9/bf16h-fs-zk/lane 9 files
bf16h-fs-zk-seq: 9 / 9 files identical
  pipeline stats: {'n': 4, 'depth': 3, 'wall': 0.1013, 'host_busy': 0.0466, 'host_waited': 0.0544, 'stage_busy_ms': {-1: 0.12, 0: 9.21, 1: 0.24, 2: 3.29, 3: 28.
  pipelined pass: 4 sub-batches in 0.101s wall = 25.3 ms/sub-batch; measured phases {'measured_statement': 0.0007, 'measured_hints_host': 0.0137, 'measured_witn
wrote /workspace/hp2/bx9/bf16h-fs-zk/lane-p3 9 files
bf16h-fs-zk-p3: 9 / 9 files identical
TOTAL: 187 / 187 files identical
=== Rust ligero-verify on the lane dumps (system digest + batch --target-bits 128)
-- /workspace/hp2/bx9/bf16h-fs-zk/lane-p3: {"sys_id":"9dcc7cdc1377a00d877440cc01a0dcdb73b3e989d86df8244eccb35a81be0df4","table_digest":"74ce68a2801e14fbeaab2b241886bbe3fa9146234289e52c774fd4160a6c469c","pinned_relation":"bf16-hopper","format":"ligero-system/v1","m":3292,"L":339,"Q":3164,"pins":96,"chain":true,"chain_end":"word"}
4 proofs: 4 accepted, 0 rejected (0 against their own coins); batch ACCEPT (accept: all 4 sub-batches accepted; union bound 2^-128.02 <= 2^-128); batch bits 128.018485 at target 128; system pinned (bf16-hopper); python agreement 0/0 (0 disagree); verify sum 2.241s, wall 1.142s at 3 jobs x 1 threads
-- /workspace/hp2/bx9/bf16h-int-nonzk/lane-p3: {"sys_id":"9dcc7cdc1377a00d877440cc01a0dcdb73b3e989d86df8244eccb35a81be0df4","table_digest":"74ce68a2801e14fbeaab2b241886bbe3fa9146234289e52c774fd4160a6c469c","pinned_relation":"bf16-hopper","format":"ligero-system/v1","m":3292,"L":339,"Q":3164,"pins":96,"chain":true,"chain_end":"word"}
4 proofs: 4 accepted, 0 rejected (4 against their own coins); batch ACCEPT (accept: all 4 sub-batches accepted; union bound 2^-128.18 <= 2^-128); batch bits 128.183043 at target 128; system pinned (bf16-hopper); python agreement 0/0 (0 disagree); verify sum 1.936s, wall 0.986s at 3 jobs x 1 threads
-- /workspace/hp2/bx9/bf16h-int-zk-ragged/lane-p3: {"sys_id":"9dcc7cdc1377a00d877440cc01a0dcdb73b3e989d86df8244eccb35a81be0df4","table_digest":"74ce68a2801e14fbeaab2b241886bbe3fa9146234289e52c774fd4160a6c469c","pinned_relation":"bf16-hopper","format":"ligero-system/v1","m":3292,"L":339,"Q":3164,"pins":96,"chain":true,"chain_end":"word"}
4 proofs: 4 accepted, 0 rejected (4 against their own coins); batch ACCEPT (accept: all 4 sub-batches accepted; union bound 2^-128.67 <= 2^-128); batch bits 128.672679 at target 128; system pinned (bf16-hopper); python agreement 0/0 (0 disagree); verify sum 1.925s, wall 0.975s at 3 jobs x 1 threads
-- /workspace/hp2/bx9/bf16h-int-zk/lane-p3: {"sys_id":"9dcc7cdc1377a00d877440cc01a0dcdb73b3e989d86df8244eccb35a81be0df4","table_digest":"74ce68a2801e14fbeaab2b241886bbe3fa9146234289e52c774fd4160a6c469c","pinned_relation":"bf16-hopper","format":"ligero-system/v1","m":3292,"L":339,"Q":3164,"pins":96,"chain":true,"chain_end":"word"}
4 proofs: 4 accepted, 0 rejected (4 against their own coins); batch ACCEPT (accept: all 4 sub-batches accepted; union bound 2^-128.67 <= 2^-128); batch bits 128.672679 at target 128; system pinned (bf16-hopper); python agreement 0/0 (0 disagree); verify sum 1.905s, wall 0.971s at 3 jobs x 1 threads
-- /workspace/hp2/bx9/fp8h-int-nonzk/lane-p3: {"sys_id":"c7cbebe365cb5f773a679bc13b5382fb45714511b1912e4e4ab7fb48accd4bc3","table_digest":"d5b77463fee9b3d777174755144edaa84461b3eec6ac6a1750c887dc861d58e7","pinned_relation":"fp8-hopper","format":"ligero-system/v1","m":3396,"L":554,"Q":3164,"pins":192,"chain":true,"chain_end":"word"}
4 proofs: 4 accepted, 0 rejected (4 against their own coins); batch ACCEPT (accept: all 4 sub-batches accepted; union bound 2^-128.18 <= 2^-128); batch bits 128.183043 at target 128; system pinned (fp8-hopper); python agreement 0/0 (0 disagree); verify sum 1.935s, wall 0.994s at 3 jobs x 1 threads
-- /workspace/hp2/bx9/fp8h-int-zk-ragged/lane-p3: {"sys_id":"c7cbebe365cb5f773a679bc13b5382fb45714511b1912e4e4ab7fb48accd4bc3","table_digest":"d5b77463fee9b3d777174755144edaa84461b3eec6ac6a1750c887dc861d58e7","pinned_relation":"fp8-hopper","format":"ligero-system/v1","m":3396,"L":554,"Q":3164,"pins":192,"chain":true,"chain_end":"word"}
4 proofs: 4 accepted, 0 rejected (4 against their own coins); batch ACCEPT (accept: all 4 sub-batches accepted; union bound 2^-128.67 <= 2^-128); batch bits 128.672679 at target 128; system pinned (fp8-hopper); python agreement 0/0 (0 disagree); verify sum 1.920s, wall 0.985s at 3 jobs x 1 threads
-- /workspace/hp2/bx9/fp8h-int-zk/lane-p3: {"sys_id":"c7cbebe365cb5f773a679bc13b5382fb45714511b1912e4e4ab7fb48accd4bc3","table_digest":"d5b77463fee9b3d777174755144edaa84461b3eec6ac6a1750c887dc861d58e7","pinned_relation":"fp8-hopper","format":"ligero-system/v1","m":3396,"L":554,"Q":3164,"pins":192,"chain":true,"chain_end":"word"}
4 proofs: 4 accepted, 0 rejected (4 against their own coins); batch ACCEPT (accept: all 4 sub-batches accepted; union bound 2^-128.67 <= 2^-128); batch bits 128.672679 at target 128; system pinned (fp8-hopper); python agreement 0/0 (0 disagree); verify sum 1.993s, wall 1.013s at 3 jobs x 1 threads
-- /workspace/hp2/bx9/bf16h-int-zk-legacy/lane: {"sys_id":"9dcc7cdc1377a00d877440cc01a0dcdb73b3e989d86df8244eccb35a81be0df4","table_digest":"74ce68a2801e14fbeaab2b241886bbe3fa9146234289e52c774fd4160a6c469c","pinned_relation":"bf16-hopper","format":"ligero-system/v1","m":3292,"L":339,"Q":3164,"pins":96,"chain":true,"chain_end":"word"}
4 proofs: 4 accepted, 0 rejected (4 against their own coins); batch ACCEPT (accept: all 4 sub-batches accepted; union bound 2^-128.67 <= 2^-128); batch bits 128.672679 at target 128; system pinned (bf16-hopper); python agreement 0/0 (0 disagree); verify sum 1.879s, wall 0.965s at 3 jobs x 1 threads
BITEXACT_DONE 09:04:07
