=== tree /workspace/src-hp2 09:06:19
=== pytest backends/direct/ligero
...........s............................................                 [100%]
55 passed, 1 skipped, 2 deselected in 185.63s (0:03:05)
pytest rc=0 wall=188s
=== gate bf16-ampere: gate-vu --root /workspace/bench-instances/v1 --vus 64 --device cuda
chain system: {'rows': 3516, 'by_kind': {'hint': 103, 'bit': 2534, 'prod': 173, 'pin': 96, 'sel': 610}, 'linear': 347, 'quadratic': 3387, 'pins': 96, 'hints': 103} compiled in 0.35s; device cuda
vu-k1536 [0, 42): l=4096 prover 21.11s -> True accept (0.037s)
vu-k1536 [42, 64): l=4096 prover 0.03s -> True accept (0.028s)
negatives: 52/52 rejected
mutations: 252/252 rejected (one per gadget scope x row class + 3 chain-specific, l=256)
gate bf16-ampere rc=0 wall=43s
=== gate bf16-hopper: --relation bf16-hopper gate-vu --vus 64 --device cuda --instances-cache /workspace/instances-cache
  negative row prod[3].prod[3].z (hint) +2 in column 14: REJECTED linear constraints failed
  negative row prod[3].prod15 (prod) +1 in column 3: REJECTED linear constraints failed
  negative row prod[3].prod16 (prod) +1 in column 179: REJECTED linear constraints failed
  negative row prod[3].prod[3].z1.b0 (bit) +1 in column 59: REJECTED linear constraints failed
  negative row prod[3].prod17 (prod) +1 in column 148: REJECTED quadratic constraints failed
bf16-hopper gate: 2 honest sub-batches, 87 negatives, 0 failures
gate bf16-hopper rc=0 wall=19s
=== gate bf16-hopper-zk: --relation bf16-hopper gate-vu --vus 64 --device cuda --zk --instances-cache /workspace/instances-cache
  negative row prod[3].prod[3].z (hint) +2 in column 14: REJECTED linear constraints failed (public values)
  negative row prod[3].prod15 (prod) +1 in column 3: REJECTED linear constraints failed (public values)
  negative row prod[3].prod16 (prod) +1 in column 179: REJECTED linear constraints failed (public values)
  negative row prod[3].prod[3].z1.b0 (bit) +1 in column 59: REJECTED linear constraints failed (public values)
  negative row prod[3].prod17 (prod) +1 in column 148: REJECTED quadratic constraints failed
bf16-hopper gate: 2 honest sub-batches, 87 negatives, 0 failures
gate bf16-hopper-zk rc=0 wall=21s
=== gate fp8-hopper: --relation fp8-hopper gate-vu --vus 64 --device cuda --instances-cache /workspace/instances-cache
  negative row x.b[17].s (pin) +2 in column 7: REJECTED linear constraints failed
  negative row x.b[18].s (pin) +1 in column 1: REJECTED linear constraints failed
  negative row x.b[19].s (pin) +1 in column 89: REJECTED linear constraints failed
  negative row x.b[20].s (pin) +1 in column 29: REJECTED linear constraints failed
  negative row x.b[21].s (pin) +1 in column 74: REJECTED linear constraints failed
fp8-hopper gate: 1 honest sub-batches, 92 negatives, 0 failures
gate fp8-hopper rc=0 wall=9s
=== gate fp8-ada: --relation fp8-ada gate-vu --vus 64 --device cuda --instances-cache /workspace/instances-cache
  negative row x.b[17].s (pin) +2 in column 7: REJECTED linear constraints failed
  negative row x.b[18].s (pin) +1 in column 1: REJECTED linear constraints failed
  negative row x.b[19].s (pin) +1 in column 89: REJECTED linear constraints failed
  negative row x.b[20].s (pin) +1 in column 29: REJECTED linear constraints failed
  negative row x.b[21].s (pin) +1 in column 74: REJECTED linear constraints failed
fp8-ada gate: 1 honest sub-batches, 92 negatives, 0 failures
gate fp8-ada rc=0 wall=50s
=== gate bf16-hopper-legacy: --relation bf16-hopper gate-vu --vus 64 --device cuda --impl legacy --instances-cache /workspace/instances-cache
  negative row prod[3].prod[3].z (hint) +2 in column 14: REJECTED linear constraints failed
  negative row prod[3].prod15 (prod) +1 in column 3: REJECTED linear constraints failed
  negative row prod[3].prod16 (prod) +1 in column 179: REJECTED linear constraints failed
  negative row prod[3].prod[3].z1.b0 (bit) +1 in column 59: REJECTED linear constraints failed
  negative row prod[3].prod17 (prod) +1 in column 148: REJECTED quadratic constraints failed
bf16-hopper gate: 2 honest sub-batches, 87 negatives, 0 failures
gate bf16-hopper-legacy rc=0 wall=20s
=== gate fp4-nvf4: --relation fp4-nvf4 gate-vu --vus 64 --device cuda --instances-cache /workspace/instances-cache
64 synthetic VUs (14 families, model-recorded accumulators) in 0.1s
fp4 vu-k1536 [0, 64): l=2048 prover 4.16s -> True accept (0.047s)
wrong-rule variants that reach the model's final word on every synthetic VU (no chain-level negative; the unit tier exercises them): ['frac26', 'frac28', 'window37', 'nearest-align', 'negzero', 'participate-zero-scale']
negatives: 114/114 rejected (l=256)
unit negatives (wrong-rule witnesses, own claim): 3015/3015 rejected over 1008 units x 14 variants
vu-k1536 64/64 ok; vu-k1536-neg 114/114 ok; tu-k64-neg 3015/3015 ok
gate fp4-nvf4 rc=0 wall=26s
GATES_DONE 09:12:35
