=== [06:58:47] reverify --dry-run (5 full-tree results)
reverify rc=0
{'result': 'art:71a37756c84368ef3dd82deb7164c3703a773d24162ffea419f932c17010d6ea', 'verdict': None, 'status': 'PASS', 'relation': 'fp8-ada+hash', 'custody': {'files': 76, 'mismatched': 0, 'missing': 0}}
{'result': 'art:4be5c412b945f8e17f6097154c52d094b2f4c8f061319af60fa258aa7e49c9c4', 'verdict': None, 'status': 'PASS', 'relation': 'fp8-ada+hash', 'custody': {'files': 76, 'mismatched': 0, 'missing': 0}}
{'result': 'art:381bcee832abc241b3e2cffe2d14efe2a3cd8f3aab8e9e9e1cb275f272e7d187', 'verdict': None, 'status': 'PASS', 'relation': 'fp8-ada+hash', 'custody': {'files': 76, 'mismatched': 0, 'missing': 0}}
{'result': 'art:9fdb64e0bd0015aacb098074a87d0dbbbf3bf06642cd772668fd120a4c2c423c', 'verdict': None, 'status': 'PASS', 'relation': 'fp8-ada+hash', 'custody': {'files': 76, 'mismatched': 0, 'missing': 0}}
{'result': 'art:abb219fadaa5b293718e815088c7e64151ddd50b21b78e4dda9dd1afac8fba24', 'verdict': None, 'status': 'PASS', 'relation': 'fp8-ada+hash', 'custody': {'files': 76, 'mismatched': 0, 'missing': 0}}
=== [07:01:38] statement binding
# art:71a37756c843 BOUND fp8-ada stmts=25 vus=4096 y_bad=0 ops=0/0 
# art:4be5c412b945 BOUND fp8-ada stmts=25 vus=4096 y_bad=0 ops=0/0 
# art:381bcee832ab BOUND fp8-ada stmts=25 vus=4096 y_bad=0 ops=0/0 
# art:9fdb64e0bd00 BOUND fp8-ada stmts=25 vus=4096 y_bad=0 ops=0/0 
# art:abb219fadaa5 BOUND fp8-ada stmts=25 vus=4096 y_bad=0 ops=0/0 
binding rc=0
=== [07:01:41] core roots
# art:71a37756c843 ROOTS-MATCH fp8-ada stmts=25 vus=4096 roots a=c8c8746a b=886cef1f y=49023558 
# art:4be5c412b945 ROOTS-MATCH fp8-ada stmts=25 vus=4096 roots a=c8c8746a b=886cef1f y=49023558 
# art:381bcee832ab ROOTS-MATCH fp8-ada stmts=25 vus=4096 roots a=c8c8746a b=886cef1f y=49023558 
# art:9fdb64e0bd00 ROOTS-MATCH fp8-ada stmts=25 vus=4096 roots a=c8c8746a b=886cef1f y=49023558 
# art:abb219fadaa5 ROOTS-MATCH fp8-ada stmts=25 vus=4096 roots a=c8c8746a b=886cef1f y=49023558 
core-roots rc=0
=== [07:01:56] byte identity over all 20 runs
base-fp8ada-l8192-p4-r4      ce=3df32610760b ev=247e44cad3e9 stmt=897697c9e027 (25) sys=c540b7782d83 proofs=25 listed=82 checked=82 mism=0
tip-fp8ada-l8192-p4-r1       ce=3df32610760b ev=247e44cad3e9 stmt=897697c9e027 (25) sys=c540b7782d83 proofs=25 listed=82 checked=82 mism=0
k515e-fp8ada-l8192-p4-r4     ce=3df32610760b ev=247e44cad3e9 stmt=897697c9e027 (25) sys=c540b7782d83 proofs=25 listed=82 checked=82 mism=0
k0b40-fp8ada-l8192-p4-r7     ce=3df32610760b ev=247e44cad3e9 stmt=897697c9e027 (25) sys=c540b7782d83 proofs=25 listed=82 checked=82 mism=0
tip-fp8ada-l8192-p4-r7       ce=3df32610760b ev=247e44cad3e9 stmt=897697c9e027 (25) sys=c540b7782d83 proofs=25 listed=82 checked=82 mism=0
base-fp8ada-l8192-p4-r1      ce=3df32610760b ev=247e44cad3e9 stmt=897697c9e027 (25) sys=c540b7782d83 proofs=0 listed=82 checked=57 mism=0
base-fp8ada-l8192-p4-r2      ce=3df32610760b ev=247e44cad3e9 stmt=897697c9e027 (25) sys=c540b7782d83 proofs=0 listed=82 checked=57 mism=0
base-fp8ada-l8192-p4-r3      ce=3df32610760b ev=247e44cad3e9 stmt=897697c9e027 (25) sys=c540b7782d83 proofs=0 listed=82 checked=57 mism=0
k5d14-fp8ada-l8192-p4-r2     ce=3df32610760b ev=247e44cad3e9 stmt=897697c9e027 (25) sys=c540b7782d83 proofs=0 listed=82 checked=57 mism=0
k5d14-fp8ada-l8192-p4-r3     ce=3df32610760b ev=247e44cad3e9 stmt=897697c9e027 (25) sys=c540b7782d83 proofs=0 listed=82 checked=57 mism=0
k5d14-fp8ada-l8192-p4-r4     ce=3df32610760b ev=247e44cad3e9 stmt=897697c9e027 (25) sys=c540b7782d83 proofs=0 listed=82 checked=57 mism=0
k515e-fp8ada-l8192-p4-r2     ce=3df32610760b ev=247e44cad3e9 stmt=897697c9e027 (25) sys=c540b7782d83 proofs=0 listed=82 checked=57 mism=0
k515e-fp8ada-l8192-p4-r3     ce=3df32610760b ev=247e44cad3e9 stmt=897697c9e027 (25) sys=c540b7782d83 proofs=0 listed=82 checked=57 mism=0
tip-fp8ada-l8192-p4-r2       ce=3df32610760b ev=247e44cad3e9 stmt=897697c9e027 (25) sys=c540b7782d83 proofs=0 listed=82 checked=57 mism=0
tip-fp8ada-l8192-p4-r3       ce=3df32610760b ev=247e44cad3e9 stmt=897697c9e027 (25) sys=c540b7782d83 proofs=0 listed=82 checked=57 mism=0
tip-fp8ada-l8192-p4-r4       ce=3df32610760b ev=247e44cad3e9 stmt=897697c9e027 (25) sys=c540b7782d83 proofs=0 listed=82 checked=57 mism=0
k0b40-fp8ada-l8192-p4-r5     ce=3df32610760b ev=247e44cad3e9 stmt=897697c9e027 (25) sys=c540b7782d83 proofs=0 listed=82 checked=57 mism=0
k0b40-fp8ada-l8192-p4-r6     ce=3df32610760b ev=247e44cad3e9 stmt=897697c9e027 (25) sys=c540b7782d83 proofs=0 listed=82 checked=57 mism=0
tip-fp8ada-l8192-p4-r5       ce=3df32610760b ev=247e44cad3e9 stmt=897697c9e027 (25) sys=c540b7782d83 proofs=0 listed=82 checked=57 mism=0
tip-fp8ada-l8192-p4-r6       ce=3df32610760b ev=247e44cad3e9 stmt=897697c9e027 (25) sys=c540b7782d83 proofs=0 listed=82 checked=57 mism=0
IDENTICAL
byte-identity rc=0
=== [07:05:06] negatives (after tree 13e1c916, before tree cc2e80a9)
flipped /workspace/verify-night-2/neg-hc-after/tree/proofs/neg-proofbyte/sub_00.proof 3041056
flipped /workspace/verify-night-2/neg-hc-after/tree/proofs/neg-stmtbyte/sub_00.stmt 14769
swapped /workspace/verify-night-2/neg-hc-after/tree/proofs/neg-swapstmt/sub_00.stmt /workspace/verify-night-2/neg-hc-after/tree/proofs/neg-swapstmt/sub_01.stmt
base: rc=0 batch_accepted=True n=25 accepted=25 rejected=0 reason=accept: all 25 sub-batches accepted; union bound 2^-128.50 <= 2^-128
proofbyte: rc=1 batch_accepted=False n=25 accepted=24 rejected=1 reason=sub_00.proof: merkle path 115 invalid
stmtbyte: rc=1 batch_accepted=False n=25 accepted=24 rejected=1 reason=sub_00.proof: auth: y: multiproof rejected (root mismatch)
swapstmt: rc=1 batch_accepted=False n=25 accepted=23 rejected=2 reason=sub_00.proof: column challenge mismatch
flipped /workspace/verify-night-2/neg-hc-before/tree/proofs/neg-proofbyte/sub_00.proof 3041056
flipped /workspace/verify-night-2/neg-hc-before/tree/proofs/neg-stmtbyte/sub_00.stmt 14769
swapped /workspace/verify-night-2/neg-hc-before/tree/proofs/neg-swapstmt/sub_00.stmt /workspace/verify-night-2/neg-hc-before/tree/proofs/neg-swapstmt/sub_01.stmt
base: rc=0 batch_accepted=True n=25 accepted=25 rejected=0 reason=accept: all 25 sub-batches accepted; union bound 2^-128.50 <= 2^-128
proofbyte: rc=1 batch_accepted=False n=25 accepted=24 rejected=1 reason=sub_00.proof: merkle path 115 invalid
stmtbyte: rc=1 batch_accepted=False n=25 accepted=24 rejected=1 reason=sub_00.proof: auth: y: multiproof rejected (root mismatch)
swapstmt: rc=1 batch_accepted=False n=25 accepted=23 rejected=2 reason=sub_00.proof: column challenge mismatch
=== [07:05:17] done
