ELEMENT_THRESHOLD=805306368
MINIMAL_TRACE_CHUNK_THRESHOLD=2500000
cycles 862658
rep 0 prove 4.446 shards 6 bytes 8585493 accepted True
rep 1 prove 4.349 shards 6 bytes 8585493 accepted True
proof_01m39cq22see9srpzksdp3hvh9: span 4.16s executor 0.305128702s shards 6
  +  1.08s .. +  1.30s ( 0.22s) cells 28582528 TcDotBf16 rows 0 | Global 241x99840, MemoryGlobalFinalize 30x89824, Byte 6x65536
  +  1.95s .. +  2.27s ( 0.33s) cells 69044352 TcDotBf16 rows 0 | Global 241x189504, SyscallInstrs 65x176672, SyscallCore 10x176576
  +  2.24s .. +  2.57s ( 0.34s) cells 89714912 TcDotBf16 rows 0 | Global 241x233408, SyscallInstrs 65x216928, SyscallCore 10x216608
  +  2.64s .. +  3.21s ( 0.57s) cells 194856992 TcDotBf16 rows 135264 | TcDotBf16 1173x135264, Global 241x138112, SyscallPrecompile 10x135264
  +  3.17s .. +  3.70s ( 0.53s) cells 194856992 TcDotBf16 rows 135264 | TcDotBf16 1173x135264, Global 241x138112, SyscallPrecompile 10x135264
  +  3.65s .. +  4.16s ( 0.51s) cells 176785024 TcDotBf16 rows 122624 | TcDotBf16 1173x122624, Global 241x125184, SyscallPrecompile 10x122624
proof_01m39cq6sfetgrsdk8a1pwgamg: span 4.08s executor 0.302361599s shards 6
  +  1.06s .. +  1.30s ( 0.24s) cells 28582528 TcDotBf16 rows 0 | Global 241x99840, MemoryGlobalFinalize 30x89824, Byte 6x65536
  +  1.96s .. +  2.27s ( 0.31s) cells 69044352 TcDotBf16 rows 0 | Global 241x189504, SyscallInstrs 65x176672, SyscallCore 10x176576
  +  2.25s .. +  2.58s ( 0.32s) cells 89714912 TcDotBf16 rows 0 | Global 241x233408, SyscallInstrs 65x216928, SyscallCore 10x216608
  +  2.63s .. +  3.14s ( 0.51s) cells 194856992 TcDotBf16 rows 135264 | TcDotBf16 1173x135264, Global 241x138112, SyscallPrecompile 10x135264
  +  3.09s .. +  3.63s ( 0.53s) cells 194856992 TcDotBf16 rows 135264 | TcDotBf16 1173x135264, Global 241x138112, SyscallPrecompile 10x135264
  +  3.58s .. +  4.08s ( 0.50s) cells 176785024 TcDotBf16 rows 122624 | TcDotBf16 1173x122624, Global 241x125184, SyscallPrecompile 10x122624
ELEMENT_THRESHOLD=603979776
MINIMAL_TRACE_CHUNK_THRESHOLD=2500000
cycles 862658
rep 0 prove 4.878 shards 7 bytes 9968742 accepted True
rep 1 prove 4.643 shards 7 bytes 9968742 accepted True
proof_01m39cr12ze59bfh49pgdv830y: span 4.57s executor 0.298773385s shards 7
  +  1.09s .. +  1.31s ( 0.22s) cells 28582528 TcDotBf16 rows 0 | Global 241x99840, MemoryGlobalFinalize 30x89824, Byte 6x65536
  +  2.17s .. +  2.48s ( 0.31s) cells 69044352 TcDotBf16 rows 0 | Global 241x189504, SyscallInstrs 65x176672, SyscallCore 10x176576
  +  2.44s .. +  2.80s ( 0.36s) cells 89714912 TcDotBf16 rows 0 | Global 241x233408, SyscallInstrs 65x216928, SyscallCore 10x216608
  +  2.76s .. +  3.35s ( 0.59s) cells 146423776 TcDotBf16 rows 101376 | TcDotBf16 1173x101376, Global 241x103520, SyscallPrecompile 10x101376
  +  3.28s .. +  3.75s ( 0.47s) cells 146423776 TcDotBf16 rows 101376 | TcDotBf16 1173x101376, Global 241x103520, SyscallPrecompile 10x101376
  +  3.70s .. +  4.18s ( 0.47s) cells 146423776 TcDotBf16 rows 101376 | TcDotBf16 1173x101376, Global 241x103520, SyscallPrecompile 10x101376
  +  4.12s .. +  4.57s ( 0.45s) cells 128761920 TcDotBf16 rows 89024 | TcDotBf16 1173x89024, Global 241x90880, SyscallPrecompile 10x89024
proof_01m39cr68rfvst7ww2h5b9q7pf: span 4.35s executor 0.302577048s shards 7
  +  1.06s .. +  1.32s ( 0.26s) cells 28582528 TcDotBf16 rows 0 | Global 241x99840, MemoryGlobalFinalize 30x89824, Byte 6x65536
  +  2.05s .. +  2.36s ( 0.31s) cells 69044352 TcDotBf16 rows 0 | Global 241x189504, SyscallInstrs 65x176672, SyscallCore 10x176576
  +  2.34s .. +  2.69s ( 0.36s) cells 89714912 TcDotBf16 rows 0 | Global 241x233408, SyscallInstrs 65x216928, SyscallCore 10x216608
  +  2.63s .. +  3.11s ( 0.48s) cells 146423776 TcDotBf16 rows 101376 | TcDotBf16 1173x101376, Global 241x103520, SyscallPrecompile 10x101376
  +  3.06s .. +  3.53s ( 0.47s) cells 146423776 TcDotBf16 rows 101376 | TcDotBf16 1173x101376, Global 241x103520, SyscallPrecompile 10x101376
  +  3.48s .. +  3.95s ( 0.47s) cells 146423776 TcDotBf16 rows 101376 | TcDotBf16 1173x101376, Global 241x103520, SyscallPrecompile 10x101376
  +  3.89s .. +  4.35s ( 0.46s) cells 128761920 TcDotBf16 rows 89024 | TcDotBf16 1173x89024, Global 241x90880, SyscallPrecompile 10x89024
ELEMENT_THRESHOLD=503316480
MINIMAL_TRACE_CHUNK_THRESHOLD=1600000
SP1_WORKER_NUM_SPLICING_WORKERS=3
cycles 862658
rep 0 prove 4.759 shards 9 bytes 12797761 accepted True
rep 1 prove 4.624 shards 9 bytes 12797761 accepted True
proof_01m39crzvgekrtft8adrqk8tt2: span 4.42s executor 0.306245636s shards 9
  +  1.03s .. +  1.25s ( 0.22s) cells 28582528 TcDotBf16 rows 0 | Global 241x99840, MemoryGlobalFinalize 30x89824, Byte 6x65536
  +  1.64s .. +  1.97s ( 0.33s) cells 45382016 TcDotBf16 rows 0 | Global 241x122880, SyscallInstrs 65x114400, SyscallCore 10x114336
  +  1.96s .. +  2.31s ( 0.35s) cells 59378016 TcDotBf16 rows 0 | Global 241x148192, SyscallInstrs 65x136896, ShaCompress 206x10400
  +  2.21s .. +  2.51s ( 0.29s) cells 55737568 TcDotBf16 rows 0 | Global 241x152608, SyscallInstrs 65x142336, SyscallCore 10x142272
  +  2.45s .. +  2.91s ( 0.46s) cells 122229632 TcDotBf16 rows 84448 | TcDotBf16 1173x84448, Global 241x86240, SyscallPrecompile 10x84448
  +  2.85s .. +  3.30s ( 0.44s) cells 122229632 TcDotBf16 rows 84448 | TcDotBf16 1173x84448, Global 241x86240, SyscallPrecompile 10x84448
  +  3.24s .. +  3.70s ( 0.46s) cells 122229632 TcDotBf16 rows 84448 | TcDotBf16 1173x84448, Global 241x86240, SyscallPrecompile 10x84448
  +  3.66s .. +  4.09s ( 0.43s) cells 122229632 TcDotBf16 rows 84448 | TcDotBf16 1173x84448, Global 241x86240, SyscallPrecompile 10x84448
  +  4.04s .. +  4.42s ( 0.38s) cells 80656032 TcDotBf16 rows 55360 | TcDotBf16 1173x55360, Global 241x56544, SyscallPrecompile 10x55360
proof_01m39cs51ffcs8y3qjatd15vjv: span 4.29s executor 0.306452998s shards 9
  +  1.01s .. +  1.25s ( 0.24s) cells 28582528 TcDotBf16 rows 0 | Global 241x99840, MemoryGlobalFinalize 30x89824, Byte 6x65536
  +  1.57s .. +  1.86s ( 0.29s) cells 45382016 TcDotBf16 rows 0 | Global 241x122880, SyscallInstrs 65x114400, SyscallCore 10x114336
  +  1.83s .. +  2.11s ( 0.28s) cells 55737568 TcDotBf16 rows 0 | Global 241x152608, SyscallInstrs 65x142336, SyscallCore 10x142272
  +  2.07s .. +  2.36s ( 0.30s) cells 59378016 TcDotBf16 rows 0 | Global 241x148192, SyscallInstrs 65x136896, ShaCompress 206x10400
  +  2.30s .. +  2.79s ( 0.49s) cells 122229632 TcDotBf16 rows 84448 | TcDotBf16 1173x84448, Global 241x86240, SyscallPrecompile 10x84448
  +  2.76s .. +  3.19s ( 0.44s) cells 122229632 TcDotBf16 rows 84448 | TcDotBf16 1173x84448, Global 241x86240, SyscallPrecompile 10x84448
  +  3.13s .. +  3.57s ( 0.44s) cells 122229632 TcDotBf16 rows 84448 | TcDotBf16 1173x84448, Global 241x86240, SyscallPrecompile 10x84448
  +  3.52s .. +  3.96s ( 0.44s) cells 122229632 TcDotBf16 rows 84448 | TcDotBf16 1173x84448, Global 241x86240, SyscallPrecompile 10x84448
  +  3.90s .. +  4.29s ( 0.39s) cells 80656032 TcDotBf16 rows 55360 | TcDotBf16 1173x55360, Global 241x56544, SyscallPrecompile 10x55360
ELEMENT_THRESHOLD=805306368
MINIMAL_TRACE_CHUNK_THRESHOLD=1600000
SP1_WORKER_NUM_SPLICING_WORKERS=3
cycles 862658
rep 0 prove 4.206 shards 7 bytes 10032935 accepted True
rep 1 prove 4.262 shards 7 bytes 10032935 accepted True
proof_01m39ct0bkf91bvpgskvy5fh07: span 3.91s executor 0.308700548s shards 7
  +  1.01s .. +  1.23s ( 0.22s) cells 28582528 TcDotBf16 rows 0 | Global 241x99840, MemoryGlobalFinalize 30x89824, Byte 6x65536
  +  1.62s .. +  1.92s ( 0.30s) cells 45382016 TcDotBf16 rows 0 | Global 241x122880, SyscallInstrs 65x114400, SyscallCore 10x114336
  +  1.87s .. +  2.18s ( 0.30s) cells 59378016 TcDotBf16 rows 0 | Global 241x148192, SyscallInstrs 65x136896, ShaCompress 206x10400
  +  2.13s .. +  2.46s ( 0.33s) cells 55737568 TcDotBf16 rows 0 | Global 241x152608, SyscallInstrs 65x142336, SyscallCore 10x142272
  +  2.42s .. +  2.96s ( 0.54s) cells 194856992 TcDotBf16 rows 135264 | TcDotBf16 1173x135264, Global 241x138112, SyscallPrecompile 10x135264
  +  2.91s .. +  3.42s ( 0.51s) cells 176785024 TcDotBf16 rows 122624 | TcDotBf16 1173x122624, Global 241x125184, SyscallPrecompile 10x122624
  +  3.40s .. +  3.91s ( 0.51s) cells 194856992 TcDotBf16 rows 135264 | TcDotBf16 1173x135264, Global 241x138112, SyscallPrecompile 10x135264
proof_01m39ct4wwfn0rh8dxk5xxg9kz: span 3.98s executor 0.306074372s shards 7
  +  1.00s .. +  1.22s ( 0.22s) cells 28582528 TcDotBf16 rows 0 | Global 241x99840, MemoryGlobalFinalize 30x89824, Byte 6x65536
  +  1.58s .. +  1.86s ( 0.27s) cells 45382016 TcDotBf16 rows 0 | Global 241x122880, SyscallInstrs 65x114400, SyscallCore 10x114336
  +  1.86s .. +  2.15s ( 0.29s) cells 59378016 TcDotBf16 rows 0 | Global 241x148192, SyscallInstrs 65x136896, ShaCompress 206x10400
  +  2.10s .. +  2.40s ( 0.30s) cells 55737568 TcDotBf16 rows 0 | Global 241x152608, SyscallInstrs 65x142336, SyscallCore 10x142272
  +  2.47s .. +  2.99s ( 0.51s) cells 194856992 TcDotBf16 rows 135264 | TcDotBf16 1173x135264, Global 241x138112, SyscallPrecompile 10x135264
  +  2.94s .. +  3.52s ( 0.58s) cells 194856992 TcDotBf16 rows 135264 | TcDotBf16 1173x135264, Global 241x138112, SyscallPrecompile 10x135264
  +  3.47s .. +  3.98s ( 0.51s) cells 176785024 TcDotBf16 rows 122624 | TcDotBf16 1173x122624, Global 241x125184, SyscallPrecompile 10x122624
=== screen done
