art:09209e8a5ea7c8adf2c3458accaba7bfd18e41a241163dcea2d31f4d39741195  run-files/v1           PRESERVED (etag-md5)
  labels                 DURABLE  0 local, 0 on remote
art:0e0647a5eeba3a22dac3cd4052a1e1350a1371668ec280a1d731cd572cb1ddce  bench-result/v1        PRESERVED (sha256-readback)
  labels                 DURABLE  0 local, 0 on remote
art:0e0e7ac5e9f035712e5a108eca44cbd674ea437e8f18ffa4d93c2d393fc2c154  bench-result/v1        PRESERVED (sha256-readback)
  labels                 DURABLE  4 local, 4 on remote
art:11e67b6573027fbeaa3283c6c5fd13ccf824d3d3ee6731e3608a7562861363f0  bench-result/v1        PRESERVED (sha256-readback)
  labels                 DURABLE  0 local, 0 on remote
art:16a4a6bee5058d206a492484c98d93988e662e14886795e7d29e50a89a269560  bench-result/v1        PRESERVED (sha256-readback)
  labels                 DURABLE  0 local, 0 on remote
art:1f143bb3da16654491890212e16c31362dd206c293459b262efd906380dc6b18  run-files/v1           PRESERVED (etag-md5)
  labels                 DURABLE  0 local, 0 on remote
art:20c31e6efd4cd96c7d767ecf5d23ceaac94d66d20dca6713354d55f4ca477ebc  bench-result/v1        PRESERVED (sha256-readback)
  labels                 DURABLE  0 local, 0 on remote
art:227aeb2a0da200ec207326bfaec9b9804773e004a46fd48f2b5abf4ab8800439  bench-result/v1        PRESERVED (sha256-readback)
  labels                 DURABLE  4 local, 4 on remote
art:2d1e51ef395a84e916a6164e93576167d0619605a46a28dd4d75004716d8a58d  bench-result/v1        PRESERVED (sha256-readback)
  labels                 DURABLE  0 local, 0 on remote
art:33debc04844e1dd1c9410c0c0a07a5eda0a3fe9696d5f8273bf8eb3f71629ad1  bench-result/v1        PRESERVED (sha256-readback)
  labels                 DURABLE  0 local, 0 on remote
art:3b4464a20bbd5880fc93a045da392896c49b6904bc8a00141692e322473a0a9f  run-files/v1           PRESERVED (etag-md5)
  labels                 DURABLE  0 local, 0 on remote
art:47916d6e4dab191c7fd0aa4481d2e125d1e199cf24e63202b609abcc1bae2c2e  bench-result/v1        PRESERVED (sha256-readback)
  labels                 DURABLE  0 local, 0 on remote
art:484a414f4fba8ce8c116ad7abb600d3468333ee6eef2fd611c5623e08f16ba4d  verification-verdict/v1 PRESERVED (etag-md5)
  labels                 DURABLE  0 local, 0 on remote
art:52e0b1caef576c14973c0bc7da8b2e936aff1fa97985fdac9b8cbebb0f896406  bench-result/v1        PRESERVED (sha256-readback)
  labels                 DURABLE  0 local, 0 on remote
art:54f2dd7a9ad8f713636d945d34ae99c948b1852ce736fccb22a6a32c83cb3049  bench-result/v1        PRESERVED (sha256-readback)
  labels                 DURABLE  0 local, 0 on remote
art:63e79147a81105021edfaa8adc46435f25e7e0590defb2fba110f1614fe37ae3  run-files/v1           PRESERVED (etag-md5)
  labels                 DURABLE  0 local, 0 on remote
art:809fd020153681f695aa1a70b1d8707f77a96082389ea46ff00b73f3a3fc8692  verification-verdict/v1 PRESERVED (etag-md5)
  labels                 DURABLE  0 local, 0 on remote
art:81f9e7e086c940d6ba50df7fd5183591f5f4346f4cb0174e8d08f0fce000240b  bench-result/v1        PRESERVED (sha256-readback)
  labels                 DURABLE  0 local, 0 on remote
art:922f08c6f07b9de366fad51790e89c692024838ebaa78a4bae93f2d083315207  bench-result/v1        PRESERVED (sha256-readback)
  labels                 DURABLE  0 local, 0 on remote
art:94f38f5542f48b4807a4d8867e58af03c6716f118f3d79e4a7c725738ee51893  verification-verdict/v1 PRESERVED (etag-md5)
  labels                 DURABLE  0 local, 0 on remote
art:97e0f3ba867b14657ad9629566ef6381413419bf0b36530c61f926260f18c2a1  bench-result/v1        PRESERVED (sha256-readback)
  labels                 DURABLE  4 local, 4 on remote
art:b4e0b9ee90c6f2a28e7086d504701c9b502c25588e890109fee4e6de4239f496  bench-result/v1        PRESERVED (sha256-readback)
  labels                 DURABLE  0 local, 0 on remote
art:b56d75774deef805c95c72ae3b3e922de86debb3de932f9b2eeab9a005974699  bench-result/v1        PRESERVED (sha256-readback)
  labels                 DURABLE  0 local, 0 on remote
art:c14cb3d3b7880c33a196c745c219fdf04fa9d417bd25fb6a04008db4fa339a07  bench-result/v1        PRESERVED (sha256-readback)
  labels                 DURABLE  0 local, 0 on remote
art:c3d76d7b8b7b08307c00f9ba45bca08ef9f787593a238be59d9bed41cc3c79f0  bench-result/v1        PRESERVED (sha256-readback)
  labels                 DURABLE  4 local, 4 on remote
art:cb33ff3025c58689f19f6f14253a7c489a3e68051f81bcdba6a1de754e2586f0  bench-result/v1        PRESERVED (sha256-readback)
  labels                 DURABLE  0 local, 0 on remote
art:d2f02438b2c8cf55d5552bc3e5c415389b50b30102985debcd3a36831a61e764  bench-result/v1        PRESERVED (sha256-readback)
  labels                 DURABLE  0 local, 0 on remote
art:d8bde8c9ca8ae8331dc1a4dd483e9b9480da04128bf86940a0c5315e40403e1f  verification-verdict/v1 PRESERVED (etag-md5)
  labels                 DURABLE  0 local, 0 on remote
PRESERVED on s3://verity-dev @ https://1d4dfa0a7dc0639e19f5d0125f14a634.r2.cloudflarestorage.com
