/workspace/research/store/labels/art_e9ae289ce98e5148d8b6c6232a15265ce2f7ed9336981df38ecd0689788cc819/20260924T221514Z-arith.json
/workspace/research/store/labels/art_e9ae289ce98e5148d8b6c6232a15265ce2f7ed9336981df38ecd0689788cc819/20260924T221514Z-arith~2.json
/workspace/research/store/labels/art_e9ae289ce98e5148d8b6c6232a15265ce2f7ed9336981df38ecd0689788cc819/20260924T221514Z-arith~3.json
/workspace/research/store/labels/art_e9ae289ce98e5148d8b6c6232a15265ce2f7ed9336981df38ecd0689788cc819/20260924T221514Z-arith~4.json
art:e9ae289ce98e… r20260924-214905-44a7: custody 40/40, pinned=fp8-hopper-v3x4, 13/13, 2^-128.33 PASS -> verdict art:70ff542a2a78eab60e940fe2390b4ffaf8be724806ac65dab88d737dbf47217f  (1.8s)
/workspace/research/store/labels/art_c6271278162b3d9350736128bf7ea8969c80ee43a993617fd0a4e503ffffa844/20260924T221515Z-arith.json
/workspace/research/store/labels/art_c6271278162b3d9350736128bf7ea8969c80ee43a993617fd0a4e503ffffa844/20260924T221515Z-arith~2.json
/workspace/research/store/labels/art_c6271278162b3d9350736128bf7ea8969c80ee43a993617fd0a4e503ffffa844/20260924T221515Z-arith~3.json
/workspace/research/store/labels/art_c6271278162b3d9350736128bf7ea8969c80ee43a993617fd0a4e503ffffa844/20260924T221515Z-arith~4.json
art:c6271278162b… r20260924-214905-44a7: custody 40/40, pinned=fp8-hopper-v3x4, 13/13, 2^-128.33 PASS -> verdict art:7e4d67bfa4e2e308a9c34bf8cf5dd481f782b6b3e2afaef34bf34952e4ec3cdd  (1.5s)
/workspace/research/store/labels/art_8182f9ae4eb5f78f16bfc2faa2aa7be28baf835d395046ab1582b5542ed289a8/20260924T221517Z-arith.json
/workspace/research/store/labels/art_8182f9ae4eb5f78f16bfc2faa2aa7be28baf835d395046ab1582b5542ed289a8/20260924T221517Z-arith~2.json
/workspace/research/store/labels/art_8182f9ae4eb5f78f16bfc2faa2aa7be28baf835d395046ab1582b5542ed289a8/20260924T221517Z-arith~3.json
/workspace/research/store/labels/art_8182f9ae4eb5f78f16bfc2faa2aa7be28baf835d395046ab1582b5542ed289a8/20260924T221517Z-arith~4.json
art:8182f9ae4eb5… r20260924-214905-44a7: custody 40/40, pinned=fp8-hopper-v3x4, 13/13, 2^-128.33 PASS -> verdict art:fa3eea5345a8134f8f8111e3b356a60901bb91a73cf47ca459a92861ffb67339  (1.6s)
/workspace/research/store/labels/art_efd871f653901528dcd22cd761359f3563878cc2d6c4a4c43c9affa61ff2ba5d/20260924T221519Z-arith.json
/workspace/research/store/labels/art_efd871f653901528dcd22cd761359f3563878cc2d6c4a4c43c9affa61ff2ba5d/20260924T221519Z-arith~2.json
/workspace/research/store/labels/art_efd871f653901528dcd22cd761359f3563878cc2d6c4a4c43c9affa61ff2ba5d/20260924T221519Z-arith~3.json
/workspace/research/store/labels/art_efd871f653901528dcd22cd761359f3563878cc2d6c4a4c43c9affa61ff2ba5d/20260924T221519Z-arith~4.json
art:efd871f65390… r20260924-215841-a74a: custody 40/40, pinned=fp8-hopper-v3x4, 13/13, 2^-128.33 PASS -> verdict art:bcbdb40b467096ab102d9b7249a966b1fae02024cbcf9bd54f58c7ca915fab42  (1.7s)
/workspace/research/store/labels/art_7a8443b4d8102a767efa8605467447ae64b540d5521abb633241aeb6c83c82cf/20260924T221520Z-arith.json
/workspace/research/store/labels/art_7a8443b4d8102a767efa8605467447ae64b540d5521abb633241aeb6c83c82cf/20260924T221520Z-arith~2.json
/workspace/research/store/labels/art_7a8443b4d8102a767efa8605467447ae64b540d5521abb633241aeb6c83c82cf/20260924T221520Z-arith~3.json
/workspace/research/store/labels/art_7a8443b4d8102a767efa8605467447ae64b540d5521abb633241aeb6c83c82cf/20260924T221520Z-arith~4.json
art:7a8443b4d810… r20260924-215841-a74a: custody 40/40, pinned=fp8-hopper-v3x4, 13/13, 2^-128.33 PASS -> verdict art:286de08a01e74839d47ea894e722f231380b57d9e6d7e9925617d39f32812ac9  (1.6s)
/workspace/research/store/labels/art_709ab20c51540d02d80cb6b44f15193ad11e4066ff69bb92a18b935ccc0dc0dd/20260924T221522Z-arith.json
/workspace/research/store/labels/art_709ab20c51540d02d80cb6b44f15193ad11e4066ff69bb92a18b935ccc0dc0dd/20260924T221522Z-arith~2.json
/workspace/research/store/labels/art_709ab20c51540d02d80cb6b44f15193ad11e4066ff69bb92a18b935ccc0dc0dd/20260924T221522Z-arith~3.json
/workspace/research/store/labels/art_709ab20c51540d02d80cb6b44f15193ad11e4066ff69bb92a18b935ccc0dc0dd/20260924T221522Z-arith~4.json
art:709ab20c5154… r20260924-215841-a74a: custody 40/40, pinned=fp8-hopper-v3x4, 13/13, 2^-128.33 PASS -> verdict art:ad4d66f40753023ebc4a8b918085b08404097fbdb8d2de66141fdbee68777d9a  (1.5s)
/workspace/research/store/labels/art_415d6cde28670ecc8e4bb116d204fe7492578fd2bdad0984196142f3d189e45e/20260924T221524Z-arith.json
/workspace/research/store/labels/art_415d6cde28670ecc8e4bb116d204fe7492578fd2bdad0984196142f3d189e45e/20260924T221524Z-arith~2.json
/workspace/research/store/labels/art_415d6cde28670ecc8e4bb116d204fe7492578fd2bdad0984196142f3d189e45e/20260924T221524Z-arith~3.json
/workspace/research/store/labels/art_415d6cde28670ecc8e4bb116d204fe7492578fd2bdad0984196142f3d189e45e/20260924T221524Z-arith~4.json
art:415d6cde2867… r20260924-214905-44a7: custody 76/76, pinned=bf16-hopper-v3x4, 25/25, 2^-128.05 PASS -> verdict art:d9bf9028bf3501958a4d336d4219d1bb69eaf03d3d7bd24a7300b172514a7b44  (2.4s)
/workspace/research/store/labels/art_b23719dd4b2d4b323f3fafddb5609bf591cb42608a4abb9f43ec17ac7a9aa449/20260924T221527Z-arith.json
/workspace/research/store/labels/art_b23719dd4b2d4b323f3fafddb5609bf591cb42608a4abb9f43ec17ac7a9aa449/20260924T221527Z-arith~2.json
/workspace/research/store/labels/art_b23719dd4b2d4b323f3fafddb5609bf591cb42608a4abb9f43ec17ac7a9aa449/20260924T221527Z-arith~3.json
/workspace/research/store/labels/art_b23719dd4b2d4b323f3fafddb5609bf591cb42608a4abb9f43ec17ac7a9aa449/20260924T221527Z-arith~4.json
art:b23719dd4b2d… r20260924-214905-44a7: custody 76/76, pinned=bf16-hopper-v3x4, 25/25, 2^-128.05 PASS -> verdict art:3952b04ef3066293868ebb694e366f39783e592209da73eae40b533b0a562c46  (2.5s)
/workspace/research/store/labels/art_16feee34466b1458ff685d932b1d59660a1e54099b1df4a60323280c8a87f492/20260924T221529Z-arith.json
/workspace/research/store/labels/art_16feee34466b1458ff685d932b1d59660a1e54099b1df4a60323280c8a87f492/20260924T221529Z-arith~2.json
/workspace/research/store/labels/art_16feee34466b1458ff685d932b1d59660a1e54099b1df4a60323280c8a87f492/20260924T221529Z-arith~3.json
/workspace/research/store/labels/art_16feee34466b1458ff685d932b1d59660a1e54099b1df4a60323280c8a87f492/20260924T221529Z-arith~4.json
art:16feee34466b… r20260924-214905-44a7: custody 76/76, pinned=bf16-hopper-v3x4, 25/25, 2^-128.05 PASS -> verdict art:cbd469a69ee32e0cd1d2d5d5447b176927461f46ebdf3bc94e97a2de7a94d602  (2.2s)
/workspace/research/store/labels/art_e336225676820478ea8f93c1922fe17c975b326ac6d918b6d8164f95ca6f339c/20260924T221531Z-arith.json
/workspace/research/store/labels/art_e336225676820478ea8f93c1922fe17c975b326ac6d918b6d8164f95ca6f339c/20260924T221531Z-arith~2.json
/workspace/research/store/labels/art_e336225676820478ea8f93c1922fe17c975b326ac6d918b6d8164f95ca6f339c/20260924T221531Z-arith~3.json
/workspace/research/store/labels/art_e336225676820478ea8f93c1922fe17c975b326ac6d918b6d8164f95ca6f339c/20260924T221531Z-arith~4.json
art:e33622567682… r20260924-215841-a74a: custody 76/76, pinned=bf16-hopper-v3x4, 25/25, 2^-128.05 PASS -> verdict art:6d44f828eb0263622e8a97ce023e7d29f148a4e07f547bb5c702d5d0a85035b3  (2.1s)
/workspace/research/store/labels/art_064a3a75070beaaf5ca58ac434d6b95a6ec61db2c9a2c1408f522306c7f863eb/20260924T221533Z-arith.json
/workspace/research/store/labels/art_064a3a75070beaaf5ca58ac434d6b95a6ec61db2c9a2c1408f522306c7f863eb/20260924T221533Z-arith~2.json
/workspace/research/store/labels/art_064a3a75070beaaf5ca58ac434d6b95a6ec61db2c9a2c1408f522306c7f863eb/20260924T221533Z-arith~3.json
/workspace/research/store/labels/art_064a3a75070beaaf5ca58ac434d6b95a6ec61db2c9a2c1408f522306c7f863eb/20260924T221533Z-arith~4.json
art:064a3a75070b… r20260924-215841-a74a: custody 76/76, pinned=bf16-hopper-v3x4, 25/25, 2^-128.05 PASS -> verdict art:cc383992cac4bdc1cb497cc8e6142bd1dee87e1329a832ffd7043ce3245ecb52  (2.3s)
/workspace/research/store/labels/art_593f8249c8c12285019fd55293368b97f202177a2d8eb3dc1e98c88d19409e60/20260924T221535Z-arith.json
/workspace/research/store/labels/art_593f8249c8c12285019fd55293368b97f202177a2d8eb3dc1e98c88d19409e60/20260924T221535Z-arith~2.json
/workspace/research/store/labels/art_593f8249c8c12285019fd55293368b97f202177a2d8eb3dc1e98c88d19409e60/20260924T221535Z-arith~3.json
/workspace/research/store/labels/art_593f8249c8c12285019fd55293368b97f202177a2d8eb3dc1e98c88d19409e60/20260924T221535Z-arith~4.json
art:593f8249c8c1… r20260924-215841-a74a: custody 76/76, pinned=bf16-hopper-v3x4, 25/25, 2^-128.05 PASS -> verdict art:60e77a1c56a452c93a389f95b22619338beb046f8abe0074c904e51089af1ed8  (2.3s)
/workspace/research/store/labels/art_debd7e1d6f5aef42103d9e38dbc8913b4f704821e7e6ba4a514762b4459d9829/20260924T221537Z-arith.json
/workspace/research/store/labels/art_debd7e1d6f5aef42103d9e38dbc8913b4f704821e7e6ba4a514762b4459d9829/20260924T221537Z-arith~2.json
/workspace/research/store/labels/art_debd7e1d6f5aef42103d9e38dbc8913b4f704821e7e6ba4a514762b4459d9829/20260924T221537Z-arith~3.json
/workspace/research/store/labels/art_debd7e1d6f5aef42103d9e38dbc8913b4f704821e7e6ba4a514762b4459d9829/20260924T221537Z-arith~4.json
art:debd7e1d6f5a… r20260924-215841-a74a: custody 76/76, pinned=bf16-hopper-v3x4, 25/25, 2^-128.05 PASS -> verdict art:c7fc80b5313aa7eb3e53ec37da7478ef41d8f7c8168e361fd285f338b0f8c491  (2.1s)
13 result(s): PASS 13; verifier ligero-verify(sha256 f05bb9cb7fcb6405)
