{
 "k": 3,
 "total_ms": 427.37664794921875,
 "wall_s": 0.4276384189724922,
 "us_per_vu": 104.34000194072723,
 "histogram_ms": 3.705120086669922,
 "tree_ms": 12.565471649169922,
 "big_packed_ms": 8.216416358947754,
 "big_fold_k_ms": 2.3761279582977295,
 "big_ext_ms": 29.376352310180664,
 "levels_ms": {
  "0": 0.27478399872779846,
  "1": 0.8631680011749268,
  "2": 1.3908159732818604,
  "3": 1.9423999786376953,
  "4": 2.6704320907592773,
  "5": 3.249919891357422,
  "6": 4.013120174407959,
  "7": 4.7006402015686035,
  "8": 5.799071788787842,
  "9": 6.987135887145996,
  "10": 8.118399620056152,
  "11": 9.291584014892578,
  "12": 10.502880096435547,
  "13": 11.863231658935547,
  "14": 12.951871871948242,
  "15": 14.29308795928955,
  "16": 15.82595157623291,
  "17": 17.178144454956055,
  "18": 18.772544860839844,
  "19": 20.409536361694336,
  "20": 21.957151412963867,
  "21": 23.91494369506836,
  "22": 26.380128860473633,
  "23": 30.473407745361328,
  "24": 36.50092697143555,
  "25": 47.820865631103516,
  "26": 51.17718505859375
 },
 "tail_levels_ms": 171.09872046113014,
 "totals_ms": [
  433.2833251953125,
  427.37664794921875,
  429.49072265625
 ],
 "mem.peak_device_bytes": 12450433024
}
{
 "k": 0,
 "total_ms": 446.6475830078125,
 "wall_s": 0.4469082001596689,
 "us_per_vu": 109.04482007026672,
 "histogram_ms": 3.6363840103149414,
 "tree_ms": 12.49824047088623,
 "big_packed_ms": 0.003648000070825219,
 "big_fold_k_ms": 15.325695991516113,
 "big_ext_ms": 65.39852905273438,
 "levels_ms": {
  "0": 0.3574720025062561,
  "1": 0.9311360120773315,
  "2": 1.3241599798202515,
  "3": 1.8926080465316772,
  "4": 2.6025919914245605,
  "5": 3.147775888442993,
  "6": 3.837280035018921,
  "7": 4.46668815612793,
  "8": 5.5272321701049805,
  "9": 6.644320011138916,
  "10": 7.589056015014648,
  "11": 8.621696472167969,
  "12": 9.753024101257324,
  "13": 10.926176071166992,
  "14": 12.176287651062012,
  "15": 13.731424331665039,
  "16": 14.77625560760498,
  "17": 16.328447341918945,
  "18": 17.80384063720703,
  "19": 18.941375732421875,
  "20": 20.64214324951172,
  "21": 22.33247947692871,
  "22": 24.53878402709961,
  "23": 28.23366355895996,
  "24": 34.529502868652344,
  "25": 45.20943832397461,
  "26": 91.8268814086914
 },
 "tail_levels_ms": 161.37884825468063,
 "totals_ms": [
  447.5079345703125,
  446.6475830078125,
  447.3387451171875
 ],
 "mem.peak_device_bytes": 24801980416
}
