=== [07:49:10] bench-instances/v1 (bf16-ampere's frozen x / W) -> /workspace/bench-instances/v1
negatives: 52 instances, 0 problems
OK
built arrays: 6, sha256 mismatches vs committed manifest: []
=== [07:50:48] reverify --dry-run art:794365d36195f9b825ffbf2dbb0cc4ac4ee95fe358858622a9335d4670a75501 art:271e0e3a0d28d2c8f9dc6cc95ea8efe9baecff9060a24a0a7f7b3bca7d08a6fa art:5387c1b55de3abcf93e78b2e03e0aea9444e7266171aea6baed6cd5c0ebd9738 art:1abdf12a7448735757995c9b4860186ef5cab829546ef2e96d7877335f4b1fcc art:99867b4c346f4a05cd4be2ba8ceb11d5b17cb4abebaede1415fe5aa2490a06b5 art:71a37756c84368ef3dd82deb7164c3703a773d24162ffea419f932c17010d6ea art:4be5c412b945f8e17f6097154c52d094b2f4c8f061319af60fa258aa7e49c9c4 art:381bcee832abc241b3e2cffe2d14efe2a3cd8f3aab8e9e9e1cb275f272e7d187 art:9fdb64e0bd0015aacb098074a87d0dbbbf3bf06642cd772668fd120a4c2c423c art:abb219fadaa5b293718e815088c7e64151ddd50b21b78e4dda9dd1afac8fba24
reverify rc=0
=== [07:54:07] statement binding
# art:794365d36195 BOUND bf16-ampere stmts=25 vus=4096 y_bad=0 ops=0/0 
# art:271e0e3a0d28 BOUND bf16-hopper stmts=25 vus=4096 y_bad=0 ops=0/0 
# art:5387c1b55de3 BOUND fp8-hopper stmts=13 vus=4096 y_bad=0 ops=0/0 
# art:1abdf12a7448 BOUND fp8-ada stmts=25 vus=4096 y_bad=0 ops=0/0 
# art:99867b4c346f BOUND fp4-nvf4 stmts=13 vus=4096 y_bad=0 ops=0/0 
# art:71a37756c843 BOUND fp8-ada stmts=25 vus=4096 y_bad=0 ops=0/0 
# art:4be5c412b945 BOUND fp8-ada stmts=25 vus=4096 y_bad=0 ops=0/0 
# art:381bcee832ab BOUND fp8-ada stmts=25 vus=4096 y_bad=0 ops=0/0 
# art:9fdb64e0bd00 BOUND fp8-ada stmts=25 vus=4096 y_bad=0 ops=0/0 
# art:abb219fadaa5 BOUND fp8-ada stmts=25 vus=4096 y_bad=0 ops=0/0 
binding rc=0
=== [07:54:16] core roots + R1/R2
# art:794365d36195 ROOTS-MATCH bf16-ampere stmts=25 vus=4096 roots a=6648464d b=749c2023 y=9fff0fdc 
# art:271e0e3a0d28 ROOTS-MATCH bf16-hopper stmts=25 vus=4096 roots a=ce346697 b=c7f14384 y=3f3fd633 
# art:5387c1b55de3 ROOTS-MATCH fp8-hopper stmts=13 vus=4096 roots a=57ac9df1 b=170d0a18 y=22fa3c6e 
# art:1abdf12a7448 ROOTS-MATCH fp8-ada stmts=25 vus=4096 roots a=c8c8746a b=886cef1f y=49023558 
multiprocessing.pool.RemoteTraceback: 
"""
Traceback (most recent call last):
  File "/root/.local/share/uv/python/cpython-3.12.14-linux-x86_64-gnu/lib/python3.12/multiprocessing/pool.py", line 125, in worker
    result = (True, func(*args, **kwds))
                    ^^^^^^^^^^^^^^^^^^^
  File "/root/.local/share/uv/python/cpython-3.12.14-linux-x86_64-gnu/lib/python3.12/multiprocessing/pool.py", line 48, in mapstar
    return list(map(*args))
           ^^^^^^^^^^^^^^^^
  File "/workspace/research/runs/r20260925-074901-8cce/inputs/06-core-roots.py", line 55, in _row_leaf
    return row_leaf_value(p2.hash_row(words, word_bits, role))
                          ^^^^^^^^^^^^^^^^^^^^^^^^^^^^^^^^^^^
  File "/workspace/src/packages/verity/src/verity/commitments/poseidon2_babybear.py", line 193, in hash_row
    el = pack_words(words, word_bits)
         ^^^^^^^^^^^^^^^^^^^^^^^^^^^^
  File "/workspace/src/packages/verity/src/verity/commitments/poseidon2_babybear.py", line 187, in pack_words
    raise ValueError("word out of range")
ValueError: word out of range
"""
The above exception was the direct cause of the following exception:
Traceback (most recent call last):
  File "/workspace/research/runs/r20260925-074901-8cce/inputs/06-core-roots.py", line 177, in main
    r = check(st, a)
        ^^^^^^^^^^^^
  File "/workspace/research/runs/r20260925-074901-8cce/inputs/06-core-roots.py", line 121, in check
    info, core = core_trees(str(rel_name))
                 ^^^^^^^^^^^^^^^^^^^^^^^^^
  File "/workspace/research/runs/r20260925-074901-8cce/inputs/06-core-roots.py", line 100, in core_trees
    values = pool.map(_row_leaf, [(kind, r, word_bits, role) for r in rows], chunksize=16)
             ^^^^^^^^^^^^^^^^^^^^^^^^^^^^^^^^^^^^^^^^^^^^^^^^^^^^^^^^^^^^^^^^^^^^^^^^^^^^^
  File "/root/.local/share/uv/python/cpython-3.12.14-linux-x86_64-gnu/lib/python3.12/multiprocessing/pool.py", line 367, in map
    return self._map_async(func, iterable, mapstar, chunksize).get()
           ^^^^^^^^^^^^^^^^^^^^^^^^^^^^^^^^^^^^^^^^^^^^^^^^^^^^^^^^^
  File "/root/.local/share/uv/python/cpython-3.12.14-linux-x86_64-gnu/lib/python3.12/multiprocessing/pool.py", line 774, in get
    raise self._value
ValueError: word out of range
# art:99867b4c346f ERROR None stmts=None vus=None roots a= b= y= ValueError: word out of range
# art:71a37756c843 ROOTS-MATCH fp8-ada stmts=25 vus=4096 roots a=c8c8746a b=886cef1f y=49023558 
# art:4be5c412b945 ROOTS-MATCH fp8-ada stmts=25 vus=4096 roots a=c8c8746a b=886cef1f y=49023558 
# art:381bcee832ab ROOTS-MATCH fp8-ada stmts=25 vus=4096 roots a=c8c8746a b=886cef1f y=49023558 
# art:9fdb64e0bd00 ROOTS-MATCH fp8-ada stmts=25 vus=4096 roots a=c8c8746a b=886cef1f y=49023558 
# art:abb219fadaa5 ROOTS-MATCH fp8-ada stmts=25 vus=4096 roots a=c8c8746a b=886cef1f y=49023558 
core-roots rc=1
=== [07:55:34] per-result verdicts (LABEL=1)
PASS art:794365d3 bf16-ampere+hash: reverify PASS (25/25, 2^-128.05, custody {'files': 76, 'mismatched': 0, 'missing': 0}); binding BOUND (y_bad 0); R1/R2 ROOTS-MATCH (roots a 6648464d b 749c2023 y 9fff0fdc; 25 stmts, reps [1], 4096 VUs; )
  label: 0 rity-dev @ https://1d4dfa0a7dc0639e19f5d0125f14a634.r2.cloudflarestorage.com: 5 pushed, 0 pulled, 20 already on both
art:794365d36195f9b825ffbf2dbb0cc4ac4ee95fe358858622a9335d4670a75501: verified=accepted by verify-night-2, verdict art:488f12f09dadcd1777a567ae2dd7931f1960953b5535b3488df5a48a33b55251 
PASS art:271e0e3a bf16-hopper+hash: reverify PASS (25/25, 2^-128.05, custody {'files': 76, 'mismatched': 0, 'missing': 0}); binding BOUND (y_bad 0); R1/R2 ROOTS-MATCH (roots a ce346697 b c7f14384 y 3f3fd633; 25 stmts, reps [1], 4096 VUs; )
  label: 0 rity-dev @ https://1d4dfa0a7dc0639e19f5d0125f14a634.r2.cloudflarestorage.com: 5 pushed, 0 pulled, 25 already on both
art:271e0e3a0d28d2c8f9dc6cc95ea8efe9baecff9060a24a0a7f7b3bca7d08a6fa: verified=accepted by verify-night-2, verdict art:1de269561b9e1e4c0e6ba965c976f664918991b476b2ce41686e9935e9e6207c 
PASS art:5387c1b5 fp8-hopper+hash: reverify PASS (13/13, 2^-128.32, custody {'files': 40, 'mismatched': 0, 'missing': 0}); binding BOUND (y_bad 0); R1/R2 ROOTS-MATCH (roots a 57ac9df1 b 170d0a18 y 22fa3c6e; 13 stmts, reps [1], 4096 VUs; )
  label: 0 rity-dev @ https://1d4dfa0a7dc0639e19f5d0125f14a634.r2.cloudflarestorage.com: 5 pushed, 0 pulled, 30 already on both
art:5387c1b55de3abcf93e78b2e03e0aea9444e7266171aea6baed6cd5c0ebd9738: verified=accepted by verify-night-2, verdict art:6844cc116de39603361ce02758b991acb72d07743fddc5aade1f965c46ca9ebf 
PASS art:1abdf12a fp8-ada+hash: reverify PASS (25/25, 2^-128.50, custody {'files': 76, 'mismatched': 0, 'missing': 0}); binding BOUND (y_bad 0); R1/R2 ROOTS-MATCH (roots a c8c8746a b 886cef1f y 49023558; 25 stmts, reps [1], 4096 VUs; )
  label: 0 rity-dev @ https://1d4dfa0a7dc0639e19f5d0125f14a634.r2.cloudflarestorage.com: 5 pushed, 0 pulled, 35 already on both
art:1abdf12a7448735757995c9b4860186ef5cab829546ef2e96d7877335f4b1fcc: verified=accepted by verify-night-2, verdict art:edb24a4506d95e75e8b976abd580288bf900bdd175058ccfe588c787de6ee568 
FAIL art:99867b4c fp4-nvf4+hash: reverify PASS (13/13, 2^-128.11, custody {'files': 40, 'mismatched': 0, 'missing': 0}); binding BOUND (y_bad 0); R1/R2 ERROR (roots a  b  y ; None stmts, reps None, None VUs; )
PASS art:71a37756 fp8-ada+hash: reverify PASS (25/25, 2^-128.50, custody {'files': 76, 'mismatched': 0, 'missing': 0}); binding BOUND (y_bad 0); R1/R2 ROOTS-MATCH (roots a c8c8746a b 886cef1f y 49023558; 25 stmts, reps [1], 4096 VUs; )
  label: 0 rity-dev @ https://1d4dfa0a7dc0639e19f5d0125f14a634.r2.cloudflarestorage.com: 5 pushed, 0 pulled, 40 already on both
art:71a37756c84368ef3dd82deb7164c3703a773d24162ffea419f932c17010d6ea: verified=accepted by verify-night-2, verdict art:9909ec89037b088af8537aef2bf050b0a42636431bb1b83906dbc1fa4f80fc03 
PASS art:4be5c412 fp8-ada+hash: reverify PASS (25/25, 2^-128.50, custody {'files': 76, 'mismatched': 0, 'missing': 0}); binding BOUND (y_bad 0); R1/R2 ROOTS-MATCH (roots a c8c8746a b 886cef1f y 49023558; 25 stmts, reps [1], 4096 VUs; )
  label: 0 rity-dev @ https://1d4dfa0a7dc0639e19f5d0125f14a634.r2.cloudflarestorage.com: 5 pushed, 0 pulled, 45 already on both
art:4be5c412b945f8e17f6097154c52d094b2f4c8f061319af60fa258aa7e49c9c4: verified=accepted by verify-night-2, verdict art:4c7497f27d5906cfdd427a56806dea5a94fca719f891576e59410184359e483d 
PASS art:381bcee8 fp8-ada+hash: reverify PASS (25/25, 2^-128.50, custody {'files': 76, 'mismatched': 0, 'missing': 0}); binding BOUND (y_bad 0); R1/R2 ROOTS-MATCH (roots a c8c8746a b 886cef1f y 49023558; 25 stmts, reps [1], 4096 VUs; )
  label: 0 rity-dev @ https://1d4dfa0a7dc0639e19f5d0125f14a634.r2.cloudflarestorage.com: 5 pushed, 0 pulled, 50 already on both
art:381bcee832abc241b3e2cffe2d14efe2a3cd8f3aab8e9e9e1cb275f272e7d187: verified=accepted by verify-night-2, verdict art:eea752f6d1ce2ca5d5ea428c4d2b1bc8b78fadcf3df6f2a85e7f2f7674f341b2 
PASS art:9fdb64e0 fp8-ada+hash: reverify PASS (25/25, 2^-128.50, custody {'files': 76, 'mismatched': 0, 'missing': 0}); binding BOUND (y_bad 0); R1/R2 ROOTS-MATCH (roots a c8c8746a b 886cef1f y 49023558; 25 stmts, reps [1], 4096 VUs; )
  label: 0 rity-dev @ https://1d4dfa0a7dc0639e19f5d0125f14a634.r2.cloudflarestorage.com: 5 pushed, 0 pulled, 55 already on both
art:9fdb64e0bd0015aacb098074a87d0dbbbf3bf06642cd772668fd120a4c2c423c: verified=accepted by verify-night-2, verdict art:0249a5386f06a0f69ae0e0bd09beb627ba420b3b446dedf2dd48c2ab5812e5e2 
PASS art:abb219fa fp8-ada+hash: reverify PASS (25/25, 2^-128.50, custody {'files': 76, 'mismatched': 0, 'missing': 0}); binding BOUND (y_bad 0); R1/R2 ROOTS-MATCH (roots a c8c8746a b 886cef1f y 49023558; 25 stmts, reps [1], 4096 VUs; )
  label: 0 rity-dev @ https://1d4dfa0a7dc0639e19f5d0125f14a634.r2.cloudflarestorage.com: 5 pushed, 0 pulled, 60 already on both
art:abb219fadaa5b293718e815088c7e64151ddd50b21b78e4dda9dd1afac8fba24: verified=accepted by verify-night-2, verdict art:8460a8ddfd423a803fe30e84a3fe30ef2c1ab03d7a49faa12f7f08faadd76ec2 
=== [07:57:29] done
