=== pytest backends/direct/ligero
...........s................................                             [100%]
43 passed, 1 skipped, 2 deselected in 116.08s (0:01:56)
pytest rc=0 wall=117s
=== gate bf16-ampere: gate-vu --root /workspace/bench-instances/v1 --vus 64 --device cuda
chain system: {'rows': 3516, 'by_kind': {'hint': 103, 'bit': 2534, 'prod': 173, 'pin': 96, 'sel': 610}, 'linear': 347, 'quadratic': 3387, 'pins': 96, 'hints': 103} compiled in 0.31s; device cuda
vu-k1536 [0, 42): l=4096 prover 23.35s -> True accept (0.024s)
vu-k1536 [42, 64): l=4096 prover 0.03s -> True accept (0.019s)
negatives: 52/52 rejected
mutations: 252/252 rejected (one per gadget scope x row class + 3 chain-specific, l=256)
gate bf16-ampere rc=0 wall=38s
=== gate bf16-hopper: --relation bf16-hopper gate-vu --vus 64 --device cuda --instances-cache /workspace/instances-cache
  negative row prod[3].prod[3].z (hint) +2 in column 14: REJECTED linear constraints failed
  negative row prod[3].prod15 (prod) +1 in column 3: REJECTED linear constraints failed
  negative row prod[3].prod16 (prod) +1 in column 179: REJECTED linear constraints failed
  negative row prod[3].prod[3].z1.b0 (bit) +1 in column 59: REJECTED linear constraints failed
  negative row prod[3].prod17 (prod) +1 in column 148: REJECTED quadratic constraints failed
bf16-hopper gate: 2 honest sub-batches, 87 negatives, 0 failures
gate bf16-hopper rc=0 wall=12s
=== gate bf16-hopper-zk: --relation bf16-hopper gate-vu --vus 64 --device cuda --zk --instances-cache /workspace/instances-cache
  negative row prod[3].prod[3].z (hint) +2 in column 14: REJECTED linear constraints failed (public values)
  negative row prod[3].prod15 (prod) +1 in column 3: REJECTED linear constraints failed (public values)
  negative row prod[3].prod16 (prod) +1 in column 179: REJECTED linear constraints failed (public values)
  negative row prod[3].prod[3].z1.b0 (bit) +1 in column 59: REJECTED linear constraints failed (public values)
  negative row prod[3].prod17 (prod) +1 in column 148: REJECTED quadratic constraints failed
bf16-hopper gate: 2 honest sub-batches, 87 negatives, 0 failures
gate bf16-hopper-zk rc=0 wall=14s
=== gate fp8-hopper: --relation fp8-hopper gate-vu --vus 64 --device cuda --instances-cache /workspace/instances-cache
  negative row x.b[17].s (pin) +2 in column 7: REJECTED linear constraints failed
  negative row x.b[18].s (pin) +1 in column 1: REJECTED linear constraints failed
  negative row x.b[19].s (pin) +1 in column 89: REJECTED linear constraints failed
  negative row x.b[20].s (pin) +1 in column 29: REJECTED linear constraints failed
  negative row x.b[21].s (pin) +1 in column 74: REJECTED linear constraints failed
fp8-hopper gate: 1 honest sub-batches, 92 negatives, 0 failures
gate fp8-hopper rc=0 wall=7s
=== gate fp8-ada: --relation fp8-ada gate-vu --vus 64 --device cuda --instances-cache /workspace/instances-cache
  negative row x.b[17].s (pin) +2 in column 7: REJECTED linear constraints failed
  negative row x.b[18].s (pin) +1 in column 1: REJECTED linear constraints failed
  negative row x.b[19].s (pin) +1 in column 89: REJECTED linear constraints failed
  negative row x.b[20].s (pin) +1 in column 29: REJECTED linear constraints failed
  negative row x.b[21].s (pin) +1 in column 74: REJECTED linear constraints failed
fp8-ada gate: 1 honest sub-batches, 92 negatives, 0 failures
gate fp8-ada rc=0 wall=43s
=== gate bf16-hopper-legacy: --relation bf16-hopper gate-vu --vus 64 --device cuda --impl legacy --instances-cache /workspace/instances-cache
  negative row prod[3].prod[3].z (hint) +2 in column 14: REJECTED linear constraints failed
  negative row prod[3].prod15 (prod) +1 in column 3: REJECTED linear constraints failed
  negative row prod[3].prod16 (prod) +1 in column 179: REJECTED linear constraints failed
  negative row prod[3].prod[3].z1.b0 (bit) +1 in column 59: REJECTED linear constraints failed
  negative row prod[3].prod17 (prod) +1 in column 148: REJECTED quadratic constraints failed
bf16-hopper gate: 2 honest sub-batches, 87 negatives, 0 failures
gate bf16-hopper-legacy rc=0 wall=13s
GATES_DONE
