=== [08:59:35] verify (host sha256 04bf38221b36dc99)
{"backend":"sp1 tc-dot","elf_sha256":"e17c880266bccbd426e6fd54fc71fabaa3dd81d7d336c6187fdc9dea31c1c620","fork_head":"6096d886e433ca854504ac0c97abf19ed17a7997","formats":["bf16-ampere"],"guest_features":["relation-bare"],"label":"modified SP1 (TC_DOT chip)","operands":"stream","public_values_len":33,"sp1_version":"6.4.0","statement":"relation-bare/v2","vk_hash":"0x00896ef46d917e41bd6f29ef3f4504676f1bccffe2c10936a150113a9ca49384"}
--- proof-rep0.bin
{"backend":"sp1 tc-dot","elf_sha256":"e17c880266bccbd426e6fd54fc71fabaa3dd81d7d336c6187fdc9dea31c1c620","error":null,"fork_head":"6096d886e433ca854504ac0c97abf19ed17a7997","label":"modified SP1 (TC_DOT chip)","load_seconds":0.022056985,"ok":true,"operands":"stream","public_values":"5e0dd245187bab03bf06c5105545342c7a3ec422069f1464614b5a49e14286bb01","setup_seconds":2.806311971,"shards":8,"statement_match":true,"unsound":false,"verdict":true,"verify_seconds":0.552972116,"vk_hash":"0x00896ef46d917e41bd6f29ef3f4504676f1bccffe2c10936a150113a9ca49384"}
rc=0 wall=37s
--- proof-rep1.bin
{"backend":"sp1 tc-dot","elf_sha256":"e17c880266bccbd426e6fd54fc71fabaa3dd81d7d336c6187fdc9dea31c1c620","error":null,"fork_head":"6096d886e433ca854504ac0c97abf19ed17a7997","label":"modified SP1 (TC_DOT chip)","load_seconds":0.022154943,"ok":true,"operands":"stream","public_values":"5e0dd245187bab03bf06c5105545342c7a3ec422069f1464614b5a49e14286bb01","setup_seconds":2.875036337,"shards":8,"statement_match":true,"unsound":false,"verdict":true,"verify_seconds":0.560882161,"vk_hash":"0x00896ef46d917e41bd6f29ef3f4504676f1bccffe2c10936a150113a9ca49384"}
rc=0 wall=38s
--- proof-rep2.bin
{"backend":"sp1 tc-dot","elf_sha256":"e17c880266bccbd426e6fd54fc71fabaa3dd81d7d336c6187fdc9dea31c1c620","error":null,"fork_head":"6096d886e433ca854504ac0c97abf19ed17a7997","label":"modified SP1 (TC_DOT chip)","load_seconds":0.023521139,"ok":true,"operands":"stream","public_values":"5e0dd245187bab03bf06c5105545342c7a3ec422069f1464614b5a49e14286bb01","setup_seconds":2.866524511,"shards":8,"statement_match":true,"unsound":false,"verdict":true,"verify_seconds":0.61421872,"vk_hash":"0x00896ef46d917e41bd6f29ef3f4504676f1bccffe2c10936a150113a9ca49384"}
rc=0 wall=38s
--- negatives on rep0: (a) last y byte flipped in the statement, (b) one proof byte flipped (middle)
{"backend":"sp1 tc-dot","elf_sha256":"e17c880266bccbd426e6fd54fc71fabaa3dd81d7d336c6187fdc9dea31c1c620","error":null,"fork_head":"6096d886e433ca854504ac0c97abf19ed17a7997","label":"modified SP1 (TC_DOT chip)","load_seconds":0.022422588,"ok":true,"operands":"stream","public_values":"5e0dd245187bab03bf06c5105545342c7a3ec422069f1464614b5a49e14286bb01","setup_seconds":2.936309773,"shards":8,"statement_match":false,"unsound":false,"verdict":true,"verify_seconds":0.572965479,"vk_hash":"0x00896ef46d917e41bd6f29ef3f4504676f1bccffe2c10936a150113a9ca49384"}
rc=1
flipped byte 5720923 of 11441847
{"backend":"sp1 tc-dot","elf_sha256":"e17c880266bccbd426e6fd54fc71fabaa3dd81d7d336c6187fdc9dea31c1c620","error":"Core machine verification error: invalid shard proof: GKR verification failed: inconsistent evaluation at round 10","fork_head":"6096d886e433ca854504ac0c97abf19ed17a7997","label":"modified SP1 (TC_DOT chip)","load_seconds":0.022664584,"ok":false,"operands":"stream","public_values":"5e0dd245187bab03bf06c5105545342c7a3ec422069f1464614b5a49e14286bb01","setup_seconds":2.958939463,"shards":8,"statement_match":true,"unsound":false,"verdict":true,"verify_seconds":0.279758137,"vk_hash":"0x00896ef46d917e41bd6f29ef3f4504676f1bccffe2c10936a150113a9ca49384"}
Error: proof rejected
rc=1
=== [09:03:21] done
=== [09:03:59] memory-arm host (d14b4c62, sha256 7859616dcbdd6bdf) on rep0
{"backend":"sp1 tc-dot","elf_sha256":"0df8b7cdb91042b02123860ce16e62f2267f7a6b61045f731972824b1ab3d309","error":"Core machine verification error: invalid public values: pc_start != vk.pc_start: program counter should start at vk.pc_start","fork_head":"d14b4c6277536abd4121271eecd33e75bec83ff5","label":"modified SP1 (TC_DOT chip)","load_seconds":0.021504379,"ok":false,"public_values":"5e0dd245187bab03bf06c5105545342c7a3ec422069f1464614b5a49e14286bb01","setup_seconds":2.790175522,"shards":8,"statement_match":true,"unsound":false,"verdict":true,"verify_seconds":0.001433418,"vk_hash":"0x00b4876f45189377e70f6173d5df8488f486161299c7088ab83fa02ca73eb0b4"}
Error: proof rejected
rc=1
