OMP_NUM_THREADS=12 cpu.max=1275000 100000 nproc=12
=== tree ? at /workspace/research/src/063c60716d99e21f083efc8c096bd9a8da0df4cc
=== pytest backends/direct/ligero
...........s...........................................................  [100%]
============================= slowest 15 durations =============================
55.33s call     backends/direct/ligero/witness_device_test.py::test_fused_witness_equals_torch_program[fp8-hopper]
31.47s call     backends/direct/ligero/witness_device_test.py::test_fused_witness_equals_torch_program[bf16-hopper]
5.86s call     backends/direct/ligero/relations_test.py::test_negative_battery_rejected[fp8-hopper]
5.48s call     backends/direct/ligero/fp8/relation_test.py::test_row_mutations_rejected
5.17s call     backends/direct/ligero/relations_test.py::test_negative_battery_rejected[bf16-hopper]
4.69s call     backends/direct/ligero/relations_test.py::test_row_mutations_rejected[fp8-hopper]
4.41s call     backends/direct/ligero/fp4/relation_test.py::test_chain_two_vus_cpu
3.62s call     backends/direct/ligero/fp8/relation_test.py::test_chain_two_vus_cpu[True-fiat-shamir]
3.44s call     backends/direct/ligero/fp8/relation_test.py::test_52_wrong_claims_rejected
2.13s call     backends/direct/ligero/relations_test.py::test_row_mutations_rejected[bf16-hopper]
1.84s call     backends/direct/ligero/fp8/relation_test.py::test_dump_round_trip_v4_cpu[True-fiat-shamir]
1.67s call     backends/direct/ligero/relations_test.py::test_statement_files_round_trip_and_verify[fp8-hopper]
1.62s call     backends/direct/ligero/fp8/relation_test.py::test_chain_two_vus_cpu[False-interactive]
1.14s call     backends/direct/ligero/relations_test.py::test_chain_two_vus_cpu[True-fiat-shamir-bf16-hopper]
1.14s call     backends/direct/ligero/relations_test.py::test_chain_two_vus_cpu[True-fiat-shamir-fp8-hopper]
70 passed, 1 skipped, 2 deselected in 143.03s (0:02:23)
pytest rc=0 wall=145s
=== gate fp4-nvf4-device: --relation fp4-nvf4 gate-vu --vus 256 --batch 1024 --device cuda --row-negatives 60 --unit-negatives 48 --fp4-hints device --out /workspace/research/runs/r20260923-065143-664b/gate_fp4_device.json
fp4 vu-k1536 [210, 252): l=1024 prover 0.02s -> True accept (0.020s)
fp4 vu-k1536 [252, 256): l=256 prover 0.16s -> True accept (0.018s)
wrong-rule variants that reach the model's final word on every synthetic VU (no chain-level negative; the unit tier exercises them): ['frac26', 'frac28', 'window37', 'nearest-align', 'negzero', 'participate-zero-scale']
negatives: 114/114 rejected (l=256)
unit negatives (wrong-rule witnesses, own claim): 3015/3015 rejected over 1008 units x 14 variants
vu-k1536 256/256 ok; vu-k1536-neg 114/114 ok; tu-k64-neg 3015/3015 ok
gate fp4-nvf4-device rc=0 wall=27s
=== gate fp4-nvf4-device-zk: --relation fp4-nvf4 gate-vu --vus 64 --batch 1024 --device cuda --zk --fp4-hints device
fp4 vu-k1536 [0, 42): l=1024 prover 3.31s -> True accept (0.022s)
fp4 vu-k1536 [42, 64): l=1024 prover 0.03s -> True accept (0.021s)
wrong-rule variants that reach the model's final word on every synthetic VU (no chain-level negative; the unit tier exercises them): ['frac26', 'frac28', 'window37', 'nearest-align', 'negzero', 'participate-zero-scale']
negatives: 114/114 rejected (l=256)
unit negatives (wrong-rule witnesses, own claim): 3015/3015 rejected over 1008 units x 14 variants
vu-k1536 64/64 ok; vu-k1536-neg 114/114 ok; tu-k64-neg 3015/3015 ok
gate fp4-nvf4-device-zk rc=0 wall=16s
=== gate fp4-nvf4-numpy: --relation fp4-nvf4 gate-vu --vus 64 --batch 1024 --device cuda --fp4-hints numpy
fp4 vu-k1536 [0, 42): l=1024 prover 3.53s -> True accept (0.036s)
fp4 vu-k1536 [42, 64): l=1024 prover 0.02s -> True accept (0.021s)
wrong-rule variants that reach the model's final word on every synthetic VU (no chain-level negative; the unit tier exercises them): ['frac26', 'frac28', 'window37', 'nearest-align', 'negzero', 'participate-zero-scale']
negatives: 114/114 rejected (l=256)
unit negatives (wrong-rule witnesses, own claim): 3015/3015 rejected over 1008 units x 14 variants
vu-k1536 64/64 ok; vu-k1536-neg 114/114 ok; tu-k64-neg 3015/3015 ok
gate fp4-nvf4-numpy rc=0 wall=16s
=== gate bf16-ampere: gate-vu --root /workspace/bench-instances/v1 --vus 64 --device cuda
chain system: {'rows': 3516, 'by_kind': {'hint': 103, 'bit': 2534, 'prod': 173, 'pin': 96, 'sel': 610}, 'linear': 347, 'quadratic': 3387, 'pins': 96, 'hints': 103} compiled in 0.48s; device cuda
vu-k1536 [0, 42): l=4096 prover 37.46s -> True accept (0.028s)
vu-k1536 [42, 64): l=4096 prover 0.03s -> True accept (0.021s)
negatives: 52/52 rejected
mutations: 252/252 rejected (one per gadget scope x row class + 3 chain-specific, l=256)
gate bf16-ampere rc=0 wall=59s
=== gate bf16-hopper: --relation bf16-hopper gate-vu --vus 64 --device cuda --instances-cache /workspace/instances-cache
  negative row prod[3].prod[3].z (hint) +2 in column 14: REJECTED linear constraints failed
  negative row prod[3].prod15 (prod) +1 in column 3: REJECTED linear constraints failed
  negative row prod[3].prod16 (prod) +1 in column 179: REJECTED linear constraints failed
  negative row prod[3].prod[3].z1.b0 (bit) +1 in column 59: REJECTED linear constraints failed
  negative row prod[3].prod17 (prod) +1 in column 148: REJECTED quadratic constraints failed
bf16-hopper gate: 2 honest sub-batches, 87 negatives, 0 failures
gate bf16-hopper rc=0 wall=16s
=== gate bf16-hopper-zk: --relation bf16-hopper gate-vu --vus 64 --device cuda --zk --instances-cache /workspace/instances-cache
  negative row prod[3].prod[3].z (hint) +2 in column 14: REJECTED linear constraints failed (public values)
  negative row prod[3].prod15 (prod) +1 in column 3: REJECTED linear constraints failed (public values)
  negative row prod[3].prod16 (prod) +1 in column 179: REJECTED linear constraints failed (public values)
  negative row prod[3].prod[3].z1.b0 (bit) +1 in column 59: REJECTED linear constraints failed (public values)
  negative row prod[3].prod17 (prod) +1 in column 148: REJECTED quadratic constraints failed
bf16-hopper gate: 2 honest sub-batches, 87 negatives, 0 failures
gate bf16-hopper-zk rc=0 wall=16s
=== gate fp8-hopper: --relation fp8-hopper gate-vu --vus 64 --device cuda --instances-cache /workspace/instances-cache
  negative row x.b[17].s (pin) +2 in column 7: REJECTED linear constraints failed
  negative row x.b[18].s (pin) +1 in column 1: REJECTED linear constraints failed
  negative row x.b[19].s (pin) +1 in column 89: REJECTED linear constraints failed
  negative row x.b[20].s (pin) +1 in column 29: REJECTED linear constraints failed
  negative row x.b[21].s (pin) +1 in column 74: REJECTED linear constraints failed
fp8-hopper gate: 1 honest sub-batches, 92 negatives, 0 failures
gate fp8-hopper rc=0 wall=9s
=== gate fp8-ada: --relation fp8-ada gate-vu --vus 64 --device cuda --instances-cache /workspace/instances-cache
  negative row x.b[17].s (pin) +2 in column 7: REJECTED linear constraints failed
  negative row x.b[18].s (pin) +1 in column 1: REJECTED linear constraints failed
  negative row x.b[19].s (pin) +1 in column 89: REJECTED linear constraints failed
  negative row x.b[20].s (pin) +1 in column 29: REJECTED linear constraints failed
  negative row x.b[21].s (pin) +1 in column 74: REJECTED linear constraints failed
fp8-ada gate: 1 honest sub-batches, 92 negatives, 0 failures
gate fp8-ada rc=0 wall=61s
=== gate bf16-hopper-legacy: --relation bf16-hopper gate-vu --vus 64 --device cuda --impl legacy --instances-cache /workspace/instances-cache
  negative row prod[3].prod[3].z (hint) +2 in column 14: REJECTED linear constraints failed
  negative row prod[3].prod15 (prod) +1 in column 3: REJECTED linear constraints failed
  negative row prod[3].prod16 (prod) +1 in column 179: REJECTED linear constraints failed
  negative row prod[3].prod[3].z1.b0 (bit) +1 in column 59: REJECTED linear constraints failed
  negative row prod[3].prod17 (prod) +1 in column 148: REJECTED quadratic constraints failed
bf16-hopper gate: 2 honest sub-batches, 87 negatives, 0 failures
gate bf16-hopper-legacy rc=0 wall=19s
GATES_DONE
